Archive member included because of file (symbol)

d:/atmel studio 7/7.0/toolchain/arm/arm-gnu-toolchain/bin/../lib/gcc/arm-none-eabi/4.9.3/armv6-m\libgcc.a(_udivsi3.o)
                              src/ASF/sam0/drivers/nvm/nvm.o (__aeabi_uidiv)
d:/atmel studio 7/7.0/toolchain/arm/arm-gnu-toolchain/bin/../lib/gcc/arm-none-eabi/4.9.3/armv6-m\libgcc.a(_dvmd_tls.o)
                              d:/atmel studio 7/7.0/toolchain/arm/arm-gnu-toolchain/bin/../lib/gcc/arm-none-eabi/4.9.3/armv6-m\libgcc.a(_udivsi3.o) (__aeabi_idiv0)
d:/atmel studio 7/7.0/toolchain/arm/arm-gnu-toolchain/bin/../lib/gcc/arm-none-eabi/4.9.3/armv6-m\libgcc.a(_muldi3.o)
                              src/ASF/sam0/drivers/sercom/sercom.o (__aeabi_lmul)
d:/atmel studio 7/7.0/toolchain/arm/arm-gnu-toolchain/bin/../lib/gcc/arm-none-eabi/4.9.3/../../../../arm-none-eabi/lib/armv6-m\libc_nano.a(lib_a-exit.o)
                              d:/atmel studio 7/7.0/toolchain/arm/arm-gnu-toolchain/bin/../lib/gcc/arm-none-eabi/4.9.3/../../../../arm-none-eabi/lib/armv6-m/crt0.o (exit)
d:/atmel studio 7/7.0/toolchain/arm/arm-gnu-toolchain/bin/../lib/gcc/arm-none-eabi/4.9.3/../../../../arm-none-eabi/lib/armv6-m\libc_nano.a(lib_a-impure.o)
                              d:/atmel studio 7/7.0/toolchain/arm/arm-gnu-toolchain/bin/../lib/gcc/arm-none-eabi/4.9.3/../../../../arm-none-eabi/lib/armv6-m\libc_nano.a(lib_a-exit.o) (_global_impure_ptr)
d:/atmel studio 7/7.0/toolchain/arm/arm-gnu-toolchain/bin/../lib/gcc/arm-none-eabi/4.9.3/../../../../arm-none-eabi/lib/armv6-m\libc_nano.a(lib_a-init.o)
                              d:/atmel studio 7/7.0/toolchain/arm/arm-gnu-toolchain/bin/../lib/gcc/arm-none-eabi/4.9.3/../../../../arm-none-eabi/lib/armv6-m/crt0.o (__libc_init_array)
d:/atmel studio 7/7.0/toolchain/arm/arm-gnu-toolchain/bin/../lib/gcc/arm-none-eabi/4.9.3/../../../../arm-none-eabi/lib/armv6-m\libc_nano.a(lib_a-memcpy.o)
                              src/ASF/sam0/drivers/can/can.o (memcpy)
d:/atmel studio 7/7.0/toolchain/arm/arm-gnu-toolchain/bin/../lib/gcc/arm-none-eabi/4.9.3/../../../../arm-none-eabi/lib/armv6-m\libc_nano.a(lib_a-memset.o)
                              d:/atmel studio 7/7.0/toolchain/arm/arm-gnu-toolchain/bin/../lib/gcc/arm-none-eabi/4.9.3/../../../../arm-none-eabi/lib/armv6-m/crt0.o (memset)
d:/atmel studio 7/7.0/toolchain/arm/arm-gnu-toolchain/bin/../lib/gcc/arm-none-eabi/4.9.3/../../../../arm-none-eabi/lib/armv6-m\libc_nano.a(lib_a-printf.o)
                              src/ASF/sam0/drivers/tsens/tsens.o (printf)
d:/atmel studio 7/7.0/toolchain/arm/arm-gnu-toolchain/bin/../lib/gcc/arm-none-eabi/4.9.3/../../../../arm-none-eabi/lib/armv6-m\libc_nano.a(lib_a-puts.o)
                              src/main.o (puts)
d:/atmel studio 7/7.0/toolchain/arm/arm-gnu-toolchain/bin/../lib/gcc/arm-none-eabi/4.9.3/../../../../arm-none-eabi/lib/armv6-m\libc_nano.a(lib_a-scanf.o)
                              src/main.o (scanf)
d:/atmel studio 7/7.0/toolchain/arm/arm-gnu-toolchain/bin/../lib/gcc/arm-none-eabi/4.9.3/../../../../arm-none-eabi/lib/armv6-m\libc_nano.a(lib_a-setbuf.o)
                              src/main.o (setbuf)
d:/atmel studio 7/7.0/toolchain/arm/arm-gnu-toolchain/bin/../lib/gcc/arm-none-eabi/4.9.3/../../../../arm-none-eabi/lib/armv6-m\libc_nano.a(lib_a-setvbuf.o)
                              d:/atmel studio 7/7.0/toolchain/arm/arm-gnu-toolchain/bin/../lib/gcc/arm-none-eabi/4.9.3/../../../../arm-none-eabi/lib/armv6-m\libc_nano.a(lib_a-setbuf.o) (setvbuf)
d:/atmel studio 7/7.0/toolchain/arm/arm-gnu-toolchain/bin/../lib/gcc/arm-none-eabi/4.9.3/../../../../arm-none-eabi/lib/armv6-m\libc_nano.a(lib_a-wbuf.o)
                              d:/atmel studio 7/7.0/toolchain/arm/arm-gnu-toolchain/bin/../lib/gcc/arm-none-eabi/4.9.3/../../../../arm-none-eabi/lib/armv6-m\libc_nano.a(lib_a-puts.o) (__swbuf_r)
d:/atmel studio 7/7.0/toolchain/arm/arm-gnu-toolchain/bin/../lib/gcc/arm-none-eabi/4.9.3/../../../../arm-none-eabi/lib/armv6-m\libc_nano.a(lib_a-wsetup.o)
                              d:/atmel studio 7/7.0/toolchain/arm/arm-gnu-toolchain/bin/../lib/gcc/arm-none-eabi/4.9.3/../../../../arm-none-eabi/lib/armv6-m\libc_nano.a(lib_a-puts.o) (__swsetup_r)
d:/atmel studio 7/7.0/toolchain/arm/arm-gnu-toolchain/bin/../lib/gcc/arm-none-eabi/4.9.3/../../../../arm-none-eabi/lib/armv6-m\libc_nano.a(lib_a-fflush.o)
                              d:/atmel studio 7/7.0/toolchain/arm/arm-gnu-toolchain/bin/../lib/gcc/arm-none-eabi/4.9.3/../../../../arm-none-eabi/lib/armv6-m\libc_nano.a(lib_a-setvbuf.o) (_fflush_r)
d:/atmel studio 7/7.0/toolchain/arm/arm-gnu-toolchain/bin/../lib/gcc/arm-none-eabi/4.9.3/../../../../arm-none-eabi/lib/armv6-m\libc_nano.a(lib_a-findfp.o)
                              d:/atmel studio 7/7.0/toolchain/arm/arm-gnu-toolchain/bin/../lib/gcc/arm-none-eabi/4.9.3/../../../../arm-none-eabi/lib/armv6-m\libc_nano.a(lib_a-setvbuf.o) (_cleanup_r)
[...]
Memory Configuration

Name             Origin             Length             Attributes
rom              0x00000000         0x00040000         xr
ram              0x20000000         0x00008000         xrw
*default*        0x00000000         0xffffffff

Linker script and memory map

LOAD d:/atmel studio 7/7.0/toolchain/arm/arm-gnu-toolchain/bin/../lib/gcc/arm-none-eabi/4.9.3/armv6-m/crti.o
LOAD d:/atmel studio 7/7.0/toolchain/arm/arm-gnu-toolchain/bin/../lib/gcc/arm-none-eabi/4.9.3/armv6-m/crtbegin.o
LOAD d:/atmel studio 7/7.0/toolchain/arm/arm-gnu-toolchain/bin/../lib/gcc/arm-none-eabi/4.9.3/../../../../arm-none-eabi/lib/armv6-m/crt0.o
LOAD src/ASF/sam0/drivers/adc/adc_sam_l_c/adc.o
LOAD src/ASF/sam0/drivers/adc/adc_sam_l_c/adc_callback.o
LOAD src/ASF/sam0/drivers/nvm/nvm.o
LOAD src/ASF/sam0/drivers/rtc/rtc_sam_l_c/rtc_calendar.o
LOAD src/ASF/sam0/drivers/rtc/rtc_sam_l_c/rtc_calendar_interrupt.o
LOAD src/ASF/sam0/drivers/tsens/tsens.o
LOAD src/main.o
LOAD src/ASF/sam0/drivers/tcc/tcc.o
LOAD src/ASF/sam0/drivers/tcc/tcc_callback.o
LOAD src/ASF/sam0/drivers/events/events_hooks.o
LOAD src/ASF/sam0/drivers/events/events_sam_l_c/events.o
LOAD src/ASF/common/utils/interrupt/interrupt_sam_nvic.o
LOAD src/ASF/sam0/boards/samc21_xplained_pro/board_init.o
LOAD src/ASF/sam0/drivers/can/can.o
LOAD src/ASF/sam0/drivers/port/port.o
LOAD src/ASF/sam0/drivers/sercom/sercom.o
LOAD src/ASF/sam0/drivers/sercom/sercom_interrupt.o
LOAD src/ASF/sam0/drivers/sercom/usart/usart.o
LOAD src/ASF/sam0/drivers/sercom/usart/usart_interrupt.o
LOAD src/ASF/sam0/drivers/system/clock/clock_samc20_c21/clock.o
LOAD src/ASF/sam0/drivers/system/clock/clock_samc20_c21/gclk.o
LOAD src/ASF/sam0/drivers/system/interrupt/system_interrupt.o
LOAD src/ASF/sam0/drivers/system/pinmux/pinmux.o
LOAD src/ASF/sam0/drivers/system/system.o
LOAD src/ASF/sam0/utils/cmsis/samc21/source/gcc/startup_samc21.o
LOAD src/ASF/sam0/utils/cmsis/samc21/source/system_samc21.o
LOAD src/ASF/sam0/utils/stdio/read.o
LOAD src/ASF/sam0/utils/stdio/write.o
LOAD src/ASF/sam0/utils/syscalls/gcc/syscalls.o
START GROUP
LOAD ../src/ASF/thirdparty/CMSIS/Lib/GCC\libarm_cortexM0l_math.a
LOAD d:/atmel studio 7/7.0/toolchain/arm/arm-gnu-toolchain/bin/../lib/gcc/arm-none-eabi/4.9.3/../../../../arm-none-eabi/lib/armv6-m\libm.a
END GROUP
START GROUP
LOAD d:/atmel studio 7/7.0/toolchain/arm/arm-gnu-toolchain/bin/../lib/gcc/arm-none-eabi/4.9.3/armv6-m\libgcc.a
LOAD d:/atmel studio 7/7.0/toolchain/arm/arm-gnu-toolchain/bin/../lib/gcc/arm-none-eabi/4.9.3/../../../../arm-none-eabi/lib/armv6-m\libc_nano.a
END GROUP
START GROUP
LOAD d:/atmel studio 7/7.0/toolchain/arm/arm-gnu-toolchain/bin/../lib/gcc/arm-none-eabi/4.9.3/armv6-m\libgcc.a
LOAD d:/atmel studio 7/7.0/toolchain/arm/arm-gnu-toolchain/bin/../lib/gcc/arm-none-eabi/4.9.3/../../../../arm-none-eabi/lib/armv6-m\libc_nano.a
END GROUP
LOAD d:/atmel studio 7/7.0/toolchain/arm/arm-gnu-toolchain/bin/../lib/gcc/arm-none-eabi/4.9.3/armv6-m/crtend.o
LOAD d:/atmel studio 7/7.0/toolchain/arm/arm-gnu-toolchain/bin/../lib/gcc/arm-none-eabi/4.9.3/armv6-m/crtn.o
                0x00002000                STACK_SIZE = DEFINED (STACK_SIZE)?STACK_SIZE:DEFINED (__stack_size__)?__stack_size__:0x2000

.text           0x00000000     0x5328
                0x00000000                . = ALIGN (0x4)
                0x00000000                _sfixed = .
 *(.vectors .vectors.*)
 .vectors       0x00000000       0xbc src/ASF/sam0/utils/cmsis/samc21/source/gcc/startup_samc21.o
                0x00000000                exception_table
 *(.text .text.* .gnu.linkonce.t.*)
 .text          0x000000bc       0x60 d:/atmel studio 7/7.0/toolchain/arm/arm-gnu-toolchain/bin/../lib/gcc/arm-none-eabi/4.9.3/armv6-m/crtbegin.o
 .text._adc_interrupt_handler
                0x0000011c       0xbc src/ASF/sam0/drivers/adc/adc_sam_l_c/adc_callback.o
 .text.ADC0_Handler
                0x000001d8       0x10 src/ASF/sam0/drivers/adc/adc_sam_l_c/adc_callback.o
                0x000001d8                ADC0_Handler
 .text.ADC1_Handler
                0x000001e8       0x10 src/ASF/sam0/drivers/adc/adc_sam_l_c/adc_callback.o
                0x000001e8                ADC1_Handler
 .text.rtc_calendar_enable
                0x000001f8       0x28 src/ASF/sam0/drivers/rtc/rtc_sam_l_c/rtc_calendar.o
                0x000001f8                rtc_calendar_enable
 .text.rtc_calendar_disable
                0x00000220       0x2c src/ASF/sam0/drivers/rtc/rtc_sam_l_c/rtc_calendar.o
                0x00000220                rtc_calendar_disable
 .text.rtc_calendar_reset
                0x0000024c       0x30 src/ASF/sam0/drivers/rtc/rtc_sam_l_c/rtc_calendar.o
                0x0000024c                rtc_calendar_reset
 .text.rtc_calendar_time_to_register_value
                0x0000027c       0x3c src/ASF/sam0/drivers/rtc/rtc_sam_l_c/rtc_calendar.o
                0x0000027c                rtc_calendar_time_to_register_value
 .text.rtc_calendar_set_alarm
                0x000002b8       0x40 src/ASF/sam0/drivers/rtc/rtc_sam_l_c/rtc_calendar.o
                0x000002b8                rtc_calendar_set_alarm
 .text.rtc_calendar_init
                0x000002f8       0x7c src/ASF/sam0/drivers/rtc/rtc_sam_l_c/rtc_calendar.o
                0x000002f8                rtc_calendar_init
 .text.rtc_calendar_register_callback
                0x00000374       0x20 src/ASF/sam0/drivers/rtc/rtc_sam_l_c/rtc_calendar_interrupt.o
                0x00000374                rtc_calendar_register_callback
 .text.rtc_calendar_enable_callback
                0x00000394       0x48 src/ASF/sam0/drivers/rtc/rtc_sam_l_c/rtc_calendar_interrupt.o
                0x00000394                rtc_calendar_enable_callback
 .text.RTC_Handler
                0x000003dc       0xa4 src/ASF/sam0/drivers/rtc/rtc_sam_l_c/rtc_calendar_interrupt.o
                0x000003dc                RTC_Handler
 .text.tsens_init
                0x00000480       0xb8 src/ASF/sam0/drivers/tsens/tsens.o
                0x00000480                tsens_init
 .text.tsens_get_config_defaults
                0x00000538       0x24 src/ASF/sam0/drivers/tsens/tsens.o
                0x00000538                tsens_get_config_defaults
 .text.tsens_read
                0x0000055c       0x9c src/ASF/sam0/drivers/tsens/tsens.o
                0x0000055c                tsens_read
 .text.event_counter
                0x000005f8       0x38 src/main.o
                0x000005f8                event_counter
 .text.rtc_match_callback
                0x00000630       0x74 src/main.o
                0x00000630                rtc_match_callback
 .text.usart_serial_getchar
                0x000006a4       0x2c src/main.o
 .text.usart_serial_putchar
                0x000006d0       0x18 src/main.o
 .text.can_send_standard_message
                0x000006e8       0x6c src/main.o
 .text.can_send_extended_message
                0x00000754       0x6c src/main.o
 .text.CAN0_Handler
                0x000007c0      0x258 src/main.o
                0x000007c0                CAN0_Handler
 .text.configure_rtc_calendar
                0x00000a18       0x94 src/main.o
                0x00000a18                configure_rtc_calendar
 .text.configure_rtc_callbacks
                0x00000aac       0x28 src/main.o
                0x00000aac                configure_rtc_callbacks
 .text.configure_tsens
                0x00000ad4       0x30 src/main.o
                0x00000ad4                configure_tsens
 .text.main     0x00000b04      0x430 src/main.o
                0x00000b04                main
 .text._tcc_interrupt_handler
                0x00000f34       0x48 src/ASF/sam0/drivers/tcc/tcc_callback.o
                0x00000f34                _tcc_interrupt_handler
 .text.TCC0_Handler
                0x00000f7c       0x10 src/ASF/sam0/drivers/tcc/tcc_callback.o
                0x00000f7c                TCC0_Handler
 .text.TCC1_Handler
                0x00000f8c       0x10 src/ASF/sam0/drivers/tcc/tcc_callback.o
                0x00000f8c                TCC1_Handler
 .text.TCC2_Handler
                0x00000f9c       0x10 src/ASF/sam0/drivers/tcc/tcc_callback.o
                0x00000f9c                TCC2_Handler
 .text.events_create_hook
                0x00000fac        0xc src/ASF/sam0/drivers/events/events_hooks.o
                0x00000fac                events_create_hook
 .text.events_add_hook
                0x00000fb8       0x34 src/ASF/sam0/drivers/events/events_hooks.o
                0x00000fb8                events_add_hook
 .text.events_enable_interrupt_source
                0x00000fec       0x34 src/ASF/sam0/drivers/events/events_hooks.o
                0x00000fec                events_enable_interrupt_source
 .text.events_is_interrupt_set
                0x00001020       0x34 src/ASF/sam0/drivers/events/events_hooks.o
                0x00001020                events_is_interrupt_set
 .text.events_ack_interrupt
                0x00001054       0x34 src/ASF/sam0/drivers/events/events_hooks.o
                0x00001054                events_ack_interrupt
 .text.EVSYS_Handler
                0x00001088       0x3c src/ASF/sam0/drivers/events/events_hooks.o
                0x00001088                EVSYS_Handler
 .text._events_find_bit_position
                0x000010c4        0xc src/ASF/sam0/drivers/events/events_sam_l_c/events.o
                0x000010c4                _events_find_bit_position
 .text._system_events_init
                0x000010d0       0x20 src/ASF/sam0/drivers/events/events_sam_l_c/events.o
                0x000010d0                _system_events_init
 .text.events_get_config_defaults
                0x000010f0       0x14 src/ASF/sam0/drivers/events/events_sam_l_c/events.o
                0x000010f0                events_get_config_defaults
 .text.events_allocate
                0x00001104       0xc0 src/ASF/sam0/drivers/events/events_sam_l_c/events.o
                0x00001104                events_allocate
 .text.events_is_busy
                0x000011c4       0x1c src/ASF/sam0/drivers/events/events_sam_l_c/events.o
                0x000011c4                events_is_busy
 .text.events_attach_user
                0x000011e0       0x20 src/ASF/sam0/drivers/events/events_sam_l_c/events.o
                0x000011e0                events_attach_user
 .text.cpu_irq_enter_critical
                0x00001200       0x40 src/ASF/common/utils/interrupt/interrupt_sam_nvic.o
                0x00001200                cpu_irq_enter_critical
 .text.cpu_irq_leave_critical
                0x00001240       0x30 src/ASF/common/utils/interrupt/interrupt_sam_nvic.o
                0x00001240                cpu_irq_leave_critical
 .text.system_board_init
                0x00001270       0x34 src/ASF/sam0/boards/samc21_xplained_pro/board_init.o
                0x00001270                board_init
                0x00001270                system_board_init
 .text._can_enable_peripheral_clock
                0x000012a4       0x38 src/ASF/sam0/drivers/can/can.o
 .text.can_init
                0x000012dc      0x2f0 src/ASF/sam0/drivers/can/can.o
                0x000012dc                can_init
 .text.can_start
                0x000015cc       0x18 src/ASF/sam0/drivers/can/can.o
                0x000015cc                can_start
 .text.can_set_rx_standand_filter
                0x000015e4       0x3c src/ASF/sam0/drivers/can/can.o
                0x000015e4                can_set_rx_standand_filter
 .text.can_set_rx_extended_filter
                0x00001620       0x48 src/ASF/sam0/drivers/can/can.o
                0x00001620                can_set_rx_extended_filter
 .text.can_get_rx_buffer_element
                0x00001668       0x50 src/ASF/sam0/drivers/can/can.o
                0x00001668                can_get_rx_buffer_element
 .text.can_get_rx_fifo_0_element
                0x000016b8       0x50 src/ASF/sam0/drivers/can/can.o
                0x000016b8                can_get_rx_fifo_0_element
 .text.can_get_rx_fifo_1_element
                0x00001708       0x50 src/ASF/sam0/drivers/can/can.o
                0x00001708                can_get_rx_fifo_1_element
 .text.can_set_tx_buffer_element
                0x00001758       0x70 src/ASF/sam0/drivers/can/can.o
                0x00001758                can_set_tx_buffer_element
 .text.port_pin_set_config
                0x000017c8       0x24 src/ASF/sam0/drivers/port/port.o
                0x000017c8                port_pin_set_config
 .text._sercom_get_sync_baud_val
                0x000017ec       0x28 src/ASF/sam0/drivers/sercom/sercom.o
                0x000017ec                _sercom_get_sync_baud_val
 .text._sercom_get_async_baud_val
                0x00001814      0x1c8 src/ASF/sam0/drivers/sercom/sercom.o
                0x00001814                _sercom_get_async_baud_val
 .text.sercom_set_gclk_generator
                0x000019dc       0x4c src/ASF/sam0/drivers/sercom/sercom.o
                0x000019dc                sercom_set_gclk_generator
 .text._sercom_get_default_pad
                0x00001a28      0x18c src/ASF/sam0/drivers/sercom/sercom.o
                0x00001a28                _sercom_get_default_pad
 .text._sercom_get_sercom_inst_index
                0x00001bb4       0x3c src/ASF/sam0/drivers/sercom/sercom.o
                0x00001bb4                _sercom_get_sercom_inst_index
 .text._sercom_default_handler
                0x00001bf0        0x4 src/ASF/sam0/drivers/sercom/sercom_interrupt.o
 .text._sercom_set_handler
                0x00001bf4       0x3c src/ASF/sam0/drivers/sercom/sercom_interrupt.o
                0x00001bf4                _sercom_set_handler
 .text._sercom_get_interrupt_vector
                0x00001c30       0x2c src/ASF/sam0/drivers/sercom/sercom_interrupt.o
                0x00001c30                _sercom_get_interrupt_vector
 .text.SERCOM0_Handler
                0x00001c5c       0x10 src/ASF/sam0/drivers/sercom/sercom_interrupt.o
                0x00001c5c                SERCOM0_Handler
 .text.SERCOM1_Handler
                0x00001c6c       0x10 src/ASF/sam0/drivers/sercom/sercom_interrupt.o
                0x00001c6c                SERCOM1_Handler
 .text.SERCOM2_Handler
                0x00001c7c       0x10 src/ASF/sam0/drivers/sercom/sercom_interrupt.o
                0x00001c7c                SERCOM2_Handler
 .text.SERCOM3_Handler
                0x00001c8c       0x10 src/ASF/sam0/drivers/sercom/sercom_interrupt.o
                0x00001c8c                SERCOM3_Handler
 .text.SERCOM4_Handler
                0x00001c9c       0x10 src/ASF/sam0/drivers/sercom/sercom_interrupt.o
                0x00001c9c                SERCOM4_Handler
 .text.SERCOM5_Handler
                0x00001cac       0x10 src/ASF/sam0/drivers/sercom/sercom_interrupt.o
                0x00001cac                SERCOM5_Handler
 .text.usart_init
                0x00001cbc      0x390 src/ASF/sam0/drivers/sercom/usart/usart.o
                0x00001cbc                usart_init
 .text.usart_write_wait
                0x0000204c       0x2c src/ASF/sam0/drivers/sercom/usart/usart.o
                0x0000204c                usart_write_wait
 .text.usart_read_wait
                0x00002078       0x70 src/ASF/sam0/drivers/sercom/usart/usart.o
                0x00002078                usart_read_wait
 .text._usart_interrupt_handler
                0x000020e8      0x190 src/ASF/sam0/drivers/sercom/usart/usart_interrupt.o
                0x000020e8                _usart_interrupt_handler
 .text.system_clock_source_get_hz
                0x00002278       0x5c src/ASF/sam0/drivers/system/clock/clock_samc20_c21/clock.o
                0x00002278                system_clock_source_get_hz
 .text.system_clock_source_osc32k_set_config
                0x000022d4       0x88 src/ASF/sam0/drivers/system/clock/clock_samc20_c21/clock.o
                0x000022d4                system_clock_source_osc32k_set_config
 .text.system_clock_source_xosc32k_set_config
                0x0000235c       0xe0 src/ASF/sam0/drivers/system/clock/clock_samc20_c21/clock.o
                0x0000235c                system_clock_source_xosc32k_set_config
 .text.system_clock_source_dpll_set_config
                0x0000243c       0xc4 src/ASF/sam0/drivers/system/clock/clock_samc20_c21/clock.o
                0x0000243c                system_clock_source_dpll_set_config
 .text.system_clock_source_enable
                0x00002500       0x74 src/ASF/sam0/drivers/system/clock/clock_samc20_c21/clock.o
                0x00002500                system_clock_source_enable
 .text.system_clock_init
                0x00002574      0x178 src/ASF/sam0/drivers/system/clock/clock_samc20_c21/clock.o
                0x00002574                system_clock_init
 .text.system_gclk_init
                0x000026ec       0x24 src/ASF/sam0/drivers/system/clock/clock_samc20_c21/gclk.o
                0x000026ec                system_gclk_init
 .text.system_gclk_gen_set_config
                0x00002710       0xac src/ASF/sam0/drivers/system/clock/clock_samc20_c21/gclk.o
                0x00002710                system_gclk_gen_set_config
 .text.system_gclk_gen_enable
                0x000027bc       0x40 src/ASF/sam0/drivers/system/clock/clock_samc20_c21/gclk.o
                0x000027bc                system_gclk_gen_enable
 .text.system_gclk_gen_get_hz
                0x000027fc       0x6c src/ASF/sam0/drivers/system/clock/clock_samc20_c21/gclk.o
                0x000027fc                system_gclk_gen_get_hz
 .text.system_gclk_chan_enable
                0x00002868       0x34 src/ASF/sam0/drivers/system/clock/clock_samc20_c21/gclk.o
                0x00002868                system_gclk_chan_enable
 .text.system_gclk_chan_disable
                0x0000289c       0x34 src/ASF/sam0/drivers/system/clock/clock_samc20_c21/gclk.o
                0x0000289c                system_gclk_chan_disable
 .text.system_gclk_chan_set_config
                0x000028d0       0x24 src/ASF/sam0/drivers/system/clock/clock_samc20_c21/gclk.o
                0x000028d0                system_gclk_chan_set_config
 .text.system_gclk_chan_get_hz
                0x000028f4       0x30 src/ASF/sam0/drivers/system/clock/clock_samc20_c21/gclk.o
                0x000028f4                system_gclk_chan_get_hz
 .text._system_pinmux_config
                0x00002924       0xa8 src/ASF/sam0/drivers/system/pinmux/pinmux.o
 .text.system_pinmux_pin_set_config
                0x000029cc       0x2c src/ASF/sam0/drivers/system/pinmux/pinmux.o
                0x000029cc                system_pinmux_pin_set_config
 .text._system_dummy_init
                0x000029f8        0x4 src/ASF/sam0/drivers/system/system.o
                0x000029f8                _system_extint_init
                0x000029f8                _system_dummy_init
                0x000029f8                _system_divas_init
 .text.system_init
                0x000029fc       0x2c src/ASF/sam0/drivers/system/system.o
                0x000029fc                system_init
 .text.Dummy_Handler
                0x00002a28        0x4 src/ASF/sam0/utils/cmsis/samc21/source/gcc/startup_samc21.o
                0x00002a28                DMAC_Handler
                0x00002a28                HardFault_Handler
                0x00002a28                TC2_Handler
                0x00002a28                AC_Handler
                0x00002a28                SysTick_Handler
                0x00002a28                PendSV_Handler
                0x00002a28                NMI_Handler
                0x00002a28                EIC_Handler
                0x00002a28                WDT_Handler
                0x00002a28                TC4_Handler
                0x00002a28                TC1_Handler
                0x00002a28                TC3_Handler
                0x00002a28                SDADC_Handler
                0x00002a28                Dummy_Handler
                0x00002a28                CAN1_Handler
                0x00002a28                TSENS_Handler
                0x00002a28                SVC_Handler
                0x00002a28                NVMCTRL_Handler
                0x00002a28                SYSTEM_Handler
                0x00002a28                DAC_Handler
                0x00002a28                PTC_Handler
                0x00002a28                FREQM_Handler
                0x00002a28                TC0_Handler
 .text.Reset_Handler
                0x00002a2c       0x9c src/ASF/sam0/utils/cmsis/samc21/source/gcc/startup_samc21.o
                0x00002a2c                Reset_Handler
 .text._read    0x00002ac8       0x44 src/ASF/sam0/utils/stdio/read.o
                0x00002ac8                _read
 .text._write   0x00002b0c       0x50 src/ASF/sam0/utils/stdio/write.o
                0x00002b0c                _write
 .text._sbrk    0x00002b5c       0x24 src/ASF/sam0/utils/syscalls/gcc/syscalls.o
                0x00002b5c                _sbrk
 .text._close   0x00002b80        0x8 src/ASF/sam0/utils/syscalls/gcc/syscalls.o
                0x00002b80                _close
 .text._fstat   0x00002b88        0xc src/ASF/sam0/utils/syscalls/gcc/syscalls.o
                0x00002b88                _fstat
 .text._isatty  0x00002b94        0x4 src/ASF/sam0/utils/syscalls/gcc/syscalls.o
                0x00002b94                _isatty
 .text._lseek   0x00002b98        0x4 src/ASF/sam0/utils/syscalls/gcc/syscalls.o
                0x00002b98                _lseek
 .text          0x00002b9c      0x120 d:/atmel studio 7/7.0/toolchain/arm/arm-gnu-toolchain/bin/../lib/gcc/arm-none-eabi/4.9.3/armv6-m\libgcc.a(_udivsi3.o)
                0x00002b9c                __aeabi_uidiv
                0x00002b9c                __udivsi3
                0x00002ca8                __aeabi_uidivmod
 .text          0x00002cbc        0x4 d:/atmel studio 7/7.0/toolchain/arm/arm-gnu-toolchain/bin/../lib/gcc/arm-none-eabi/4.9.3/armv6-m\libgcc.a(_dvmd_tls.o)
                0x00002cbc                __aeabi_idiv0
                0x00002cbc                __aeabi_ldiv0
 .text          0x00002cc0       0x54 d:/atmel studio 7/7.0/toolchain/arm/arm-gnu-toolchain/bin/../lib/gcc/arm-none-eabi/4.9.3/armv6-m\libgcc.a(_muldi3.o)
                0x00002cc0                __muldi3
                0x00002cc0                __aeabi_lmul
 .text.__libc_init_array
                0x00002d14       0x4c d:/atmel studio 7/7.0/toolchain/arm/arm-gnu-toolchain/bin/../lib/gcc/arm-none-eabi/4.9.3/../../../../arm-none-eabi/lib/armv6-m\libc_nano.a(lib_a-init.o)
                0x00002d14                __libc_init_array
 .text.memcpy   0x00002d60       0x12 d:/atmel studio 7/7.0/toolchain/arm/arm-gnu-toolchain/bin/../lib/gcc/arm-none-eabi/4.9.3/../../../../arm-none-eabi/lib/armv6-m\libc_nano.a(lib_a-memcpy.o)
                0x00002d60                memcpy
 .text.memset   0x00002d72       0x10 d:/atmel studio 7/7.0/toolchain/arm/arm-gnu-toolchain/bin/../lib/gcc/arm-none-eabi/4.9.3/../../../../arm-none-eabi/lib/armv6-m\libc_nano.a(lib_a-memset.o)
                0x00002d72                memset
 *fill*         0x00002d82        0x2 
 .text.printf   0x00002d84       0x34 d:/atmel studio 7/7.0/toolchain/arm/arm-gnu-toolchain/bin/../lib/gcc/arm-none-eabi/4.9.3/../../../../arm-none-eabi/lib/armv6-m\libc_nano.a(lib_a-printf.o)
                0x00002d84                iprintf
                0x00002d84                printf
 .text._puts_r  0x00002db8       0xc2 d:/atmel studio 7/7.0/toolchain/arm/arm-gnu-toolchain/bin/../lib/gcc/arm-none-eabi/4.9.3/../../../../arm-none-eabi/lib/armv6-m\libc_nano.a(lib_a-puts.o)
                0x00002db8                _puts_r
 *fill*         0x00002e7a        0x2 
 .text.puts     0x00002e7c       0x14 d:/atmel studio 7/7.0/toolchain/arm/arm-gnu-toolchain/bin/../lib/gcc/arm-none-eabi/4.9.3/../../../../arm-none-eabi/lib/armv6-m\libc_nano.a(lib_a-puts.o)
                0x00002e7c                puts
 .text.scanf    0x00002e90       0x34 d:/atmel studio 7/7.0/toolchain/arm/arm-gnu-toolchain/bin/../lib/gcc/arm-none-eabi/4.9.3/../../../../arm-none-eabi/lib/armv6-m\libc_nano.a(lib_a-scanf.o)
                0x00002e90                scanf
                0x00002e90                iscanf
 .text.setbuf   0x00002ec4       0x12 d:/atmel studio 7/7.0/toolchain/arm/arm-gnu-toolchain/bin/../lib/gcc/arm-none-eabi/4.9.3/../../../../arm-none-eabi/lib/armv6-m\libc_nano.a(lib_a-setbuf.o)
                0x00002ec4                setbuf
 *fill*         0x00002ed6        0x2 
 .text.setvbuf  0x00002ed8      0x10c d:/atmel studio 7/7.0/toolchain/arm/arm-gnu-toolchain/bin/../lib/gcc/arm-none-eabi/4.9.3/../../../../arm-none-eabi/lib/armv6-m\libc_nano.a(lib_a-setvbuf.o)
                0x00002ed8                setvbuf
 .text.__swbuf_r
                0x00002fe4       0xb0 d:/atmel studio 7/7.0/toolchain/arm/arm-gnu-toolchain/bin/../lib/gcc/arm-none-eabi/4.9.3/../../../../arm-none-eabi/lib/armv6-m\libc_nano.a(lib_a-wbuf.o)
                0x00002fe4                __swbuf_r
 .text.__swsetup_r
                0x00003094       0xe8 d:/atmel studio 7/7.0/toolchain/arm/arm-gnu-toolchain/bin/../lib/gcc/arm-none-eabi/4.9.3/../../../../arm-none-eabi/lib/armv6-m\libc_nano.a(lib_a-wsetup.o)
                0x00003094                __swsetup_r
 .text.__sflush_r
                0x0000317c      0x112 d:/atmel studio 7/7.0/toolchain/arm/arm-gnu-toolchain/bin/../lib/gcc/arm-none-eabi/4.9.3/../../../../arm-none-eabi/lib/armv6-m\libc_nano.a(lib_a-fflush.o)
                0x0000317c                __sflush_r
 *fill*         0x0000328e        0x2 
 .text._fflush_r
                0x00003290       0x58 d:/atmel studio 7/7.0/toolchain/arm/arm-gnu-toolchain/bin/../lib/gcc/arm-none-eabi/4.9.3/../../../../arm-none-eabi/lib/armv6-m\libc_nano.a(lib_a-fflush.o)
                0x00003290                _fflush_r
 .text.fflush   0x000032e8       0x28 d:/atmel studio 7/7.0/toolchain/arm/arm-gnu-toolchain/bin/../lib/gcc/arm-none-eabi/4.9.3/../../../../arm-none-eabi/lib/armv6-m\libc_nano.a(lib_a-fflush.o)
                0x000032e8                fflush
 .text._cleanup_r
                0x00003310       0x10 d:/atmel studio 7/7.0/toolchain/arm/arm-gnu-toolchain/bin/../lib/gcc/arm-none-eabi/4.9.3/../../../../arm-none-eabi/lib/armv6-m\libc_nano.a(lib_a-findfp.o)
                0x00003310                _cleanup_r
 .text.std.isra.0
                0x00003320       0x48 d:/atmel studio 7/7.0/toolchain/arm/arm-gnu-toolchain/bin/../lib/gcc/arm-none-eabi/4.9.3/../../../../arm-none-eabi/lib/armv6-m\libc_nano.a(lib_a-findfp.o)
 .text.__sfmoreglue
                0x00003368       0x2c d:/atmel studio 7/7.0/toolchain/arm/arm-gnu-toolchain/bin/../lib/gcc/arm-none-eabi/4.9.3/../../../../arm-none-eabi/lib/armv6-m\libc_nano.a(lib_a-findfp.o)
                0x00003368                __sfmoreglue
 .text.__sinit  0x00003394       0x64 d:/atmel studio 7/7.0/toolchain/arm/arm-gnu-toolchain/bin/../lib/gcc/arm-none-eabi/4.9.3/../../../../arm-none-eabi/lib/armv6-m\libc_nano.a(lib_a-findfp.o)
                0x00003394                __sinit
 .text.__sfp    0x000033f8       0x7c d:/atmel studio 7/7.0/toolchain/arm/arm-gnu-toolchain/bin/../lib/gcc/arm-none-eabi/4.9.3/../../../../arm-none-eabi/lib/armv6-m\libc_nano.a(lib_a-findfp.o)
                0x000033f8                __sfp
 .text._fwalk   0x00003474       0x38 d:/atmel studio 7/7.0/toolchain/arm/arm-gnu-toolchain/bin/../lib/gcc/arm-none-eabi/4.9.3/../../../../arm-none-eabi/lib/armv6-m\libc_nano.a(lib_a-fwalk.o)
                0x00003474                _fwalk
 .text._fwalk_reent
                0x000034ac       0x42 d:/atmel studio 7/7.0/toolchain/arm/arm-gnu-toolchain/bin/../lib/gcc/arm-none-eabi/4.9.3/../../../../arm-none-eabi/lib/armv6-m\libc_nano.a(lib_a-fwalk.o)
                0x000034ac                _fwalk_reent
 *fill*         0x000034ee        0x2 
 .text.__smakebuf_r
                0x000034f0       0xb0 d:/atmel studio 7/7.0/toolchain/arm/arm-gnu-toolchain/bin/../lib/gcc/arm-none-eabi/4.9.3/../../../../arm-none-eabi/lib/armv6-m\libc_nano.a(lib_a-makebuf.o)
                0x000034f0                __smakebuf_r
 .text.malloc   0x000035a0       0x14 d:/atmel studio 7/7.0/toolchain/arm/arm-gnu-toolchain/bin/../lib/gcc/arm-none-eabi/4.9.3/../../../../arm-none-eabi/lib/armv6-m\libc_nano.a(lib_a-malloc.o)
                0x000035a0                malloc
 .text._free_r  0x000035b4       0x8c d:/atmel studio 7/7.0/toolchain/arm/arm-gnu-toolchain/bin/../lib/gcc/arm-none-eabi/4.9.3/../../../../arm-none-eabi/lib/armv6-m\libc_nano.a(lib_a-nano-freer.o)
                0x000035b4                _free_r
 .text._malloc_r
                0x00003640       0xb0 d:/atmel studio 7/7.0/toolchain/arm/arm-gnu-toolchain/bin/../lib/gcc/arm-none-eabi/4.9.3/../../../../arm-none-eabi/lib/armv6-m\libc_nano.a(lib_a-nano-mallocr.o)
                0x00003640                _malloc_r
 .text.__sfputc_r
                0x000036f0       0x2a d:/atmel studio 7/7.0/toolchain/arm/arm-gnu-toolchain/bin/../lib/gcc/arm-none-eabi/4.9.3/../../../../arm-none-eabi/lib/armv6-m\libc_nano.a(lib_a-nano-vfprintf.o)
 .text.__sfputs_r
                0x0000371a       0x24 d:/atmel studio 7/7.0/toolchain/arm/arm-gnu-toolchain/bin/../lib/gcc/arm-none-eabi/4.9.3/../../../../arm-none-eabi/lib/armv6-m\libc_nano.a(lib_a-nano-vfprintf.o)
                0x0000371a                __sfputs_r
 *fill*         0x0000373e        0x2 
 .text._vfprintf_r
                0x00003740      0x220 d:/atmel studio 7/7.0/toolchain/arm/arm-gnu-toolchain/bin/../lib/gcc/arm-none-eabi/4.9.3/../../../../arm-none-eabi/lib/armv6-m\libc_nano.a(lib_a-nano-vfprintf.o)
                0x00003740                _vfprintf_r
                0x00003740                _vfiprintf_r
 .text._printf_common
                0x00003960       0xdc d:/atmel studio 7/7.0/toolchain/arm/arm-gnu-toolchain/bin/../lib/gcc/arm-none-eabi/4.9.3/../../../../arm-none-eabi/lib/armv6-m\libc_nano.a(lib_a-nano-vfprintf_i.o)
                0x00003960                _printf_common
 .text._printf_i
                0x00003a3c      0x230 d:/atmel studio 7/7.0/toolchain/arm/arm-gnu-toolchain/bin/../lib/gcc/arm-none-eabi/4.9.3/../../../../arm-none-eabi/lib/armv6-m\libc_nano.a(lib_a-nano-vfprintf_i.o)
                0x00003a3c                _printf_i
 .text.__svfscanf_r
                0x00003c6c      0x2f0 d:/atmel studio 7/7.0/toolchain/arm/arm-gnu-toolchain/bin/../lib/gcc/arm-none-eabi/4.9.3/../../../../arm-none-eabi/lib/armv6-m\libc_nano.a(lib_a-nano-vfscanf.o)
                0x00003c6c                __svfscanf_r
                0x00003c6c                __svfiscanf_r
 .text._vfscanf_r
                0x00003f5c       0x50 d:/atmel studio 7/7.0/toolchain/arm/arm-gnu-toolchain/bin/../lib/gcc/arm-none-eabi/4.9.3/../../../../arm-none-eabi/lib/armv6-m\libc_nano.a(lib_a-nano-vfscanf.o)
                0x00003f5c                _vfscanf_r
                0x00003f5c                _vfiscanf_r
 .text._scanf_chars
                0x00003fac       0xbc d:/atmel studio 7/7.0/toolchain/arm/arm-gnu-toolchain/bin/../lib/gcc/arm-none-eabi/4.9.3/../../../../arm-none-eabi/lib/armv6-m\libc_nano.a(lib_a-nano-vfscanf_i.o)
                0x00003fac                _scanf_chars
 .text._scanf_i
                0x00004068      0x1f4 d:/atmel studio 7/7.0/toolchain/arm/arm-gnu-toolchain/bin/../lib/gcc/arm-none-eabi/4.9.3/../../../../arm-none-eabi/lib/armv6-m\libc_nano.a(lib_a-nano-vfscanf_i.o)
                0x00004068                _scanf_i
 .text.lflush   0x0000425c       0x18 d:/atmel studio 7/7.0/toolchain/arm/arm-gnu-toolchain/bin/../lib/gcc/arm-none-eabi/4.9.3/../../../../arm-none-eabi/lib/armv6-m\libc_nano.a(lib_a-refill.o)
 .text.__srefill_r
                0x00004274      0x120 d:/atmel studio 7/7.0/toolchain/arm/arm-gnu-toolchain/bin/../lib/gcc/arm-none-eabi/4.9.3/../../../../arm-none-eabi/lib/armv6-m\libc_nano.a(lib_a-refill.o)
                0x00004274                __srefill_r
 .text._sbrk_r  0x00004394       0x24 d:/atmel studio 7/7.0/toolchain/arm/arm-gnu-toolchain/bin/../lib/gcc/arm-none-eabi/4.9.3/../../../../arm-none-eabi/lib/armv6-m\libc_nano.a(lib_a-sbrkr.o)
                0x00004394                _sbrk_r
 .text.__sccl   0x000043b8       0x66 d:/atmel studio 7/7.0/toolchain/arm/arm-gnu-toolchain/bin/../lib/gcc/arm-none-eabi/4.9.3/../../../../arm-none-eabi/lib/armv6-m\libc_nano.a(lib_a-sccl.o)
                0x000043b8                __sccl
 *fill*         0x0000441e        0x2 
 .text.__sread  0x00004420       0x28 d:/atmel studio 7/7.0/toolchain/arm/arm-gnu-toolchain/bin/../lib/gcc/arm-none-eabi/4.9.3/../../../../arm-none-eabi/lib/armv6-m\libc_nano.a(lib_a-stdio.o)
                0x00004420                __sread
 .text.__swrite
                0x00004448       0x38 d:/atmel studio 7/7.0/toolchain/arm/arm-gnu-toolchain/bin/../lib/gcc/arm-none-eabi/4.9.3/../../../../arm-none-eabi/lib/armv6-m\libc_nano.a(lib_a-stdio.o)
                0x00004448                __swrite
 .text.__sseek  0x00004480       0x2c d:/atmel studio 7/7.0/toolchain/arm/arm-gnu-toolchain/bin/../lib/gcc/arm-none-eabi/4.9.3/../../../../arm-none-eabi/lib/armv6-m\libc_nano.a(lib_a-stdio.o)
                0x00004480                __sseek
 .text.__sclose
                0x000044ac        0xc d:/atmel studio 7/7.0/toolchain/arm/arm-gnu-toolchain/bin/../lib/gcc/arm-none-eabi/4.9.3/../../../../arm-none-eabi/lib/armv6-m\libc_nano.a(lib_a-stdio.o)
                0x000044ac                __sclose
 .text._strtol_r
                0x000044b8      0x120 d:/atmel studio 7/7.0/toolchain/arm/arm-gnu-toolchain/bin/../lib/gcc/arm-none-eabi/4.9.3/../../../../arm-none-eabi/lib/armv6-m\libc_nano.a(lib_a-strtol.o)
                0x000044b8                _strtol_r
 .text._strtoul_r
                0x000045d8      0x104 d:/atmel studio 7/7.0/toolchain/arm/arm-gnu-toolchain/bin/../lib/gcc/arm-none-eabi/4.9.3/../../../../arm-none-eabi/lib/armv6-m\libc_nano.a(lib_a-strtoul.o)
                0x000045d8                _strtoul_r
 .text.__submore
                0x000046dc       0x7c d:/atmel studio 7/7.0/toolchain/arm/arm-gnu-toolchain/bin/../lib/gcc/arm-none-eabi/4.9.3/../../../../arm-none-eabi/lib/armv6-m\libc_nano.a(lib_a-ungetc.o)
                0x000046dc                __submore
 .text._ungetc_r
                0x00004758       0xe4 d:/atmel studio 7/7.0/toolchain/arm/arm-gnu-toolchain/bin/../lib/gcc/arm-none-eabi/4.9.3/../../../../arm-none-eabi/lib/armv6-m\libc_nano.a(lib_a-ungetc.o)
                0x00004758                _ungetc_r
 .text._write_r
                0x0000483c       0x28 d:/atmel studio 7/7.0/toolchain/arm/arm-gnu-toolchain/bin/../lib/gcc/arm-none-eabi/4.9.3/../../../../arm-none-eabi/lib/armv6-m\libc_nano.a(lib_a-writer.o)
                0x0000483c                _write_r
 .text._close_r
                0x00004864       0x24 d:/atmel studio 7/7.0/toolchain/arm/arm-gnu-toolchain/bin/../lib/gcc/arm-none-eabi/4.9.3/../../../../arm-none-eabi/lib/armv6-m\libc_nano.a(lib_a-closer.o)
                0x00004864                _close_r
 .text._fstat_r
                0x00004888       0x24 d:/atmel studio 7/7.0/toolchain/arm/arm-gnu-toolchain/bin/../lib/gcc/arm-none-eabi/4.9.3/../../../../arm-none-eabi/lib/armv6-m\libc_nano.a(lib_a-fstatr.o)
                0x00004888                _fstat_r
 .text._isatty_r
                0x000048ac       0x24 d:/atmel studio 7/7.0/toolchain/arm/arm-gnu-toolchain/bin/../lib/gcc/arm-none-eabi/4.9.3/../../../../arm-none-eabi/lib/armv6-m\libc_nano.a(lib_a-isattyr.o)
                0x000048ac                _isatty_r
 .text._lseek_r
                0x000048d0       0x28 d:/atmel studio 7/7.0/toolchain/arm/arm-gnu-toolchain/bin/../lib/gcc/arm-none-eabi/4.9.3/../../../../arm-none-eabi/lib/armv6-m\libc_nano.a(lib_a-lseekr.o)
                0x000048d0                _lseek_r
 .text.memchr   0x000048f8       0x16 d:/atmel studio 7/7.0/toolchain/arm/arm-gnu-toolchain/bin/../lib/gcc/arm-none-eabi/4.9.3/../../../../arm-none-eabi/lib/armv6-m\libc_nano.a(lib_a-memchr.o)
                0x000048f8                memchr
 .text._realloc_r
                0x0000490e       0x4c d:/atmel studio 7/7.0/toolchain/arm/arm-gnu-toolchain/bin/../lib/gcc/arm-none-eabi/4.9.3/../../../../arm-none-eabi/lib/armv6-m\libc_nano.a(lib_a-nano-reallocr.o)
                0x0000490e                _realloc_r
 *fill*         0x0000495a        0x2 
 .text._read_r  0x0000495c       0x28 d:/atmel studio 7/7.0/toolchain/arm/arm-gnu-toolchain/bin/../lib/gcc/arm-none-eabi/4.9.3/../../../../arm-none-eabi/lib/armv6-m\libc_nano.a(lib_a-readr.o)
                0x0000495c                _read_r
 .text._malloc_usable_size_r
                0x00004984       0x16 d:/atmel studio 7/7.0/toolchain/arm/arm-gnu-toolchain/bin/../lib/gcc/arm-none-eabi/4.9.3/../../../../arm-none-eabi/lib/armv6-m\libc_nano.a(lib_a-nano-msizer.o)
                0x00004984                _malloc_usable_size_r
 *(.glue_7t)
 .glue_7t       0x00000000        0x0 linker stubs
 *(.glue_7)
 .glue_7        0x00000000        0x0 linker stubs
 *(.rodata .rodata* .gnu.linkonce.r.*)
 *fill*         0x0000499a        0x2 
 .rodata.str1.4
                0x0000499c       0x3b src/ASF/sam0/drivers/tsens/tsens.o
 *fill*         0x000049d7        0x1 
 .rodata.main   0x000049d8       0xe4 src/main.o
 .rodata.str1.4
                0x00004abc      0x5f8 src/main.o
                                0x5fd (size before relaxing)
 .rodata._tcc_intflag
                0x000050b4       0x30 src/ASF/sam0/drivers/tcc/tcc_callback.o
                0x000050b4                _tcc_intflag
 .rodata        0x000050e4       0x18 src/ASF/sam0/drivers/sercom/sercom.o
 .rodata        0x000050fc        0x6 src/ASF/sam0/drivers/sercom/sercom_interrupt.o
 *fill*         0x00005102        0x2 
 .rodata.system_clock_source_get_hz
                0x00005104       0x20 src/ASF/sam0/drivers/system/clock/clock_samc20_c21/clock.o
 .rodata.system_clock_source_enable
                0x00005124       0x20 src/ASF/sam0/drivers/system/clock/clock_samc20_c21/clock.o
 .rodata.str1.1
                0x00005144        0x2 d:/atmel studio 7/7.0/toolchain/arm/arm-gnu-toolchain/bin/../lib/gcc/arm-none-eabi/4.9.3/../../../../arm-none-eabi/lib/armv6-m\libc_nano.a(lib_a-impure.o)
 *fill*         0x00005146        0x2 
 .rodata._global_impure_ptr
                0x00005148        0x4 d:/atmel studio 7/7.0/toolchain/arm/arm-gnu-toolchain/bin/../lib/gcc/arm-none-eabi/4.9.3/../../../../arm-none-eabi/lib/armv6-m\libc_nano.a(lib_a-impure.o)
                0x00005148                _global_impure_ptr
 .rodata.__sf_fake_stdin
                0x0000514c       0x20 d:/atmel studio 7/7.0/toolchain/arm/arm-gnu-toolchain/bin/../lib/gcc/arm-none-eabi/4.9.3/../../../../arm-none-eabi/lib/armv6-m\libc_nano.a(lib_a-findfp.o)
                0x0000514c                __sf_fake_stdin
 .rodata.__sf_fake_stdout
                0x0000516c       0x20 d:/atmel studio 7/7.0/toolchain/arm/arm-gnu-toolchain/bin/../lib/gcc/arm-none-eabi/4.9.3/../../../../arm-none-eabi/lib/armv6-m\libc_nano.a(lib_a-findfp.o)
                0x0000516c                __sf_fake_stdout
 .rodata.__sf_fake_stderr
                0x0000518c       0x20 d:/atmel studio 7/7.0/toolchain/arm/arm-gnu-toolchain/bin/../lib/gcc/arm-none-eabi/4.9.3/../../../../arm-none-eabi/lib/armv6-m\libc_nano.a(lib_a-findfp.o)
                0x0000518c                __sf_fake_stderr
 .rodata.str1.1
                0x000051ac       0x11 d:/atmel studio 7/7.0/toolchain/arm/arm-gnu-toolchain/bin/../lib/gcc/arm-none-eabi/4.9.3/../../../../arm-none-eabi/lib/armv6-m\libc_nano.a(lib_a-nano-vfprintf.o)
 .rodata.str1.1
                0x000051bd       0x22 d:/atmel studio 7/7.0/toolchain/arm/arm-gnu-toolchain/bin/../lib/gcc/arm-none-eabi/4.9.3/../../../../arm-none-eabi/lib/armv6-m\libc_nano.a(lib_a-nano-vfprintf_i.o)
 .rodata.str1.1
                0x00000000        0x4 d:/atmel studio 7/7.0/toolchain/arm/arm-gnu-toolchain/bin/../lib/gcc/arm-none-eabi/4.9.3/../../../../arm-none-eabi/lib/armv6-m\libc_nano.a(lib_a-nano-vfscanf.o)
 *fill*         0x000051df        0x1 
 .rodata        0x000051e0        0xc d:/atmel studio 7/7.0/toolchain/arm/arm-gnu-toolchain/bin/../lib/gcc/arm-none-eabi/4.9.3/../../../../arm-none-eabi/lib/armv6-m\libc_nano.a(lib_a-nano-vfscanf_i.o)
 .rodata.str1.1
                0x000051ec       0x1b d:/atmel studio 7/7.0/toolchain/arm/arm-gnu-toolchain/bin/../lib/gcc/arm-none-eabi/4.9.3/../../../../arm-none-eabi/lib/armv6-m\libc_nano.a(lib_a-nano-vfscanf_i.o)
 .rodata._ctype_
                0x00005207      0x101 d:/atmel studio 7/7.0/toolchain/arm/arm-gnu-toolchain/bin/../lib/gcc/arm-none-eabi/4.9.3/../../../../arm-none-eabi/lib/armv6-m\libc_nano.a(lib_a-ctype_.o)
                0x00005207                _ctype_
 *(.ARM.extab* .gnu.linkonce.armextab.*)
                0x00005308                . = ALIGN (0x4)
 *(.init)
 .init          0x00005308        0x4 d:/atmel studio 7/7.0/toolchain/arm/arm-gnu-toolchain/bin/../lib/gcc/arm-none-eabi/4.9.3/armv6-m/crti.o
                0x00005308                _init
 .init          0x0000530c        0x8 d:/atmel studio 7/7.0/toolchain/arm/arm-gnu-toolchain/bin/../lib/gcc/arm-none-eabi/4.9.3/armv6-m/crtn.o
                0x00005314                . = ALIGN (0x4)
                0x00005314                __preinit_array_start = .
 *(.preinit_array)
                0x00005314                __preinit_array_end = .
                0x00005314                . = ALIGN (0x4)
                0x00005314                __init_array_start = .
 *(SORT(.init_array.*))
 *(.init_array)
 .init_array    0x00005314        0x4 d:/atmel studio 7/7.0/toolchain/arm/arm-gnu-toolchain/bin/../lib/gcc/arm-none-eabi/4.9.3/armv6-m/crtbegin.o
                0x00005318                __init_array_end = .
                0x00005318                . = ALIGN (0x4)
 *crtbegin.o(.ctors)
 *(EXCLUDE_FILE(*crtend.o) .ctors)
 *(SORT(.ctors.*))
 *crtend.o(.ctors)
                0x00005318                . = ALIGN (0x4)
 *(.fini)
 .fini          0x00005318        0x4 d:/atmel studio 7/7.0/toolchain/arm/arm-gnu-toolchain/bin/../lib/gcc/arm-none-eabi/4.9.3/armv6-m/crti.o
                0x00005318                _fini
 .fini          0x0000531c        0x8 d:/atmel studio 7/7.0/toolchain/arm/arm-gnu-toolchain/bin/../lib/gcc/arm-none-eabi/4.9.3/armv6-m/crtn.o
                0x00005324                . = ALIGN (0x4)
                0x00005324                __fini_array_start = .
 *(.fini_array)
 .fini_array    0x00005324        0x4 d:/atmel studio 7/7.0/toolchain/arm/arm-gnu-toolchain/bin/../lib/gcc/arm-none-eabi/4.9.3/armv6-m/crtbegin.o
 *(SORT(.fini_array.*))
                0x00005328                __fini_array_end = .
 *crtbegin.o(.dtors)
 *(EXCLUDE_FILE(*crtend.o) .dtors)
 *(SORT(.dtors.*))
 *crtend.o(.dtors)
                0x00005328                . = ALIGN (0x4)
                0x00005328                _efixed = .
                0x00005328                PROVIDE (__exidx_start, .)

.vfp11_veneer   0x00005328        0x0
 .vfp11_veneer  0x00000000        0x0 linker stubs

.v4_bx          0x00005328        0x0
 .v4_bx         0x00000000        0x0 linker stubs

.iplt           0x00005328        0x0
 .iplt          0x00000000        0x0 d:/atmel studio 7/7.0/toolchain/arm/arm-gnu-toolchain/bin/../lib/gcc/arm-none-eabi/4.9.3/armv6-m/crtbegin.o

.eh_frame       0x00005328        0x0
 .eh_frame      0x00005328        0x0 d:/atmel studio 7/7.0/toolchain/arm/arm-gnu-toolchain/bin/../lib/gcc/arm-none-eabi/4.9.3/armv6-m/crtbegin.o

.rel.dyn        0x00005328        0x0
 .rel.iplt      0x00000000        0x0 d:/atmel studio 7/7.0/toolchain/arm/arm-gnu-toolchain/bin/../lib/gcc/arm-none-eabi/4.9.3/armv6-m/crtbegin.o

.jcr            0x00005328        0x0
 .jcr           0x00005328        0x0 d:/atmel studio 7/7.0/toolchain/arm/arm-gnu-toolchain/bin/../lib/gcc/arm-none-eabi/4.9.3/armv6-m/crtbegin.o

.igot.plt       0x00005328        0x0
 .igot.plt      0x00000000        0x0 d:/atmel studio 7/7.0/toolchain/arm/arm-gnu-toolchain/bin/../lib/gcc/arm-none-eabi/4.9.3/armv6-m/crtbegin.o

.ARM.exidx
 *(.ARM.exidx* .gnu.linkonce.armexidx.*)
                0x00005328                PROVIDE (__exidx_end, .)
                0x00005328                . = ALIGN (0x4)
                0x00005328                _etext = .

.relocate       0x20000000       0x80 load address 0x00005328
                0x20000000                . = ALIGN (0x4)
                0x20000000                _srelocate = .
 *(.ramfunc .ramfunc.*)
 *(.data .data.*)
 .data._events_inst
                0x20000000       0x14 src/ASF/sam0/drivers/events/events_sam_l_c/events.o
                0x20000000                _events_inst
 .data.g_interrupt_enabled
                0x20000014        0x1 src/ASF/common/utils/interrupt/interrupt_sam_nvic.o
                0x20000014                g_interrupt_enabled
 *fill*         0x20000015        0x3 
 .data.impure_data
                0x20000018       0x60 d:/atmel studio 7/7.0/toolchain/arm/arm-gnu-toolchain/bin/../lib/gcc/arm-none-eabi/4.9.3/../../../../arm-none-eabi/lib/armv6-m\libc_nano.a(lib_a-impure.o)
 .data._impure_ptr
                0x20000078        0x4 d:/atmel studio 7/7.0/toolchain/arm/arm-gnu-toolchain/bin/../lib/gcc/arm-none-eabi/4.9.3/../../../../arm-none-eabi/lib/armv6-m\libc_nano.a(lib_a-impure.o)
                0x20000078                _impure_ptr
 .data.__ctype_ptr__
                0x2000007c        0x4 d:/atmel studio 7/7.0/toolchain/arm/arm-gnu-toolchain/bin/../lib/gcc/arm-none-eabi/4.9.3/../../../../arm-none-eabi/lib/armv6-m\libc_nano.a(lib_a-ctype_.o)
                0x2000007c                __ctype_ptr__
                0x20000080                . = ALIGN (0x4)
                0x20000080                _erelocate = .

.bss            0x20000080      0xae4 load address 0x000053a8
                0x20000080                . = ALIGN (0x4)
                0x20000080                _sbss = .
                0x20000080                _szero = .
 *(.bss .bss.*)
 .bss           0x20000080       0x1c d:/atmel studio 7/7.0/toolchain/arm/arm-gnu-toolchain/bin/../lib/gcc/arm-none-eabi/4.9.3/armv6-m/crtbegin.o
 .bss.rx_element_fifo_0
                0x2000009c       0x10 src/main.o
 .bss.rx_element_fifo_1
                0x200000ac       0x10 src/main.o
 .bss.tx_message_0
                0x200000bc        0x8 src/main.o
 .bss.tx_message_1
                0x200000c4        0x8 src/main.o
 .bss.extended_receive_index
                0x200000cc        0x4 src/main.o
 .bss.can_instance
                0x200000d0        0x4 src/main.o
 .bss.cdc_instance
                0x200000d4       0x34 src/main.o
 .bss.event_count
                0x20000108        0x4 src/main.o
 .bss.rx_element_buffer
                0x2000010c       0x10 src/main.o
 .bss.standard_receive_index
                0x2000011c        0x4 src/main.o
 .bss.cpu_irq_critical_section_counter
                0x20000120        0x4 src/ASF/common/utils/interrupt/interrupt_sam_nvic.o
 .bss.cpu_irq_prev_interrupt_state
                0x20000124        0x1 src/ASF/common/utils/interrupt/interrupt_sam_nvic.o
 *fill*         0x20000125        0x3 
 .bss.can0_rx_fifo_1
                0x20000128      0x100 src/ASF/sam0/drivers/can/can.o
 .bss.can1_rx_fifo_0
                0x20000228      0x100 src/ASF/sam0/drivers/can/can.o
 .bss.can1_rx_fifo_1
                0x20000328      0x100 src/ASF/sam0/drivers/can/can.o
 .bss.can1_rx_extended_filter
                0x20000428       0x80 src/ASF/sam0/drivers/can/can.o
 .bss.can0_rx_extended_filter
                0x200004a8       0x80 src/ASF/sam0/drivers/can/can.o
 .bss.can1_rx_standard_filter
                0x20000528       0x80 src/ASF/sam0/drivers/can/can.o
 .bss.can0_rx_standard_filter
                0x200005a8       0x80 src/ASF/sam0/drivers/can/can.o
 .bss.can1_tx_buffer
                0x20000628       0x80 src/ASF/sam0/drivers/can/can.o
 .bss.can0_tx_buffer
                0x200006a8       0x80 src/ASF/sam0/drivers/can/can.o
 .bss.can1_rx_buffer
                0x20000728      0x100 src/ASF/sam0/drivers/can/can.o
 .bss.can0_rx_buffer
                0x20000828      0x100 src/ASF/sam0/drivers/can/can.o
 .bss.can1_tx_event_fifo
                0x20000928       0x40 src/ASF/sam0/drivers/can/can.o
 .bss.can0_tx_event_fifo
                0x20000968       0x40 src/ASF/sam0/drivers/can/can.o
 .bss.can0_rx_fifo_0
                0x200009a8      0x100 src/ASF/sam0/drivers/can/can.o
 .bss._sercom_config
                0x20000aa8        0x2 src/ASF/sam0/drivers/sercom/sercom.o
 .bss._handler_table_initialized
                0x20000aaa        0x1 src/ASF/sam0/drivers/sercom/sercom_interrupt.o
 *fill*         0x20000aab        0x1 
 .bss._sercom_interrupt_handlers
                0x20000aac       0x18 src/ASF/sam0/drivers/sercom/sercom_interrupt.o
 .bss._system_clock_inst
                0x20000ac4        0xc src/ASF/sam0/drivers/system/clock/clock_samc20_c21/clock.o
 .bss.heap.5211
                0x20000ad0        0x4 src/ASF/sam0/utils/syscalls/gcc/syscalls.o
 .bss.__malloc_sbrk_start
                0x20000ad4        0x4 d:/atmel studio 7/7.0/toolchain/arm/arm-gnu-toolchain/bin/../lib/gcc/arm-none-eabi/4.9.3/../../../../arm-none-eabi/lib/armv6-m\libc_nano.a(lib_a-nano-mallocr.o)
                0x20000ad4                __malloc_sbrk_start
 .bss.__malloc_free_list
                0x20000ad8        0x4 d:/atmel studio 7/7.0/toolchain/arm/arm-gnu-toolchain/bin/../lib/gcc/arm-none-eabi/4.9.3/../../../../arm-none-eabi/lib/armv6-m\libc_nano.a(lib_a-nano-mallocr.o)
                0x20000ad8                __malloc_free_list
 *(COMMON)
 COMMON         0x20000adc        0x8 src/ASF/sam0/drivers/adc/adc_sam_l_c/adc_callback.o
                0x20000adc                _adc_instances
 COMMON         0x20000ae4        0x4 src/ASF/sam0/drivers/rtc/rtc_sam_l_c/rtc_calendar.o
                0x20000ae4                _rtc_instance
 COMMON         0x20000ae8       0x44 src/main.o
                0x20000ae8                rtc_instance
                0x20000b1c                alarm
                0x20000b28                temp_result
 COMMON         0x20000b2c        0xc src/ASF/sam0/drivers/tcc/tcc_callback.o
                0x20000b2c                _tcc_instances
 COMMON         0x20000b38        0x1 src/ASF/sam0/drivers/can/can.o
                0x20000b38                gclk_chan_conf
 *fill*         0x20000b39        0x3 
 COMMON         0x20000b3c       0x18 src/ASF/sam0/drivers/sercom/sercom_interrupt.o
                0x20000b3c                _sercom_instances
 COMMON         0x20000b54        0x4 src/ASF/sam0/utils/stdio/read.o
                0x20000b54                ptr_get
 COMMON         0x20000b58        0x8 src/ASF/sam0/utils/stdio/write.o
                0x20000b58                ptr_put
                0x20000b5c                stdio_base
 COMMON         0x20000b60        0x4 d:/atmel studio 7/7.0/toolchain/arm/arm-gnu-toolchain/bin/../lib/gcc/arm-none-eabi/4.9.3/../../../../arm-none-eabi/lib/armv6-m\libc_nano.a(lib_a-reent.o)
                0x20000b60                errno
                0x20000b64                . = ALIGN (0x4)
                0x20000b64                _ebss = .
                0x20000b64                _ezero = .

.stack          0x20000b64     0x2004 load address 0x00005e8c
                0x20000b68                . = ALIGN (0x8)
 *fill*         0x20000b64        0x4 
                0x20000b68                _sstack = .
                0x20002b68                . = (. + STACK_SIZE)
 *fill*         0x20000b68     0x2000 
                0x20002b68                . = ALIGN (0x8)
                0x20002b68                _estack = .
                0x20002b68                . = ALIGN (0x4)
                0x20002b68                _end = .
OUTPUT(BMS2.0CAN.elf elf32-littlearm)

.ARM.attributes
                0x00000000       0x28
 .ARM.attributes
                0x00000000       0x1e d:/atmel studio 7/7.0/toolchain/arm/arm-gnu-toolchain/bin/../lib/gcc/arm-none-eabi/4.9.3/armv6-m/crti.o
 .ARM.attributes
                0x0000001e       0x2c d:/atmel studio 7/7.0/toolchain/arm/arm-gnu-toolchain/bin/../lib/gcc/arm-none-eabi/4.9.3/armv6-m/crtbegin.o
 .ARM.attributes
                0x0000004a       0x32 src/ASF/sam0/drivers/adc/adc_sam_l_c/adc_callback.o
 .ARM.attributes
                0x0000007c       0x32 src/ASF/sam0/drivers/rtc/rtc_sam_l_c/rtc_calendar.o
 .ARM.attributes
                0x000000ae       0x32 src/ASF/sam0/drivers/rtc/rtc_sam_l_c/rtc_calendar_interrupt.o
 .ARM.attributes
                0x000000e0       0x32 src/ASF/sam0/drivers/tsens/tsens.o
 .ARM.attributes
                0x00000112       0x32 src/main.o
 .ARM.attributes
                0x00000144       0x32 src/ASF/sam0/drivers/tcc/tcc_callback.o
 .ARM.attributes
                0x00000176       0x32 src/ASF/sam0/drivers/events/events_hooks.o
 .ARM.attributes
                0x000001a8       0x32 src/ASF/sam0/drivers/events/events_sam_l_c/events.o
 .ARM.attributes
                0x000001da       0x32 src/ASF/common/utils/interrupt/interrupt_sam_nvic.o
 .ARM.attributes
                0x0000020c       0x32 src/ASF/sam0/boards/samc21_xplained_pro/board_init.o
 .ARM.attributes
                0x0000023e       0x32 src/ASF/sam0/drivers/can/can.o
 .ARM.attributes
                0x00000270       0x32 src/ASF/sam0/drivers/port/port.o
 .ARM.attributes
                0x000002a2       0x32 src/ASF/sam0/drivers/sercom/sercom.o
 .ARM.attributes
                0x000002d4       0x32 src/ASF/sam0/drivers/sercom/sercom_interrupt.o
 .ARM.attributes
                0x00000306       0x32 src/ASF/sam0/drivers/sercom/usart/usart.o
 .ARM.attributes
                0x00000338       0x32 src/ASF/sam0/drivers/sercom/usart/usart_interrupt.o
 .ARM.attributes
                0x0000036a       0x32 src/ASF/sam0/drivers/system/clock/clock_samc20_c21/clock.o
 .ARM.attributes
                0x0000039c       0x32 src/ASF/sam0/drivers/system/clock/clock_samc20_c21/gclk.o
 .ARM.attributes
                0x000003ce       0x32 src/ASF/sam0/drivers/system/pinmux/pinmux.o
 .ARM.attributes
                0x00000400       0x32 src/ASF/sam0/drivers/system/system.o
 .ARM.attributes
                0x00000432       0x32 src/ASF/sam0/utils/cmsis/samc21/source/gcc/startup_samc21.o
 .ARM.attributes
                0x00000464       0x32 src/ASF/sam0/utils/stdio/read.o
 .ARM.attributes
                0x00000496       0x32 src/ASF/sam0/utils/stdio/write.o
 .ARM.attributes
                0x000004c8       0x32 src/ASF/sam0/utils/syscalls/gcc/syscalls.o
 .ARM.attributes
                0x000004fa       0x1e d:/atmel studio 7/7.0/toolchain/arm/arm-gnu-toolchain/bin/../lib/gcc/arm-none-eabi/4.9.3/armv6-m\libgcc.a(_udivsi3.o)
 .ARM.attributes
                0x00000518       0x1e d:/atmel studio 7/7.0/toolchain/arm/arm-gnu-toolchain/bin/../lib/gcc/arm-none-eabi/4.9.3/armv6-m\libgcc.a(_dvmd_tls.o)
 .ARM.attributes
                0x00000536       0x2c d:/atmel studio 7/7.0/toolchain/arm/arm-gnu-toolchain/bin/../lib/gcc/arm-none-eabi/4.9.3/armv6-m\libgcc.a(_muldi3.o)
 .ARM.attributes
                0x00000562       0x2c d:/atmel studio 7/7.0/toolchain/arm/arm-gnu-toolchain/bin/../lib/gcc/arm-none-eabi/4.9.3/../../../../arm-none-eabi/lib/armv6-m\libc_nano.a(lib_a-impure.o)
 .ARM.attributes
                0x0000058e       0x2c d:/atmel studio 7/7.0/toolchain/arm/arm-gnu-toolchain/bin/../lib/gcc/arm-none-eabi/4.9.3/../../../../arm-none-eabi/lib/armv6-m\libc_nano.a(lib_a-init.o)
 .ARM.attributes
                0x000005ba       0x2c d:/atmel studio 7/7.0/toolchain/arm/arm-gnu-toolchain/bin/../lib/gcc/arm-none-eabi/4.9.3/../../../../arm-none-eabi/lib/armv6-m\libc_nano.a(lib_a-memcpy.o)
 .ARM.attributes
                0x000005e6       0x2c d:/atmel studio 7/7.0/toolchain/arm/arm-gnu-toolchain/bin/../lib/gcc/arm-none-eabi/4.9.3/../../../../arm-none-eabi/lib/armv6-m\libc_nano.a(lib_a-memset.o)
 .ARM.attributes
                0x00000612       0x2c d:/atmel studio 7/7.0/toolchain/arm/arm-gnu-toolchain/bin/../lib/gcc/arm-none-eabi/4.9.3/../../../../arm-none-eabi/lib/armv6-m\libc_nano.a(lib_a-printf.o)
 .ARM.attributes
                0x0000063e       0x2c d:/atmel studio 7/7.0/toolchain/arm/arm-gnu-toolchain/bin/../lib/gcc/arm-none-eabi/4.9.3/../../../../arm-none-eabi/lib/armv6-m\libc_nano.a(lib_a-puts.o)
 .ARM.attributes
                0x0000066a       0x2c d:/atmel studio 7/7.0/toolchain/arm/arm-gnu-toolchain/bin/../lib/gcc/arm-none-eabi/4.9.3/../../../../arm-none-eabi/lib/armv6-m\libc_nano.a(lib_a-scanf.o)
 .ARM.attributes
                0x00000696       0x2c d:/atmel studio 7/7.0/toolchain/arm/arm-gnu-toolchain/bin/../lib/gcc/arm-none-eabi/4.9.3/../../../../arm-none-eabi/lib/armv6-m\libc_nano.a(lib_a-setbuf.o)
 .ARM.attributes
                0x000006c2       0x2c d:/atmel studio 7/7.0/toolchain/arm/arm-gnu-toolchain/bin/../lib/gcc/arm-none-eabi/4.9.3/../../../../arm-none-eabi/lib/armv6-m\libc_nano.a(lib_a-setvbuf.o)
 .ARM.attributes
                0x000006ee       0x2c d:/atmel studio 7/7.0/toolchain/arm/arm-gnu-toolchain/bin/../lib/gcc/arm-none-eabi/4.9.3/../../../../arm-none-eabi/lib/armv6-m\libc_nano.a(lib_a-wbuf.o)
 .ARM.attributes
                0x0000071a       0x2c d:/atmel studio 7/7.0/toolchain/arm/arm-gnu-toolchain/bin/../lib/gcc/arm-none-eabi/4.9.3/../../../../arm-none-eabi/lib/armv6-m\libc_nano.a(lib_a-wsetup.o)
 .ARM.attributes
                0x00000746       0x2c d:/atmel studio 7/7.0/toolchain/arm/arm-gnu-toolchain/bin/../lib/gcc/arm-none-eabi/4.9.3/../../../../arm-none-eabi/lib/armv6-m\libc_nano.a(lib_a-fflush.o)
 .ARM.attributes
                0x00000772       0x2c d:/atmel studio 7/7.0/toolchain/arm/arm-gnu-toolchain/bin/../lib/gcc/arm-none-eabi/4.9.3/../../../../arm-none-eabi/lib/armv6-m\libc_nano.a(lib_a-findfp.o)
 .ARM.attributes
                0x0000079e       0x2c d:/atmel studio 7/7.0/toolchain/arm/arm-gnu-toolchain/bin/../lib/gcc/arm-none-eabi/4.9.3/../../../../arm-none-eabi/lib/armv6-m\libc_nano.a(lib_a-fwalk.o)
 .ARM.attributes
                0x000007ca       0x2c d:/atmel studio 7/7.0/toolchain/arm/arm-gnu-toolchain/bin/../lib/gcc/arm-none-eabi/4.9.3/../../../../arm-none-eabi/lib/armv6-m\libc_nano.a(lib_a-makebuf.o)
 .ARM.attributes
                0x000007f6       0x2c d:/atmel studio 7/7.0/toolchain/arm/arm-gnu-toolchain/bin/../lib/gcc/arm-none-eabi/4.9.3/../../../../arm-none-eabi/lib/armv6-m\libc_nano.a(lib_a-malloc.o)
 .ARM.attributes
                0x00000822       0x2c d:/atmel studio 7/7.0/toolchain/arm/arm-gnu-toolchain/bin/../lib/gcc/arm-none-eabi/4.9.3/../../../../arm-none-eabi/lib/armv6-m\libc_nano.a(lib_a-nano-freer.o)
 .ARM.attributes
                0x0000084e       0x2c d:/atmel studio 7/7.0/toolchain/arm/arm-gnu-toolchain/bin/../lib/gcc/arm-none-eabi/4.9.3/../../../../arm-none-eabi/lib/armv6-m\libc_nano.a(lib_a-nano-mallocr.o)
 .ARM.attributes
                0x0000087a       0x2c d:/atmel studio 7/7.0/toolchain/arm/arm-gnu-toolchain/bin/../lib/gcc/arm-none-eabi/4.9.3/../../../../arm-none-eabi/lib/armv6-m\libc_nano.a(lib_a-nano-vfprintf.o)
 .ARM.attributes
                0x000008a6       0x2c d:/atmel studio 7/7.0/toolchain/arm/arm-gnu-toolchain/bin/../lib/gcc/arm-none-eabi/4.9.3/../../../../arm-none-eabi/lib/armv6-m\libc_nano.a(lib_a-nano-vfprintf_i.o)
 .ARM.attributes
                0x000008d2       0x2c d:/atmel studio 7/7.0/toolchain/arm/arm-gnu-toolchain/bin/../lib/gcc/arm-none-eabi/4.9.3/../../../../arm-none-eabi/lib/armv6-m\libc_nano.a(lib_a-nano-vfscanf.o)
 .ARM.attributes
                0x000008fe       0x2c d:/atmel studio 7/7.0/toolchain/arm/arm-gnu-toolchain/bin/../lib/gcc/arm-none-eabi/4.9.3/../../../../arm-none-eabi/lib/armv6-m\libc_nano.a(lib_a-nano-vfscanf_i.o)
 .ARM.attributes
                0x0000092a       0x2c d:/atmel studio 7/7.0/toolchain/arm/arm-gnu-toolchain/bin/../lib/gcc/arm-none-eabi/4.9.3/../../../../arm-none-eabi/lib/armv6-m\libc_nano.a(lib_a-refill.o)
 .ARM.attributes
                0x00000956       0x2c d:/atmel studio 7/7.0/toolchain/arm/arm-gnu-toolchain/bin/../lib/gcc/arm-none-eabi/4.9.3/../../../../arm-none-eabi/lib/armv6-m\libc_nano.a(lib_a-sbrkr.o)
 .ARM.attributes
                0x00000982       0x2c d:/atmel studio 7/7.0/toolchain/arm/arm-gnu-toolchain/bin/../lib/gcc/arm-none-eabi/4.9.3/../../../../arm-none-eabi/lib/armv6-m\libc_nano.a(lib_a-sccl.o)
 .ARM.attributes
                0x000009ae       0x2c d:/atmel studio 7/7.0/toolchain/arm/arm-gnu-toolchain/bin/../lib/gcc/arm-none-eabi/4.9.3/../../../../arm-none-eabi/lib/armv6-m\libc_nano.a(lib_a-stdio.o)
 .ARM.attributes
                0x000009da       0x2c d:/atmel studio 7/7.0/toolchain/arm/arm-gnu-toolchain/bin/../lib/gcc/arm-none-eabi/4.9.3/../../../../arm-none-eabi/lib/armv6-m\libc_nano.a(lib_a-strtol.o)
 .ARM.attributes
                0x00000a06       0x2c d:/atmel studio 7/7.0/toolchain/arm/arm-gnu-toolchain/bin/../lib/gcc/arm-none-eabi/4.9.3/../../../../arm-none-eabi/lib/armv6-m\libc_nano.a(lib_a-strtoul.o)
 .ARM.attributes
                0x00000a32       0x2c d:/atmel studio 7/7.0/toolchain/arm/arm-gnu-toolchain/bin/../lib/gcc/arm-none-eabi/4.9.3/../../../../arm-none-eabi/lib/armv6-m\libc_nano.a(lib_a-ungetc.o)
 .ARM.attributes
                0x00000a5e       0x2c d:/atmel studio 7/7.0/toolchain/arm/arm-gnu-toolchain/bin/../lib/gcc/arm-none-eabi/4.9.3/../../../../arm-none-eabi/lib/armv6-m\libc_nano.a(lib_a-writer.o)
 .ARM.attributes
                0x00000a8a       0x2c d:/atmel studio 7/7.0/toolchain/arm/arm-gnu-toolchain/bin/../lib/gcc/arm-none-eabi/4.9.3/../../../../arm-none-eabi/lib/armv6-m\libc_nano.a(lib_a-closer.o)
 .ARM.attributes
                0x00000ab6       0x2c d:/atmel studio 7/7.0/toolchain/arm/arm-gnu-toolchain/bin/../lib/gcc/arm-none-eabi/4.9.3/../../../../arm-none-eabi/lib/armv6-m\libc_nano.a(lib_a-ctype_.o)
 .ARM.attributes
                0x00000ae2       0x2c d:/atmel studio 7/7.0/toolchain/arm/arm-gnu-toolchain/bin/../lib/gcc/arm-none-eabi/4.9.3/../../../../arm-none-eabi/lib/armv6-m\libc_nano.a(lib_a-fstatr.o)
 .ARM.attributes
                0x00000b0e       0x2c d:/atmel studio 7/7.0/toolchain/arm/arm-gnu-toolchain/bin/../lib/gcc/arm-none-eabi/4.9.3/../../../../arm-none-eabi/lib/armv6-m\libc_nano.a(lib_a-isattyr.o)
 .ARM.attributes
                0x00000b3a       0x2c d:/atmel studio 7/7.0/toolchain/arm/arm-gnu-toolchain/bin/../lib/gcc/arm-none-eabi/4.9.3/../../../../arm-none-eabi/lib/armv6-m\libc_nano.a(lib_a-lseekr.o)
 .ARM.attributes
                0x00000b66       0x2c d:/atmel studio 7/7.0/toolchain/arm/arm-gnu-toolchain/bin/../lib/gcc/arm-none-eabi/4.9.3/../../../../arm-none-eabi/lib/armv6-m\libc_nano.a(lib_a-memchr.o)
 .ARM.attributes
                0x00000b92       0x2c d:/atmel studio 7/7.0/toolchain/arm/arm-gnu-toolchain/bin/../lib/gcc/arm-none-eabi/4.9.3/../../../../arm-none-eabi/lib/armv6-m\libc_nano.a(lib_a-nano-reallocr.o)
 .ARM.attributes
                0x00000bbe       0x2c d:/atmel studio 7/7.0/toolchain/arm/arm-gnu-toolchain/bin/../lib/gcc/arm-none-eabi/4.9.3/../../../../arm-none-eabi/lib/armv6-m\libc_nano.a(lib_a-readr.o)
 .ARM.attributes
                0x00000bea       0x2c d:/atmel studio 7/7.0/toolchain/arm/arm-gnu-toolchain/bin/../lib/gcc/arm-none-eabi/4.9.3/../../../../arm-none-eabi/lib/armv6-m\libc_nano.a(lib_a-reent.o)
 .ARM.attributes
                0x00000c16       0x2c d:/atmel studio 7/7.0/toolchain/arm/arm-gnu-toolchain/bin/../lib/gcc/arm-none-eabi/4.9.3/../../../../arm-none-eabi/lib/armv6-m\libc_nano.a(lib_a-nano-msizer.o)
 .ARM.attributes
                0x00000c42       0x1e d:/atmel studio 7/7.0/toolchain/arm/arm-gnu-toolchain/bin/../lib/gcc/arm-none-eabi/4.9.3/armv6-m/crtn.o

.comment        0x00000000       0x5b
 .comment       0x00000000       0x5b src/ASF/sam0/drivers/adc/adc_sam_l_c/adc_callback.o
                                 0x5c (size before relaxing)
 .comment       0x00000000       0x5c src/ASF/sam0/drivers/rtc/rtc_sam_l_c/rtc_calendar.o
 .comment       0x00000000       0x5c src/ASF/sam0/drivers/rtc/rtc_sam_l_c/rtc_calendar_interrupt.o
 .comment       0x00000000       0x5c src/ASF/sam0/drivers/tsens/tsens.o
 .comment       0x00000000       0x5c src/main.o
 .comment       0x00000000       0x5c src/ASF/sam0/drivers/tcc/tcc_callback.o
 .comment       0x00000000       0x5c src/ASF/sam0/drivers/events/events_hooks.o
 .comment       0x00000000       0x5c src/ASF/sam0/drivers/events/events_sam_l_c/events.o
 .comment       0x00000000       0x5c src/ASF/common/utils/interrupt/interrupt_sam_nvic.o
 .comment       0x00000000       0x5c src/ASF/sam0/boards/samc21_xplained_pro/board_init.o
 .comment       0x00000000       0x5c src/ASF/sam0/drivers/can/can.o
 .comment       0x00000000       0x5c src/ASF/sam0/drivers/port/port.o
 .comment       0x00000000       0x5c src/ASF/sam0/drivers/sercom/sercom.o
 .comment       0x00000000       0x5c src/ASF/sam0/drivers/sercom/sercom_interrupt.o
 .comment       0x00000000       0x5c src/ASF/sam0/drivers/sercom/usart/usart.o
 .comment       0x00000000       0x5c src/ASF/sam0/drivers/sercom/usart/usart_interrupt.o
 .comment       0x00000000       0x5c src/ASF/sam0/drivers/system/clock/clock_samc20_c21/clock.o
 .comment       0x00000000       0x5c src/ASF/sam0/drivers/system/clock/clock_samc20_c21/gclk.o
 .comment       0x00000000       0x5c src/ASF/sam0/drivers/system/pinmux/pinmux.o
 .comment       0x00000000       0x5c src/ASF/sam0/drivers/system/system.o
 .comment       0x00000000       0x5c src/ASF/sam0/utils/cmsis/samc21/source/gcc/startup_samc21.o
 .comment       0x00000000       0x5c src/ASF/sam0/utils/stdio/read.o
 .comment       0x00000000       0x5c src/ASF/sam0/utils/stdio/write.o
 .comment       0x00000000       0x5c src/ASF/sam0/utils/syscalls/gcc/syscalls.o

.debug_info     0x00000000    0x2f9d4
 .debug_info    0x00000000     0x1480 src/ASF/sam0/drivers/adc/adc_sam_l_c/adc_callback.o
 .debug_info    0x00001480     0x3976 src/ASF/sam0/drivers/rtc/rtc_sam_l_c/rtc_calendar.o
 .debug_info    0x00004df6     0x2034 src/ASF/sam0/drivers/rtc/rtc_sam_l_c/rtc_calendar_interrupt.o
 .debug_info    0x00006e2a     0x1440 src/ASF/sam0/drivers/tsens/tsens.o
 .debug_info    0x0000826a     0xb0ad src/main.o
 .debug_info    0x00013317     0x26d0 src/ASF/sam0/drivers/tcc/tcc_callback.o
 .debug_info    0x000159e7     0x1382 src/ASF/sam0/drivers/events/events_hooks.o
 .debug_info    0x00016d69     0x1d0c src/ASF/sam0/drivers/events/events_sam_l_c/events.o
 .debug_info    0x00018a75      0x1ec src/ASF/common/utils/interrupt/interrupt_sam_nvic.o
 .debug_info    0x00018c61      0x909 src/ASF/sam0/boards/samc21_xplained_pro/board_init.o
 .debug_info    0x0001956a     0x4b33 src/ASF/sam0/drivers/can/can.o
 .debug_info    0x0001e09d      0x904 src/ASF/sam0/drivers/port/port.o
 .debug_info    0x0001e9a1     0x25fc src/ASF/sam0/drivers/sercom/sercom.o
 .debug_info    0x00020f9d     0x23fe src/ASF/sam0/drivers/sercom/sercom_interrupt.o
 .debug_info    0x0002339b     0x4223 src/ASF/sam0/drivers/sercom/usart/usart.o
 .debug_info    0x000275be     0x27f6 src/ASF/sam0/drivers/sercom/usart/usart_interrupt.o
 .debug_info    0x00029db4     0x311d src/ASF/sam0/drivers/system/clock/clock_samc20_c21/clock.o
 .debug_info    0x0002ced1     0x12ab src/ASF/sam0/drivers/system/clock/clock_samc20_c21/gclk.o
 .debug_info    0x0002e17c      0xa60 src/ASF/sam0/drivers/system/pinmux/pinmux.o
 .debug_info    0x0002ebdc      0x17a src/ASF/sam0/drivers/system/system.o
 .debug_info    0x0002ed56      0x4d6 src/ASF/sam0/utils/cmsis/samc21/source/gcc/startup_samc21.o
 .debug_info    0x0002f22c      0x1c2 src/ASF/sam0/utils/stdio/read.o
 .debug_info    0x0002f3ee      0x1bf src/ASF/sam0/utils/stdio/write.o
 .debug_info    0x0002f5ad      0x427 src/ASF/sam0/utils/syscalls/gcc/syscalls.o

.debug_abbrev   0x00000000     0x3ee9
 .debug_abbrev  0x00000000      0x325 src/ASF/sam0/drivers/adc/adc_sam_l_c/adc_callback.o
 .debug_abbrev  0x00000325      0x415 src/ASF/sam0/drivers/rtc/rtc_sam_l_c/rtc_calendar.o
 .debug_abbrev  0x0000073a      0x287 src/ASF/sam0/drivers/rtc/rtc_sam_l_c/rtc_calendar_interrupt.o
 .debug_abbrev  0x000009c1      0x311 src/ASF/sam0/drivers/tsens/tsens.o
 .debug_abbrev  0x00000cd2      0x525 src/main.o
 .debug_abbrev  0x000011f7      0x2f3 src/ASF/sam0/drivers/tcc/tcc_callback.o
 .debug_abbrev  0x000014ea      0x2ac src/ASF/sam0/drivers/events/events_hooks.o
 .debug_abbrev  0x00001796      0x418 src/ASF/sam0/drivers/events/events_sam_l_c/events.o
 .debug_abbrev  0x00001bae       0xf6 src/ASF/common/utils/interrupt/interrupt_sam_nvic.o
 .debug_abbrev  0x00001ca4      0x216 src/ASF/sam0/boards/samc21_xplained_pro/board_init.o
 .debug_abbrev  0x00001eba      0x37a src/ASF/sam0/drivers/can/can.o
 .debug_abbrev  0x00002234      0x1c5 src/ASF/sam0/drivers/port/port.o
 .debug_abbrev  0x000023f9      0x2fd src/ASF/sam0/drivers/sercom/sercom.o
 .debug_abbrev  0x000026f6      0x22c src/ASF/sam0/drivers/sercom/sercom_interrupt.o
 .debug_abbrev  0x00002922      0x3c6 src/ASF/sam0/drivers/sercom/usart/usart.o
 .debug_abbrev  0x00002ce8      0x37b src/ASF/sam0/drivers/sercom/usart/usart_interrupt.o
 .debug_abbrev  0x00003063      0x372 src/ASF/sam0/drivers/system/clock/clock_samc20_c21/clock.o
 .debug_abbrev  0x000033d5      0x338 src/ASF/sam0/drivers/system/clock/clock_samc20_c21/gclk.o
 .debug_abbrev  0x0000370d      0x2b9 src/ASF/sam0/drivers/system/pinmux/pinmux.o
 .debug_abbrev  0x000039c6       0xb9 src/ASF/sam0/drivers/system/system.o
 .debug_abbrev  0x00003a7f      0x12c src/ASF/sam0/utils/cmsis/samc21/source/gcc/startup_samc21.o
 .debug_abbrev  0x00003bab      0x108 src/ASF/sam0/utils/stdio/read.o
 .debug_abbrev  0x00003cb3       0xf5 src/ASF/sam0/utils/stdio/write.o
 .debug_abbrev  0x00003da8      0x141 src/ASF/sam0/utils/syscalls/gcc/syscalls.o

.debug_loc      0x00000000     0x6cce
 .debug_loc     0x00000000      0x328 src/ASF/sam0/drivers/adc/adc_sam_l_c/adc_callback.o
 .debug_loc     0x00000328      0x8fe src/ASF/sam0/drivers/rtc/rtc_sam_l_c/rtc_calendar.o
 .debug_loc     0x00000c26      0x242 src/ASF/sam0/drivers/rtc/rtc_sam_l_c/rtc_calendar_interrupt.o
 .debug_loc     0x00000e68      0x257 src/ASF/sam0/drivers/tsens/tsens.o
 .debug_loc     0x000010bf      0xd8c src/main.o
 .debug_loc     0x00001e4b      0x245 src/ASF/sam0/drivers/tcc/tcc_callback.o
 .debug_loc     0x00002090      0x4a6 src/ASF/sam0/drivers/events/events_hooks.o
 .debug_loc     0x00002536      0x4a7 src/ASF/sam0/drivers/events/events_sam_l_c/events.o
 .debug_loc     0x000029dd       0x1e src/ASF/common/utils/interrupt/interrupt_sam_nvic.o
 .debug_loc     0x000029fb       0x59 src/ASF/sam0/boards/samc21_xplained_pro/board_init.o
 .debug_loc     0x00002a54      0x6de src/ASF/sam0/drivers/can/can.o
 .debug_loc     0x00003132      0x16d src/ASF/sam0/drivers/port/port.o
 .debug_loc     0x0000329f      0x982 src/ASF/sam0/drivers/sercom/sercom.o
 .debug_loc     0x00003c21      0x16c src/ASF/sam0/drivers/sercom/sercom_interrupt.o
 .debug_loc     0x00003d8d      0xd5d src/ASF/sam0/drivers/sercom/usart/usart.o
 .debug_loc     0x00004aea      0x589 src/ASF/sam0/drivers/sercom/usart/usart_interrupt.o
 .debug_loc     0x00005073      0xfcb src/ASF/sam0/drivers/system/clock/clock_samc20_c21/clock.o
 .debug_loc     0x0000603e      0x54a src/ASF/sam0/drivers/system/clock/clock_samc20_c21/gclk.o
 .debug_loc     0x00006588      0x37a src/ASF/sam0/drivers/system/pinmux/pinmux.o
 .debug_loc     0x00006902       0x20 src/ASF/sam0/drivers/system/system.o
 .debug_loc     0x00006922       0x20 src/ASF/sam0/utils/cmsis/samc21/source/gcc/startup_samc21.o
 .debug_loc     0x00006942      0x11d src/ASF/sam0/utils/stdio/read.o
 .debug_loc     0x00006a5f      0x152 src/ASF/sam0/utils/stdio/write.o
 .debug_loc     0x00006bb1      0x11d src/ASF/sam0/utils/syscalls/gcc/syscalls.o

.debug_aranges  0x00000000      0x788
 .debug_aranges
                0x00000000       0x58 src/ASF/sam0/drivers/adc/adc_sam_l_c/adc_callback.o
 .debug_aranges
                0x00000058       0x78 src/ASF/sam0/drivers/rtc/rtc_sam_l_c/rtc_calendar.o
 .debug_aranges
                0x000000d0       0x40 src/ASF/sam0/drivers/rtc/rtc_sam_l_c/rtc_calendar_interrupt.o
 .debug_aranges
                0x00000110       0x30 src/ASF/sam0/drivers/tsens/tsens.o
 .debug_aranges
                0x00000140       0x70 src/main.o
 .debug_aranges
                0x000001b0       0x58 src/ASF/sam0/drivers/tcc/tcc_callback.o
 .debug_aranges
                0x00000208       0x58 src/ASF/sam0/drivers/events/events_hooks.o
 .debug_aranges
                0x00000260       0x80 src/ASF/sam0/drivers/events/events_sam_l_c/events.o
 .debug_aranges
                0x000002e0       0x28 src/ASF/common/utils/interrupt/interrupt_sam_nvic.o
 .debug_aranges
                0x00000308       0x20 src/ASF/sam0/boards/samc21_xplained_pro/board_init.o
 .debug_aranges
                0x00000328       0xc0 src/ASF/sam0/drivers/can/can.o
 .debug_aranges
                0x000003e8       0x28 src/ASF/sam0/drivers/port/port.o
 .debug_aranges
                0x00000410       0x40 src/ASF/sam0/drivers/sercom/sercom.o
 .debug_aranges
                0x00000450       0x60 src/ASF/sam0/drivers/sercom/sercom_interrupt.o
 .debug_aranges
                0x000004b0       0x40 src/ASF/sam0/drivers/sercom/usart/usart.o
 .debug_aranges
                0x000004f0       0x70 src/ASF/sam0/drivers/sercom/usart/usart_interrupt.o
 .debug_aranges
                0x00000560       0x78 src/ASF/sam0/drivers/system/clock/clock_samc20_c21/clock.o
 .debug_aranges
                0x000005d8       0x80 src/ASF/sam0/drivers/system/clock/clock_samc20_c21/gclk.o
 .debug_aranges
                0x00000658       0x40 src/ASF/sam0/drivers/system/pinmux/pinmux.o
 .debug_aranges
                0x00000698       0x28 src/ASF/sam0/drivers/system/system.o
 .debug_aranges
                0x000006c0       0x28 src/ASF/sam0/utils/cmsis/samc21/source/gcc/startup_samc21.o
 .debug_aranges
                0x000006e8       0x20 src/ASF/sam0/utils/stdio/read.o
 .debug_aranges
                0x00000708       0x20 src/ASF/sam0/utils/stdio/write.o
 .debug_aranges
                0x00000728       0x60 src/ASF/sam0/utils/syscalls/gcc/syscalls.o

.debug_ranges   0x00000000      0x7d8
 .debug_ranges  0x00000000       0x48 src/ASF/sam0/drivers/adc/adc_sam_l_c/adc_callback.o
 .debug_ranges  0x00000048       0xa0 src/ASF/sam0/drivers/rtc/rtc_sam_l_c/rtc_calendar.o
 .debug_ranges  0x000000e8       0x30 src/ASF/sam0/drivers/rtc/rtc_sam_l_c/rtc_calendar_interrupt.o
 .debug_ranges  0x00000118       0x20 src/ASF/sam0/drivers/tsens/tsens.o
 .debug_ranges  0x00000138       0x90 src/main.o
 .debug_ranges  0x000001c8       0x48 src/ASF/sam0/drivers/tcc/tcc_callback.o
 .debug_ranges  0x00000210       0x48 src/ASF/sam0/drivers/events/events_hooks.o
 .debug_ranges  0x00000258       0xb0 src/ASF/sam0/drivers/events/events_sam_l_c/events.o
 .debug_ranges  0x00000308       0x18 src/ASF/common/utils/interrupt/interrupt_sam_nvic.o
 .debug_ranges  0x00000320       0x10 src/ASF/sam0/boards/samc21_xplained_pro/board_init.o
 .debug_ranges  0x00000330       0xc8 src/ASF/sam0/drivers/can/can.o
 .debug_ranges  0x000003f8       0x18 src/ASF/sam0/drivers/port/port.o
 .debug_ranges  0x00000410       0x48 src/ASF/sam0/drivers/sercom/sercom.o
 .debug_ranges  0x00000458       0x50 src/ASF/sam0/drivers/sercom/sercom_interrupt.o
 .debug_ranges  0x000004a8      0x128 src/ASF/sam0/drivers/sercom/usart/usart.o
 .debug_ranges  0x000005d0       0x60 src/ASF/sam0/drivers/sercom/usart/usart_interrupt.o
 .debug_ranges  0x00000630       0x68 src/ASF/sam0/drivers/system/clock/clock_samc20_c21/clock.o
 .debug_ranges  0x00000698       0x70 src/ASF/sam0/drivers/system/clock/clock_samc20_c21/gclk.o
 .debug_ranges  0x00000708       0x30 src/ASF/sam0/drivers/system/pinmux/pinmux.o
 .debug_ranges  0x00000738       0x18 src/ASF/sam0/drivers/system/system.o
 .debug_ranges  0x00000750       0x18 src/ASF/sam0/utils/cmsis/samc21/source/gcc/startup_samc21.o
 .debug_ranges  0x00000768       0x10 src/ASF/sam0/utils/stdio/read.o
 .debug_ranges  0x00000778       0x10 src/ASF/sam0/utils/stdio/write.o
 .debug_ranges  0x00000788       0x50 src/ASF/sam0/utils/syscalls/gcc/syscalls.o

.debug_macro    0x00000000     0x9aed
 .debug_macro   0x00000000      0x5d7 src/ASF/sam0/drivers/adc/adc_sam_l_c/adc_callback.o
 .debug_macro   0x000005d7      0x5a4 src/ASF/sam0/drivers/rtc/rtc_sam_l_c/rtc_calendar.o
 .debug_macro   0x00000b7b      0x268 src/ASF/sam0/drivers/rtc/rtc_sam_l_c/rtc_calendar.o
 .debug_macro   0x00000de3       0x20 src/ASF/sam0/drivers/rtc/rtc_sam_l_c/rtc_calendar.o
 .debug_macro   0x00000e03       0x10 src/ASF/sam0/drivers/rtc/rtc_sam_l_c/rtc_calendar.o
 .debug_macro   0x00000e13      0x5a5 src/ASF/sam0/drivers/rtc/rtc_sam_l_c/rtc_calendar_interrupt.o
 .debug_macro   0x000013b8      0x5ac src/ASF/sam0/drivers/tsens/tsens.o
 .debug_macro   0x00001964       0x27 src/ASF/sam0/drivers/tsens/tsens.o
 .debug_macro   0x0000198b      0x77c src/main.o
 .debug_macro   0x00002107       0xa0 src/main.o
 .debug_macro   0x000021a7      0x36c src/main.o
 .debug_macro   0x00002513       0x27 src/main.o
 .debug_macro   0x0000253a      0x2aa src/main.o
 .debug_macro   0x000027e4      0x7e9 src/main.o
 .debug_macro   0x00002fcd       0x18 src/main.o
 .debug_macro   0x00002fe5       0x1f src/main.o
 .debug_macro   0x00003004       0xb2 src/main.o
 .debug_macro   0x000030b6       0x10 src/main.o
 .debug_macro   0x000030c6       0x65 src/main.o
 .debug_macro   0x0000312b       0x8f src/main.o
 .debug_macro   0x000031ba       0x2d src/main.o
 .debug_macro   0x000031e7       0x16 src/main.o
 .debug_macro   0x000031fd      0x5c5 src/ASF/sam0/drivers/tcc/tcc_callback.o
 .debug_macro   0x000037c2      0x59a src/ASF/sam0/drivers/events/events_hooks.o
 .debug_macro   0x00003d5c      0x5cc src/ASF/sam0/drivers/events/events_sam_l_c/events.o
 .debug_macro   0x00004328      0x54a src/ASF/common/utils/interrupt/interrupt_sam_nvic.o
 .debug_macro   0x00004872      0x586 src/ASF/sam0/boards/samc21_xplained_pro/board_init.o
 .debug_macro   0x00004df8       0x19 src/ASF/sam0/boards/samc21_xplained_pro/board_init.o
 .debug_macro   0x00004e11      0x5c1 src/ASF/sam0/drivers/can/can.o
 .debug_macro   0x000053d2      0x564 src/ASF/sam0/drivers/port/port.o
 .debug_macro   0x00005936      0x5dc src/ASF/sam0/drivers/sercom/sercom.o
 .debug_macro   0x00005f12      0x5da src/ASF/sam0/drivers/sercom/sercom_interrupt.o
 .debug_macro   0x000064ec      0x5f0 src/ASF/sam0/drivers/sercom/usart/usart.o
 .debug_macro   0x00006adc       0x5f src/ASF/sam0/drivers/sercom/usart/usart.o
 .debug_macro   0x00006b3b      0x5f0 src/ASF/sam0/drivers/sercom/usart/usart_interrupt.o
 .debug_macro   0x0000712b      0x5b2 src/ASF/sam0/drivers/system/clock/clock_samc20_c21/clock.o
 .debug_macro   0x000076dd      0x581 src/ASF/sam0/drivers/system/clock/clock_samc20_c21/gclk.o
 .debug_macro   0x00007c5e      0x55a src/ASF/sam0/drivers/system/pinmux/pinmux.o
 .debug_macro   0x000081b8       0x12 src/ASF/sam0/drivers/system/pinmux/pinmux.o
 .debug_macro   0x000081ca      0x58f src/ASF/sam0/drivers/system/system.o
 .debug_macro   0x00008759      0x39e src/ASF/sam0/utils/cmsis/samc21/source/gcc/startup_samc21.o
 .debug_macro   0x00008af7       0x3a src/ASF/sam0/utils/cmsis/samc21/source/gcc/startup_samc21.o
 .debug_macro   0x00008b31      0x54a src/ASF/sam0/utils/stdio/read.o
 .debug_macro   0x0000907b      0x54a src/ASF/sam0/utils/stdio/write.o
 .debug_macro   0x000095c5      0x169 src/ASF/sam0/utils/syscalls/gcc/syscalls.o
 .debug_macro   0x0000972e       0x4a src/ASF/sam0/utils/syscalls/gcc/syscalls.o
 .debug_macro   0x00009778       0x97 src/ASF/sam0/utils/syscalls/gcc/syscalls.o
 .debug_macro   0x0000980f       0xef src/ASF/sam0/utils/syscalls/gcc/syscalls.o
 .debug_macro   0x000098fe       0x52 src/ASF/sam0/utils/syscalls/gcc/syscalls.o
 .debug_macro   0x00009950       0x16 src/ASF/sam0/utils/syscalls/gcc/syscalls.o
 .debug_macro   0x00009966       0x10 src/ASF/sam0/utils/syscalls/gcc/syscalls.o
 .debug_macro   0x00009976       0x10 src/ASF/sam0/utils/syscalls/gcc/syscalls.o
 .debug_macro   0x00009986       0x10 src/ASF/sam0/utils/syscalls/gcc/syscalls.o
 .debug_macro   0x00009996       0x35 src/ASF/sam0/utils/syscalls/gcc/syscalls.o
 .debug_macro   0x000099cb      0x122 src/ASF/sam0/utils/syscalls/gcc/syscalls.o

.debug_line     0x00000000    0x10186
 .debug_line    0x00000000      0xc16 src/ASF/sam0/drivers/adc/adc_sam_l_c/adc_callback.o
 .debug_line    0x00000c16      0xc6c src/ASF/sam0/drivers/rtc/rtc_sam_l_c/rtc_calendar.o
 .debug_line    0x00001882      0xac2 src/ASF/sam0/drivers/rtc/rtc_sam_l_c/rtc_calendar_interrupt.o
 .debug_line    0x00002344      0xa94 src/ASF/sam0/drivers/tsens/tsens.o
 .debug_line    0x00002dd8     0x1229 src/main.o
 .debug_line    0x00004001      0xab8 src/ASF/sam0/drivers/tcc/tcc_callback.o
 .debug_line    0x00004ab9      0xa52 src/ASF/sam0/drivers/events/events_hooks.o
 .debug_line    0x0000550b      0xc72 src/ASF/sam0/drivers/events/events_sam_l_c/events.o
 .debug_line    0x0000617d      0x8d3 src/ASF/common/utils/interrupt/interrupt_sam_nvic.o
 .debug_line    0x00006a50      0x978 src/ASF/sam0/boards/samc21_xplained_pro/board_init.o
 .debug_line    0x000073c8      0xcaf src/ASF/sam0/drivers/can/can.o
 .debug_line    0x00008077      0x8ff src/ASF/sam0/drivers/port/port.o
 .debug_line    0x00008976      0xbc9 src/ASF/sam0/drivers/sercom/sercom.o
 .debug_line    0x0000953f      0xb71 src/ASF/sam0/drivers/sercom/sercom_interrupt.o
 .debug_line    0x0000a0b0      0xd1b src/ASF/sam0/drivers/sercom/usart/usart.o
 .debug_line    0x0000adcb      0xc90 src/ASF/sam0/drivers/sercom/usart/usart_interrupt.o
 .debug_line    0x0000ba5b      0xc86 src/ASF/sam0/drivers/system/clock/clock_samc20_c21/clock.o
 .debug_line    0x0000c6e1      0xc07 src/ASF/sam0/drivers/system/clock/clock_samc20_c21/gclk.o
 .debug_line    0x0000d2e8      0x945 src/ASF/sam0/drivers/system/pinmux/pinmux.o
 .debug_line    0x0000dc2d      0x9e7 src/ASF/sam0/drivers/system/system.o
 .debug_line    0x0000e614      0x6c7 src/ASF/sam0/utils/cmsis/samc21/source/gcc/startup_samc21.o
 .debug_line    0x0000ecdb      0x8b5 src/ASF/sam0/utils/stdio/read.o
 .debug_line    0x0000f590      0x8a6 src/ASF/sam0/utils/stdio/write.o
 .debug_line    0x0000fe36      0x350 src/ASF/sam0/utils/syscalls/gcc/syscalls.o

.debug_str      0x00000000    0xa4849
 .debug_str     0x00000000    0x93fcd src/ASF/sam0/drivers/adc/adc_sam_l_c/adc_callback.o
                              0x94b95 (size before relaxing)
 .debug_str     0x00093fcd     0x247e src/ASF/sam0/drivers/rtc/rtc_sam_l_c/rtc_calendar.o
                              0x96894 (size before relaxing)
 .debug_str     0x0009644b      0x105 src/ASF/sam0/drivers/rtc/rtc_sam_l_c/rtc_calendar_interrupt.o
                              0x95917 (size before relaxing)
 .debug_str     0x00096550      0x56a src/ASF/sam0/drivers/tsens/tsens.o
                              0x948d8 (size before relaxing)
 .debug_str     0x00096aba     0x9626 src/main.o
                              0xa00e6 (size before relaxing)
 .debug_str     0x000a00e0      0x7b1 src/ASF/sam0/drivers/tcc/tcc_callback.o
                              0x956d3 (size before relaxing)
 .debug_str     0x000a0891      0x48a src/ASF/sam0/drivers/events/events_hooks.o
                              0x94b94 (size before relaxing)
 .debug_str     0x000a0d1b      0x213 src/ASF/sam0/drivers/events/events_sam_l_c/events.o
                              0x94e74 (size before relaxing)
 .debug_str     0x000a0f2e       0x81 src/ASF/common/utils/interrupt/interrupt_sam_nvic.o
                              0x93cf5 (size before relaxing)
 .debug_str     0x000a0faf      0x12c src/ASF/sam0/boards/samc21_xplained_pro/board_init.o
                              0x96f79 (size before relaxing)
 .debug_str     0x000a10db      0x3ca src/ASF/sam0/drivers/can/can.o
                              0x97d36 (size before relaxing)
 .debug_str     0x000a14a5       0x53 src/ASF/sam0/drivers/port/port.o
                              0x9415d (size before relaxing)
 .debug_str     0x000a14f8      0x394 src/ASF/sam0/drivers/sercom/sercom.o
                              0x95416 (size before relaxing)
 .debug_str     0x000a188c      0x19b src/ASF/sam0/drivers/sercom/sercom_interrupt.o
                              0x9531f (size before relaxing)
 .debug_str     0x000a1a27      0x3f6 src/ASF/sam0/drivers/sercom/usart/usart.o
                              0x9637c (size before relaxing)
 .debug_str     0x000a1e1d      0x16b src/ASF/sam0/drivers/sercom/usart/usart_interrupt.o
                              0x953d4 (size before relaxing)
 .debug_str     0x000a1f88     0x183c src/ASF/sam0/drivers/system/clock/clock_samc20_c21/clock.o
                              0x96f85 (size before relaxing)
 .debug_str     0x000a37c4      0x23a src/ASF/sam0/drivers/system/clock/clock_samc20_c21/gclk.o
                              0x94865 (size before relaxing)
 .debug_str     0x000a39fe      0x1b5 src/ASF/sam0/drivers/system/pinmux/pinmux.o
                              0x941f5 (size before relaxing)
 .debug_str     0x000a3bb3       0x47 src/ASF/sam0/drivers/system/system.o
                              0x93d85 (size before relaxing)
 .debug_str     0x000a3bfa      0x3d2 src/ASF/sam0/utils/cmsis/samc21/source/gcc/startup_samc21.o
                              0x7fadd (size before relaxing)
 .debug_str     0x000a3fcc       0x2a src/ASF/sam0/utils/stdio/read.o
                              0x93ca2 (size before relaxing)
 .debug_str     0x000a3ff6       0x24 src/ASF/sam0/utils/stdio/write.o
                              0x93ca4 (size before relaxing)
 .debug_str     0x000a401a      0x82f src/ASF/sam0/utils/syscalls/gcc/syscalls.o
                               0x6002 (size before relaxing)

.debug_frame    0x00000000     0x1c48
 .debug_frame   0x00000000       0xb4 src/ASF/sam0/drivers/adc/adc_sam_l_c/adc_callback.o
 .debug_frame   0x000000b4      0x148 src/ASF/sam0/drivers/rtc/rtc_sam_l_c/rtc_calendar.o
 .debug_frame   0x000001fc       0x8c src/ASF/sam0/drivers/rtc/rtc_sam_l_c/rtc_calendar_interrupt.o
 .debug_frame   0x00000288       0x58 src/ASF/sam0/drivers/tsens/tsens.o
 .debug_frame   0x000002e0      0x154 src/main.o
 .debug_frame   0x00000434       0xd4 src/ASF/sam0/drivers/tcc/tcc_callback.o
 .debug_frame   0x00000508       0xb8 src/ASF/sam0/drivers/events/events_hooks.o
 .debug_frame   0x000005c0      0x100 src/ASF/sam0/drivers/events/events_sam_l_c/events.o
 .debug_frame   0x000006c0       0x30 src/ASF/common/utils/interrupt/interrupt_sam_nvic.o
 .debug_frame   0x000006f0       0x30 src/ASF/sam0/boards/samc21_xplained_pro/board_init.o
 .debug_frame   0x00000720      0x1b0 src/ASF/sam0/drivers/can/can.o
 .debug_frame   0x000008d0       0x44 src/ASF/sam0/drivers/port/port.o
 .debug_frame   0x00000914       0x9c src/ASF/sam0/drivers/sercom/sercom.o
 .debug_frame   0x000009b0       0xec src/ASF/sam0/drivers/sercom/sercom_interrupt.o
 .debug_frame   0x00000a9c       0xbc src/ASF/sam0/drivers/sercom/usart/usart.o
 .debug_frame   0x00000b58      0x110 src/ASF/sam0/drivers/sercom/usart/usart_interrupt.o
 .debug_frame   0x00000c68      0x164 src/ASF/sam0/drivers/system/clock/clock_samc20_c21/clock.o
 .debug_frame   0x00000dcc      0x150 src/ASF/sam0/drivers/system/clock/clock_samc20_c21/gclk.o
 .debug_frame   0x00000f1c       0x98 src/ASF/sam0/drivers/system/pinmux/pinmux.o
 .debug_frame   0x00000fb4       0x38 src/ASF/sam0/drivers/system/system.o
 .debug_frame   0x00000fec       0x38 src/ASF/sam0/utils/cmsis/samc21/source/gcc/startup_samc21.o
 .debug_frame   0x00001024       0x34 src/ASF/sam0/utils/stdio/read.o
 .debug_frame   0x00001058       0x34 src/ASF/sam0/utils/stdio/write.o
 .debug_frame   0x0000108c       0xa8 src/ASF/sam0/utils/syscalls/gcc/syscalls.o
 .debug_frame   0x00001134       0x20 d:/atmel studio 7/7.0/toolchain/arm/arm-gnu-toolchain/bin/../lib/gcc/arm-none-eabi/4.9.3/armv6-m\libgcc.a(_udivsi3.o)
 .debug_frame   0x00001154       0x34 d:/atmel studio 7/7.0/toolchain/arm/arm-gnu-toolchain/bin/../lib/gcc/arm-none-eabi/4.9.3/armv6-m\libgcc.a(_muldi3.o)
 .debug_frame   0x00001188       0x2c d:/atmel studio 7/7.0/toolchain/arm/arm-gnu-toolchain/bin/../lib/gcc/arm-none-eabi/4.9.3/../../../../arm-none-eabi/lib/armv6-m\libc_nano.a(lib_a-init.o)
 .debug_frame   0x000011b4       0x28 d:/atmel studio 7/7.0/toolchain/arm/arm-gnu-toolchain/bin/../lib/gcc/arm-none-eabi/4.9.3/../../../../arm-none-eabi/lib/armv6-m\libc_nano.a(lib_a-memcpy.o)
 .debug_frame   0x000011dc       0x20 d:/atmel studio 7/7.0/toolchain/arm/arm-gnu-toolchain/bin/../lib/gcc/arm-none-eabi/4.9.3/../../../../arm-none-eabi/lib/armv6-m\libc_nano.a(lib_a-memset.o)
 .debug_frame   0x000011fc       0x50 d:/atmel studio 7/7.0/toolchain/arm/arm-gnu-toolchain/bin/../lib/gcc/arm-none-eabi/4.9.3/../../../../arm-none-eabi/lib/armv6-m\libc_nano.a(lib_a-printf.o)
 .debug_frame   0x0000124c       0x44 d:/atmel studio 7/7.0/toolchain/arm/arm-gnu-toolchain/bin/../lib/gcc/arm-none-eabi/4.9.3/../../../../arm-none-eabi/lib/armv6-m\libc_nano.a(lib_a-puts.o)
 .debug_frame   0x00001290       0x50 d:/atmel studio 7/7.0/toolchain/arm/arm-gnu-toolchain/bin/../lib/gcc/arm-none-eabi/4.9.3/../../../../arm-none-eabi/lib/armv6-m\libc_nano.a(lib_a-scanf.o)
 .debug_frame   0x000012e0       0x28 d:/atmel studio 7/7.0/toolchain/arm/arm-gnu-toolchain/bin/../lib/gcc/arm-none-eabi/4.9.3/../../../../arm-none-eabi/lib/armv6-m\libc_nano.a(lib_a-setbuf.o)
 .debug_frame   0x00001308       0x34 d:/atmel studio 7/7.0/toolchain/arm/arm-gnu-toolchain/bin/../lib/gcc/arm-none-eabi/4.9.3/../../../../arm-none-eabi/lib/armv6-m\libc_nano.a(lib_a-setvbuf.o)
 .debug_frame   0x0000133c       0x44 d:/atmel studio 7/7.0/toolchain/arm/arm-gnu-toolchain/bin/../lib/gcc/arm-none-eabi/4.9.3/../../../../arm-none-eabi/lib/armv6-m\libc_nano.a(lib_a-wbuf.o)
 .debug_frame   0x00001380       0x2c d:/atmel studio 7/7.0/toolchain/arm/arm-gnu-toolchain/bin/../lib/gcc/arm-none-eabi/4.9.3/../../../../arm-none-eabi/lib/armv6-m\libc_nano.a(lib_a-wsetup.o)
 .debug_frame   0x000013ac       0x68 d:/atmel studio 7/7.0/toolchain/arm/arm-gnu-toolchain/bin/../lib/gcc/arm-none-eabi/4.9.3/../../../../arm-none-eabi/lib/armv6-m\libc_nano.a(lib_a-fflush.o)
 .debug_frame   0x00001414      0x140 d:/atmel studio 7/7.0/toolchain/arm/arm-gnu-toolchain/bin/../lib/gcc/arm-none-eabi/4.9.3/../../../../arm-none-eabi/lib/armv6-m\libc_nano.a(lib_a-findfp.o)
 .debug_frame   0x00001554       0x58 d:/atmel studio 7/7.0/toolchain/arm/arm-gnu-toolchain/bin/../lib/gcc/arm-none-eabi/4.9.3/../../../../arm-none-eabi/lib/armv6-m\libc_nano.a(lib_a-fwalk.o)
 .debug_frame   0x000015ac       0x30 d:/atmel studio 7/7.0/toolchain/arm/arm-gnu-toolchain/bin/../lib/gcc/arm-none-eabi/4.9.3/../../../../arm-none-eabi/lib/armv6-m\libc_nano.a(lib_a-makebuf.o)
 .debug_frame   0x000015dc       0x40 d:/atmel studio 7/7.0/toolchain/arm/arm-gnu-toolchain/bin/../lib/gcc/arm-none-eabi/4.9.3/../../../../arm-none-eabi/lib/armv6-m\libc_nano.a(lib_a-malloc.o)
 .debug_frame   0x0000161c       0x2c d:/atmel studio 7/7.0/toolchain/arm/arm-gnu-toolchain/bin/../lib/gcc/arm-none-eabi/4.9.3/../../../../arm-none-eabi/lib/armv6-m\libc_nano.a(lib_a-nano-freer.o)
 .debug_frame   0x00001648       0x2c d:/atmel studio 7/7.0/toolchain/arm/arm-gnu-toolchain/bin/../lib/gcc/arm-none-eabi/4.9.3/../../../../arm-none-eabi/lib/armv6-m\libc_nano.a(lib_a-nano-mallocr.o)
 .debug_frame   0x00001674       0xa0 d:/atmel studio 7/7.0/toolchain/arm/arm-gnu-toolchain/bin/../lib/gcc/arm-none-eabi/4.9.3/../../../../arm-none-eabi/lib/armv6-m\libc_nano.a(lib_a-nano-vfprintf.o)
 .debug_frame   0x00001714       0x54 d:/atmel studio 7/7.0/toolchain/arm/arm-gnu-toolchain/bin/../lib/gcc/arm-none-eabi/4.9.3/../../../../arm-none-eabi/lib/armv6-m\libc_nano.a(lib_a-nano-vfprintf_i.o)
 .debug_frame   0x00001768       0x94 d:/atmel studio 7/7.0/toolchain/arm/arm-gnu-toolchain/bin/../lib/gcc/arm-none-eabi/4.9.3/../../../../arm-none-eabi/lib/armv6-m\libc_nano.a(lib_a-nano-vfscanf.o)
 .debug_frame   0x000017fc       0x54 d:/atmel studio 7/7.0/toolchain/arm/arm-gnu-toolchain/bin/../lib/gcc/arm-none-eabi/4.9.3/../../../../arm-none-eabi/lib/armv6-m\libc_nano.a(lib_a-nano-vfscanf_i.o)
 .debug_frame   0x00001850       0x48 d:/atmel studio 7/7.0/toolchain/arm/arm-gnu-toolchain/bin/../lib/gcc/arm-none-eabi/4.9.3/../../../../arm-none-eabi/lib/armv6-m\libc_nano.a(lib_a-refill.o)
 .debug_frame   0x00001898       0x2c d:/atmel studio 7/7.0/toolchain/arm/arm-gnu-toolchain/bin/../lib/gcc/arm-none-eabi/4.9.3/../../../../arm-none-eabi/lib/armv6-m\libc_nano.a(lib_a-sbrkr.o)
 .debug_frame   0x000018c4       0x30 d:/atmel studio 7/7.0/toolchain/arm/arm-gnu-toolchain/bin/../lib/gcc/arm-none-eabi/4.9.3/../../../../arm-none-eabi/lib/armv6-m\libc_nano.a(lib_a-sccl.o)
 .debug_frame   0x000018f4       0x90 d:/atmel studio 7/7.0/toolchain/arm/arm-gnu-toolchain/bin/../lib/gcc/arm-none-eabi/4.9.3/../../../../arm-none-eabi/lib/armv6-m\libc_nano.a(lib_a-stdio.o)
 .debug_frame   0x00001984       0x4c d:/atmel studio 7/7.0/toolchain/arm/arm-gnu-toolchain/bin/../lib/gcc/arm-none-eabi/4.9.3/../../../../arm-none-eabi/lib/armv6-m\libc_nano.a(lib_a-strtol.o)
 .debug_frame   0x000019d0       0x4c d:/atmel studio 7/7.0/toolchain/arm/arm-gnu-toolchain/bin/../lib/gcc/arm-none-eabi/4.9.3/../../../../arm-none-eabi/lib/armv6-m\libc_nano.a(lib_a-strtoul.o)
 .debug_frame   0x00001a1c       0x6c d:/atmel studio 7/7.0/toolchain/arm/arm-gnu-toolchain/bin/../lib/gcc/arm-none-eabi/4.9.3/../../../../arm-none-eabi/lib/armv6-m\libc_nano.a(lib_a-ungetc.o)
 .debug_frame   0x00001a88       0x2c d:/atmel studio 7/7.0/toolchain/arm/arm-gnu-toolchain/bin/../lib/gcc/arm-none-eabi/4.9.3/../../../../arm-none-eabi/lib/armv6-m\libc_nano.a(lib_a-writer.o)
 .debug_frame   0x00001ab4       0x2c d:/atmel studio 7/7.0/toolchain/arm/arm-gnu-toolchain/bin/../lib/gcc/arm-none-eabi/4.9.3/../../../../arm-none-eabi/lib/armv6-m\libc_nano.a(lib_a-closer.o)
 .debug_frame   0x00001ae0       0x2c d:/atmel studio 7/7.0/toolchain/arm/arm-gnu-toolchain/bin/../lib/gcc/arm-none-eabi/4.9.3/../../../../arm-none-eabi/lib/armv6-m\libc_nano.a(lib_a-fstatr.o)
 .debug_frame   0x00001b0c       0x2c d:/atmel studio 7/7.0/toolchain/arm/arm-gnu-toolchain/bin/../lib/gcc/arm-none-eabi/4.9.3/../../../../arm-none-eabi/lib/armv6-m\libc_nano.a(lib_a-isattyr.o)
 .debug_frame   0x00001b38       0x2c d:/atmel studio 7/7.0/toolchain/arm/arm-gnu-toolchain/bin/../lib/gcc/arm-none-eabi/4.9.3/../../../../arm-none-eabi/lib/armv6-m\libc_nano.a(lib_a-lseekr.o)
 .debug_frame   0x00001b64       0x20 d:/atmel studio 7/7.0/toolchain/arm/arm-gnu-toolchain/bin/../lib/gcc/arm-none-eabi/4.9.3/../../../../arm-none-eabi/lib/armv6-m\libc_nano.a(lib_a-memchr.o)
 .debug_frame   0x00001b84       0x30 d:/atmel studio 7/7.0/toolchain/arm/arm-gnu-toolchain/bin/../lib/gcc/arm-none-eabi/4.9.3/../../../../arm-none-eabi/lib/armv6-m\libc_nano.a(lib_a-nano-reallocr.o)