Archive member included because of file (symbol)

d:/atmel studio 7/7.0/toolchain/arm/arm-gnu-toolchain/bin/../lib/gcc/arm-none-eabi/4.9.3/armv6-m\libgcc.a(_udivsi3.o)
                              src/ASF/sam0/drivers/system/clock/clock_samc20_c21/clock.o (__aeabi_uidiv)
d:/atmel studio 7/7.0/toolchain/arm/arm-gnu-toolchain/bin/../lib/gcc/arm-none-eabi/4.9.3/armv6-m\libgcc.a(_dvmd_tls.o)
                              d:/atmel studio 7/7.0/toolchain/arm/arm-gnu-toolchain/bin/../lib/gcc/arm-none-eabi/4.9.3/armv6-m\libgcc.a(_udivsi3.o) (__aeabi_idiv0)
d:/atmel studio 7/7.0/toolchain/arm/arm-gnu-toolchain/bin/../lib/gcc/arm-none-eabi/4.9.3/armv6-m\libgcc.a(_muldi3.o)
                              src/ASF/sam0/drivers/sercom/sercom.o (__aeabi_lmul)
d:/atmel studio 7/7.0/toolchain/arm/arm-gnu-toolchain/bin/../lib/gcc/arm-none-eabi/4.9.3/../../../../arm-none-eabi/lib/armv6-m\libc_nano.a(lib_a-exit.o)
                              d:/atmel studio 7/7.0/toolchain/arm/arm-gnu-toolchain/bin/../lib/gcc/arm-none-eabi/4.9.3/../../../../arm-none-eabi/lib/armv6-m/crt0.o (exit)
d:/atmel studio 7/7.0/toolchain/arm/arm-gnu-toolchain/bin/../lib/gcc/arm-none-eabi/4.9.3/../../../../arm-none-eabi/lib/armv6-m\libc_nano.a(lib_a-impure.o)
                              d:/atmel studio 7/7.0/toolchain/arm/arm-gnu-toolchain/bin/../lib/gcc/arm-none-eabi/4.9.3/../../../../arm-none-eabi/lib/armv6-m\libc_nano.a(lib_a-exit.o) (_global_impure_ptr)
d:/atmel studio 7/7.0/toolchain/arm/arm-gnu-toolchain/bin/../lib/gcc/arm-none-eabi/4.9.3/../../../../arm-none-eabi/lib/armv6-m\libc_nano.a(lib_a-init.o)
                              d:/atmel studio 7/7.0/toolchain/arm/arm-gnu-toolchain/bin/../lib/gcc/arm-none-eabi/4.9.3/../../../../arm-none-eabi/lib/armv6-m/crt0.o (__libc_init_array)
d:/atmel studio 7/7.0/toolchain/arm/arm-gnu-toolchain/bin/../lib/gcc/arm-none-eabi/4.9.3/../../../../arm-none-eabi/lib/armv6-m\libc_nano.a(lib_a-memcpy.o)
                              src/ASF/sam0/drivers/can/can.o (memcpy)
d:/atmel studio 7/7.0/toolchain/arm/arm-gnu-toolchain/bin/../lib/gcc/arm-none-eabi/4.9.3/../../../../arm-none-eabi/lib/armv6-m\libc_nano.a(lib_a-memset.o)
                              d:/atmel studio 7/7.0/toolchain/arm/arm-gnu-toolchain/bin/../lib/gcc/arm-none-eabi/4.9.3/../../../../arm-none-eabi/lib/armv6-m/crt0.o (memset)
d:/atmel studio 7/7.0/toolchain/arm/arm-gnu-toolchain/bin/../lib/gcc/arm-none-eabi/4.9.3/../../../../arm-none-eabi/lib/armv6-m\libc_nano.a(lib_a-printf.o)
                              src/main.o (printf)
d:/atmel studio 7/7.0/toolchain/arm/arm-gnu-toolchain/bin/../lib/gcc/arm-none-eabi/4.9.3/../../../../arm-none-eabi/lib/armv6-m\libc_nano.a(lib_a-puts.o)
                              src/main.o (puts)
d:/atmel studio 7/7.0/toolchain/arm/arm-gnu-toolchain/bin/../lib/gcc/arm-none-eabi/4.9.3/../../../../arm-none-eabi/lib/armv6-m\libc_nano.a(lib_a-scanf.o)
                              src/main.o (scanf)
d:/atmel studio 7/7.0/toolchain/arm/arm-gnu-toolchain/bin/../lib/gcc/arm-none-eabi/4.9.3/../../../../arm-none-eabi/lib/armv6-m\libc_nano.a(lib_a-setbuf.o)
                              src/main.o (setbuf)
d:/atmel studio 7/7.0/toolchain/arm/arm-gnu-toolchain/bin/../lib/gcc/arm-none-eabi/4.9.3/../../../../arm-none-eabi/lib/armv6-m\libc_nano.a(lib_a-setvbuf.o)
                              d:/atmel studio 7/7.0/toolchain/arm/arm-gnu-toolchain/bin/../lib/gcc/arm-none-eabi/4.9.3/../../../../arm-none-eabi/lib/armv6-m\libc_nano.a(lib_a-setbuf.o) (setvbuf)
d:/atmel studio 7/7.0/toolchain/arm/arm-gnu-toolchain/bin/../lib/gcc/arm-none-eabi/4.9.3/../../../../arm-none-eabi/lib/armv6-m\libc_nano.a(lib_a-wbuf.o)
                              d:/atmel studio 7/7.0/toolchain/arm/arm-gnu-toolchain/bin/../lib/gcc/arm-none-eabi/4.9.3/../../../../arm-none-eabi/lib/armv6-m\libc_nano.a(lib_a-puts.o) (__swbuf_r)
d:/atmel studio 7/7.0/toolchain/arm/arm-gnu-toolchain/bin/../lib/gcc/arm-none-eabi/4.9.3/../../../../arm-none-eabi/lib/armv6-m\libc_nano.a(lib_a-wsetup.o)
                              d:/atmel studio 7/7.0/toolchain/arm/arm-gnu-toolchain/bin/../lib/gcc/arm-none-eabi/4.9.3/../../../../arm-none-eabi/lib/armv6-m\libc_nano.a(lib_a-puts.o) (__swsetup_r)
d:/atmel studio 7/7.0/toolchain/arm/arm-gnu-toolchain/bin/../lib/gcc/arm-none-eabi/4.9.3/../../../../arm-none-eabi/lib/armv6-m\libc_nano.a(lib_a-fflush.o)
                              d:/atmel studio 7/7.0/toolchain/arm/arm-gnu-toolchain/bin/../lib/gcc/arm-none-eabi/4.9.3/../../../../arm-none-eabi/lib/armv6-m\libc_nano.a(lib_a-setvbuf.o) (_fflush_r)
d:/atmel studio 7/7.0/toolchain/arm/arm-gnu-toolchain/bin/../lib/gcc/arm-none-eabi/4.9.3/../../../../arm-none-eabi/lib/armv6-m\libc_nano.a(lib_a-findfp.o)
                              d:/atmel studio 7/7.0/toolchain/arm/arm-gnu-toolchain/bin/../lib/gcc/arm-none-eabi/4.9.3/../../../../arm-none-eabi/lib/armv6-m\libc_nano.a(lib_a-setvbuf.o) (_cleanup_r)
[...]
Memory Configuration

Name             Origin             Length             Attributes
rom              0x00000000         0x00040000         xr
ram              0x20000000         0x00008000         xrw
*default*        0x00000000         0xffffffff

Linker script and memory map

LOAD d:/atmel studio 7/7.0/toolchain/arm/arm-gnu-toolchain/bin/../lib/gcc/arm-none-eabi/4.9.3/armv6-m/crti.o
LOAD d:/atmel studio 7/7.0/toolchain/arm/arm-gnu-toolchain/bin/../lib/gcc/arm-none-eabi/4.9.3/armv6-m/crtbegin.o
LOAD d:/atmel studio 7/7.0/toolchain/arm/arm-gnu-toolchain/bin/../lib/gcc/arm-none-eabi/4.9.3/../../../../arm-none-eabi/lib/armv6-m/crt0.o
LOAD src/ASF/sam0/drivers/rtc/rtc_sam_l_c/rtc_calendar.o
LOAD src/ASF/sam0/drivers/rtc/rtc_sam_l_c/rtc_calendar_interrupt.o
LOAD src/main.o
LOAD src/ASF/sam0/drivers/tcc/tcc.o
LOAD src/ASF/sam0/drivers/tcc/tcc_callback.o
LOAD src/ASF/sam0/drivers/events/events_hooks.o
LOAD src/ASF/sam0/drivers/events/events_sam_l_c/events.o
LOAD src/ASF/common/utils/interrupt/interrupt_sam_nvic.o
LOAD src/ASF/sam0/boards/samc21_xplained_pro/board_init.o
LOAD src/ASF/sam0/drivers/can/can.o
LOAD src/ASF/sam0/drivers/port/port.o
LOAD src/ASF/sam0/drivers/sercom/sercom.o
LOAD src/ASF/sam0/drivers/sercom/sercom_interrupt.o
LOAD src/ASF/sam0/drivers/sercom/usart/usart.o
LOAD src/ASF/sam0/drivers/sercom/usart/usart_interrupt.o
LOAD src/ASF/sam0/drivers/system/clock/clock_samc20_c21/clock.o
LOAD src/ASF/sam0/drivers/system/clock/clock_samc20_c21/gclk.o
LOAD src/ASF/sam0/drivers/system/interrupt/system_interrupt.o
LOAD src/ASF/sam0/drivers/system/pinmux/pinmux.o
LOAD src/ASF/sam0/drivers/system/system.o
LOAD src/ASF/sam0/utils/cmsis/samc21/source/gcc/startup_samc21.o
LOAD src/ASF/sam0/utils/cmsis/samc21/source/system_samc21.o
LOAD src/ASF/sam0/utils/stdio/read.o
LOAD src/ASF/sam0/utils/stdio/write.o
LOAD src/ASF/sam0/utils/syscalls/gcc/syscalls.o
START GROUP
LOAD ../src/ASF/thirdparty/CMSIS/Lib/GCC\libarm_cortexM0l_math.a
LOAD d:/atmel studio 7/7.0/toolchain/arm/arm-gnu-toolchain/bin/../lib/gcc/arm-none-eabi/4.9.3/../../../../arm-none-eabi/lib/armv6-m\libm.a
END GROUP
START GROUP
LOAD d:/atmel studio 7/7.0/toolchain/arm/arm-gnu-toolchain/bin/../lib/gcc/arm-none-eabi/4.9.3/armv6-m\libgcc.a
LOAD d:/atmel studio 7/7.0/toolchain/arm/arm-gnu-toolchain/bin/../lib/gcc/arm-none-eabi/4.9.3/../../../../arm-none-eabi/lib/armv6-m\libc_nano.a
END GROUP
START GROUP
LOAD d:/atmel studio 7/7.0/toolchain/arm/arm-gnu-toolchain/bin/../lib/gcc/arm-none-eabi/4.9.3/armv6-m\libgcc.a
LOAD d:/atmel studio 7/7.0/toolchain/arm/arm-gnu-toolchain/bin/../lib/gcc/arm-none-eabi/4.9.3/../../../../arm-none-eabi/lib/armv6-m\libc_nano.a
END GROUP
LOAD d:/atmel studio 7/7.0/toolchain/arm/arm-gnu-toolchain/bin/../lib/gcc/arm-none-eabi/4.9.3/armv6-m/crtend.o
LOAD d:/atmel studio 7/7.0/toolchain/arm/arm-gnu-toolchain/bin/../lib/gcc/arm-none-eabi/4.9.3/armv6-m/crtn.o
                0x00002000                STACK_SIZE = DEFINED (STACK_SIZE)?STACK_SIZE:DEFINED (__stack_size__)?__stack_size__:0x2000

.text           0x00000000     0x50ac
                0x00000000                . = ALIGN (0x4)
                0x00000000                _sfixed = .
 *(.vectors .vectors.*)
 .vectors       0x00000000       0xbc src/ASF/sam0/utils/cmsis/samc21/source/gcc/startup_samc21.o
                0x00000000                exception_table
 *(.text .text.* .gnu.linkonce.t.*)
 .text          0x000000bc       0x60 d:/atmel studio 7/7.0/toolchain/arm/arm-gnu-toolchain/bin/../lib/gcc/arm-none-eabi/4.9.3/armv6-m/crtbegin.o
 .text.rtc_calendar_enable
                0x0000011c       0x28 src/ASF/sam0/drivers/rtc/rtc_sam_l_c/rtc_calendar.o
                0x0000011c                rtc_calendar_enable
 .text.rtc_calendar_disable
                0x00000144       0x2c src/ASF/sam0/drivers/rtc/rtc_sam_l_c/rtc_calendar.o
                0x00000144                rtc_calendar_disable
 .text.rtc_calendar_reset
                0x00000170       0x30 src/ASF/sam0/drivers/rtc/rtc_sam_l_c/rtc_calendar.o
                0x00000170                rtc_calendar_reset
 .text.rtc_calendar_time_to_register_value
                0x000001a0       0x3c src/ASF/sam0/drivers/rtc/rtc_sam_l_c/rtc_calendar.o
                0x000001a0                rtc_calendar_time_to_register_value
 .text.rtc_calendar_set_alarm
                0x000001dc       0x40 src/ASF/sam0/drivers/rtc/rtc_sam_l_c/rtc_calendar.o
                0x000001dc                rtc_calendar_set_alarm
 .text.rtc_calendar_init
                0x0000021c       0x7c src/ASF/sam0/drivers/rtc/rtc_sam_l_c/rtc_calendar.o
                0x0000021c                rtc_calendar_init
 .text.rtc_calendar_register_callback
                0x00000298       0x20 src/ASF/sam0/drivers/rtc/rtc_sam_l_c/rtc_calendar_interrupt.o
                0x00000298                rtc_calendar_register_callback
 .text.rtc_calendar_enable_callback
                0x000002b8       0x48 src/ASF/sam0/drivers/rtc/rtc_sam_l_c/rtc_calendar_interrupt.o
                0x000002b8                rtc_calendar_enable_callback
 .text.RTC_Handler
                0x00000300       0xa4 src/ASF/sam0/drivers/rtc/rtc_sam_l_c/rtc_calendar_interrupt.o
                0x00000300                RTC_Handler
 .text.event_counter
                0x000003a4       0x44 src/main.o
                0x000003a4                event_counter
 .text.rtc_match_callback
                0x000003e8       0x40 src/main.o
                0x000003e8                rtc_match_callback
 .text.usart_serial_getchar
                0x00000428       0x2c src/main.o
 .text.usart_serial_putchar
                0x00000454       0x18 src/main.o
 .text.can_send_standard_message
                0x0000046c       0x6c src/main.o
 .text.can_send_extended_message
                0x000004d8       0x6c src/main.o
 .text.CAN0_Handler
                0x00000544      0x258 src/main.o
                0x00000544                CAN0_Handler
 .text.configure_rtc_calendar
                0x0000079c       0x94 src/main.o
                0x0000079c                configure_rtc_calendar
 .text.configure_rtc_callbacks
                0x00000830       0x28 src/main.o
                0x00000830                configure_rtc_callbacks
 .text.main     0x00000858      0x428 src/main.o
                0x00000858                main
 .text._tcc_interrupt_handler
                0x00000c80       0x48 src/ASF/sam0/drivers/tcc/tcc_callback.o
                0x00000c80                _tcc_interrupt_handler
 .text.TCC0_Handler
                0x00000cc8       0x10 src/ASF/sam0/drivers/tcc/tcc_callback.o
                0x00000cc8                TCC0_Handler
 .text.TCC1_Handler
                0x00000cd8       0x10 src/ASF/sam0/drivers/tcc/tcc_callback.o
                0x00000cd8                TCC1_Handler
 .text.TCC2_Handler
                0x00000ce8       0x10 src/ASF/sam0/drivers/tcc/tcc_callback.o
                0x00000ce8                TCC2_Handler
 .text.events_create_hook
                0x00000cf8        0xc src/ASF/sam0/drivers/events/events_hooks.o
                0x00000cf8                events_create_hook
 .text.events_add_hook
                0x00000d04       0x34 src/ASF/sam0/drivers/events/events_hooks.o
                0x00000d04                events_add_hook
 .text.events_enable_interrupt_source
                0x00000d38       0x34 src/ASF/sam0/drivers/events/events_hooks.o
                0x00000d38                events_enable_interrupt_source
 .text.events_is_interrupt_set
                0x00000d6c       0x34 src/ASF/sam0/drivers/events/events_hooks.o
                0x00000d6c                events_is_interrupt_set
 .text.events_ack_interrupt
                0x00000da0       0x34 src/ASF/sam0/drivers/events/events_hooks.o
                0x00000da0                events_ack_interrupt
 .text.EVSYS_Handler
                0x00000dd4       0x3c src/ASF/sam0/drivers/events/events_hooks.o
                0x00000dd4                EVSYS_Handler
 .text._events_find_bit_position
                0x00000e10        0xc src/ASF/sam0/drivers/events/events_sam_l_c/events.o
                0x00000e10                _events_find_bit_position
 .text._system_events_init
                0x00000e1c       0x20 src/ASF/sam0/drivers/events/events_sam_l_c/events.o
                0x00000e1c                _system_events_init
 .text.events_get_config_defaults
                0x00000e3c       0x14 src/ASF/sam0/drivers/events/events_sam_l_c/events.o
                0x00000e3c                events_get_config_defaults
 .text.events_allocate
                0x00000e50       0xc0 src/ASF/sam0/drivers/events/events_sam_l_c/events.o
                0x00000e50                events_allocate
 .text.events_is_busy
                0x00000f10       0x1c src/ASF/sam0/drivers/events/events_sam_l_c/events.o
                0x00000f10                events_is_busy
 .text.events_attach_user
                0x00000f2c       0x20 src/ASF/sam0/drivers/events/events_sam_l_c/events.o
                0x00000f2c                events_attach_user
 .text.cpu_irq_enter_critical
                0x00000f4c       0x40 src/ASF/common/utils/interrupt/interrupt_sam_nvic.o
                0x00000f4c                cpu_irq_enter_critical
 .text.cpu_irq_leave_critical
                0x00000f8c       0x30 src/ASF/common/utils/interrupt/interrupt_sam_nvic.o
                0x00000f8c                cpu_irq_leave_critical
 .text.system_board_init
                0x00000fbc       0x34 src/ASF/sam0/boards/samc21_xplained_pro/board_init.o
                0x00000fbc                board_init
                0x00000fbc                system_board_init
 .text._can_enable_peripheral_clock
                0x00000ff0       0x38 src/ASF/sam0/drivers/can/can.o
 .text.can_init
                0x00001028      0x2f0 src/ASF/sam0/drivers/can/can.o
                0x00001028                can_init
 .text.can_start
                0x00001318       0x18 src/ASF/sam0/drivers/can/can.o
                0x00001318                can_start
 .text.can_set_rx_standand_filter
                0x00001330       0x3c src/ASF/sam0/drivers/can/can.o
                0x00001330                can_set_rx_standand_filter
 .text.can_set_rx_extended_filter
                0x0000136c       0x48 src/ASF/sam0/drivers/can/can.o
                0x0000136c                can_set_rx_extended_filter
 .text.can_get_rx_buffer_element
                0x000013b4       0x50 src/ASF/sam0/drivers/can/can.o
                0x000013b4                can_get_rx_buffer_element
 .text.can_get_rx_fifo_0_element
                0x00001404       0x50 src/ASF/sam0/drivers/can/can.o
                0x00001404                can_get_rx_fifo_0_element
 .text.can_get_rx_fifo_1_element
                0x00001454       0x50 src/ASF/sam0/drivers/can/can.o
                0x00001454                can_get_rx_fifo_1_element
 .text.can_set_tx_buffer_element
                0x000014a4       0x70 src/ASF/sam0/drivers/can/can.o
                0x000014a4                can_set_tx_buffer_element
 .text.port_pin_set_config
                0x00001514       0x24 src/ASF/sam0/drivers/port/port.o
                0x00001514                port_pin_set_config
 .text._sercom_get_sync_baud_val
                0x00001538       0x28 src/ASF/sam0/drivers/sercom/sercom.o
                0x00001538                _sercom_get_sync_baud_val
 .text._sercom_get_async_baud_val
                0x00001560      0x1c8 src/ASF/sam0/drivers/sercom/sercom.o
                0x00001560                _sercom_get_async_baud_val
 .text.sercom_set_gclk_generator
                0x00001728       0x4c src/ASF/sam0/drivers/sercom/sercom.o
                0x00001728                sercom_set_gclk_generator
 .text._sercom_get_default_pad
                0x00001774      0x18c src/ASF/sam0/drivers/sercom/sercom.o
                0x00001774                _sercom_get_default_pad
 .text._sercom_get_sercom_inst_index
                0x00001900       0x3c src/ASF/sam0/drivers/sercom/sercom.o
                0x00001900                _sercom_get_sercom_inst_index
 .text._sercom_default_handler
                0x0000193c        0x4 src/ASF/sam0/drivers/sercom/sercom_interrupt.o
 .text._sercom_set_handler
                0x00001940       0x3c src/ASF/sam0/drivers/sercom/sercom_interrupt.o
                0x00001940                _sercom_set_handler
 .text._sercom_get_interrupt_vector
                0x0000197c       0x2c src/ASF/sam0/drivers/sercom/sercom_interrupt.o
                0x0000197c                _sercom_get_interrupt_vector
 .text.SERCOM0_Handler
                0x000019a8       0x10 src/ASF/sam0/drivers/sercom/sercom_interrupt.o
                0x000019a8                SERCOM0_Handler
 .text.SERCOM1_Handler
                0x000019b8       0x10 src/ASF/sam0/drivers/sercom/sercom_interrupt.o
                0x000019b8                SERCOM1_Handler
 .text.SERCOM2_Handler
                0x000019c8       0x10 src/ASF/sam0/drivers/sercom/sercom_interrupt.o
                0x000019c8                SERCOM2_Handler
 .text.SERCOM3_Handler
                0x000019d8       0x10 src/ASF/sam0/drivers/sercom/sercom_interrupt.o
                0x000019d8                SERCOM3_Handler
 .text.SERCOM4_Handler
                0x000019e8       0x10 src/ASF/sam0/drivers/sercom/sercom_interrupt.o
                0x000019e8                SERCOM4_Handler
 .text.SERCOM5_Handler
                0x000019f8       0x10 src/ASF/sam0/drivers/sercom/sercom_interrupt.o
                0x000019f8                SERCOM5_Handler
 .text.usart_init
                0x00001a08      0x390 src/ASF/sam0/drivers/sercom/usart/usart.o
                0x00001a08                usart_init
 .text.usart_write_wait
                0x00001d98       0x2c src/ASF/sam0/drivers/sercom/usart/usart.o
                0x00001d98                usart_write_wait
 .text.usart_read_wait
                0x00001dc4       0x70 src/ASF/sam0/drivers/sercom/usart/usart.o
                0x00001dc4                usart_read_wait
 .text._usart_interrupt_handler
                0x00001e34      0x190 src/ASF/sam0/drivers/sercom/usart/usart_interrupt.o
                0x00001e34                _usart_interrupt_handler
 .text.system_clock_source_get_hz
                0x00001fc4       0x5c src/ASF/sam0/drivers/system/clock/clock_samc20_c21/clock.o
                0x00001fc4                system_clock_source_get_hz
 .text.system_clock_source_osc32k_set_config
                0x00002020       0x88 src/ASF/sam0/drivers/system/clock/clock_samc20_c21/clock.o
                0x00002020                system_clock_source_osc32k_set_config
 .text.system_clock_source_xosc32k_set_config
                0x000020a8       0xe0 src/ASF/sam0/drivers/system/clock/clock_samc20_c21/clock.o
                0x000020a8                system_clock_source_xosc32k_set_config
 .text.system_clock_source_dpll_set_config
                0x00002188       0xc4 src/ASF/sam0/drivers/system/clock/clock_samc20_c21/clock.o
                0x00002188                system_clock_source_dpll_set_config
 .text.system_clock_source_enable
                0x0000224c       0x74 src/ASF/sam0/drivers/system/clock/clock_samc20_c21/clock.o
                0x0000224c                system_clock_source_enable
 .text.system_clock_init
                0x000022c0      0x178 src/ASF/sam0/drivers/system/clock/clock_samc20_c21/clock.o
                0x000022c0                system_clock_init
 .text.system_gclk_init
                0x00002438       0x24 src/ASF/sam0/drivers/system/clock/clock_samc20_c21/gclk.o
                0x00002438                system_gclk_init
 .text.system_gclk_gen_set_config
                0x0000245c       0xac src/ASF/sam0/drivers/system/clock/clock_samc20_c21/gclk.o
                0x0000245c                system_gclk_gen_set_config
 .text.system_gclk_gen_enable
                0x00002508       0x40 src/ASF/sam0/drivers/system/clock/clock_samc20_c21/gclk.o
                0x00002508                system_gclk_gen_enable
 .text.system_gclk_gen_get_hz
                0x00002548       0x6c src/ASF/sam0/drivers/system/clock/clock_samc20_c21/gclk.o
                0x00002548                system_gclk_gen_get_hz
 .text.system_gclk_chan_enable
                0x000025b4       0x34 src/ASF/sam0/drivers/system/clock/clock_samc20_c21/gclk.o
                0x000025b4                system_gclk_chan_enable
 .text.system_gclk_chan_disable
                0x000025e8       0x34 src/ASF/sam0/drivers/system/clock/clock_samc20_c21/gclk.o
                0x000025e8                system_gclk_chan_disable
 .text.system_gclk_chan_set_config
                0x0000261c       0x24 src/ASF/sam0/drivers/system/clock/clock_samc20_c21/gclk.o
                0x0000261c                system_gclk_chan_set_config
 .text.system_gclk_chan_get_hz
                0x00002640       0x30 src/ASF/sam0/drivers/system/clock/clock_samc20_c21/gclk.o
                0x00002640                system_gclk_chan_get_hz
 .text._system_pinmux_config
                0x00002670       0xa8 src/ASF/sam0/drivers/system/pinmux/pinmux.o
 .text.system_pinmux_pin_set_config
                0x00002718       0x2c src/ASF/sam0/drivers/system/pinmux/pinmux.o
                0x00002718                system_pinmux_pin_set_config
 .text._system_dummy_init
                0x00002744        0x4 src/ASF/sam0/drivers/system/system.o
                0x00002744                _system_extint_init
                0x00002744                _system_dummy_init
                0x00002744                _system_divas_init
 .text.system_init
                0x00002748       0x2c src/ASF/sam0/drivers/system/system.o
                0x00002748                system_init
 .text.Dummy_Handler
                0x00002774        0x4 src/ASF/sam0/utils/cmsis/samc21/source/gcc/startup_samc21.o
                0x00002774                DMAC_Handler
                0x00002774                HardFault_Handler
                0x00002774                TC2_Handler
                0x00002774                AC_Handler
                0x00002774                SysTick_Handler
                0x00002774                PendSV_Handler
                0x00002774                NMI_Handler
                0x00002774                ADC1_Handler
                0x00002774                EIC_Handler
                0x00002774                WDT_Handler
                0x00002774                TC4_Handler
                0x00002774                TC1_Handler
                0x00002774                TC3_Handler
                0x00002774                SDADC_Handler
                0x00002774                Dummy_Handler
                0x00002774                CAN1_Handler
                0x00002774                ADC0_Handler
                0x00002774                TSENS_Handler
                0x00002774                SVC_Handler
                0x00002774                NVMCTRL_Handler
                0x00002774                SYSTEM_Handler
                0x00002774                DAC_Handler
                0x00002774                PTC_Handler
                0x00002774                FREQM_Handler
                0x00002774                TC0_Handler
 .text.Reset_Handler
                0x00002778       0x9c src/ASF/sam0/utils/cmsis/samc21/source/gcc/startup_samc21.o
                0x00002778                Reset_Handler
 .text._read    0x00002814       0x44 src/ASF/sam0/utils/stdio/read.o
                0x00002814                _read
 .text._write   0x00002858       0x50 src/ASF/sam0/utils/stdio/write.o
                0x00002858                _write
 .text._sbrk    0x000028a8       0x24 src/ASF/sam0/utils/syscalls/gcc/syscalls.o
                0x000028a8                _sbrk
 .text._close   0x000028cc        0x8 src/ASF/sam0/utils/syscalls/gcc/syscalls.o
                0x000028cc                _close
 .text._fstat   0x000028d4        0xc src/ASF/sam0/utils/syscalls/gcc/syscalls.o
                0x000028d4                _fstat
 .text._isatty  0x000028e0        0x4 src/ASF/sam0/utils/syscalls/gcc/syscalls.o
                0x000028e0                _isatty
 .text._lseek   0x000028e4        0x4 src/ASF/sam0/utils/syscalls/gcc/syscalls.o
                0x000028e4                _lseek
 .text          0x000028e8      0x120 d:/atmel studio 7/7.0/toolchain/arm/arm-gnu-toolchain/bin/../lib/gcc/arm-none-eabi/4.9.3/armv6-m\libgcc.a(_udivsi3.o)
                0x000028e8                __aeabi_uidiv
                0x000028e8                __udivsi3
                0x000029f4                __aeabi_uidivmod
 .text          0x00002a08        0x4 d:/atmel studio 7/7.0/toolchain/arm/arm-gnu-toolchain/bin/../lib/gcc/arm-none-eabi/4.9.3/armv6-m\libgcc.a(_dvmd_tls.o)
                0x00002a08                __aeabi_idiv0
                0x00002a08                __aeabi_ldiv0
 .text          0x00002a0c       0x54 d:/atmel studio 7/7.0/toolchain/arm/arm-gnu-toolchain/bin/../lib/gcc/arm-none-eabi/4.9.3/armv6-m\libgcc.a(_muldi3.o)
                0x00002a0c                __muldi3
                0x00002a0c                __aeabi_lmul
 .text.__libc_init_array
                0x00002a60       0x4c d:/atmel studio 7/7.0/toolchain/arm/arm-gnu-toolchain/bin/../lib/gcc/arm-none-eabi/4.9.3/../../../../arm-none-eabi/lib/armv6-m\libc_nano.a(lib_a-init.o)
                0x00002a60                __libc_init_array
 .text.memcpy   0x00002aac       0x12 d:/atmel studio 7/7.0/toolchain/arm/arm-gnu-toolchain/bin/../lib/gcc/arm-none-eabi/4.9.3/../../../../arm-none-eabi/lib/armv6-m\libc_nano.a(lib_a-memcpy.o)
                0x00002aac                memcpy
 .text.memset   0x00002abe       0x10 d:/atmel studio 7/7.0/toolchain/arm/arm-gnu-toolchain/bin/../lib/gcc/arm-none-eabi/4.9.3/../../../../arm-none-eabi/lib/armv6-m\libc_nano.a(lib_a-memset.o)
                0x00002abe                memset
 *fill*         0x00002ace        0x2 
 .text.printf   0x00002ad0       0x34 d:/atmel studio 7/7.0/toolchain/arm/arm-gnu-toolchain/bin/../lib/gcc/arm-none-eabi/4.9.3/../../../../arm-none-eabi/lib/armv6-m\libc_nano.a(lib_a-printf.o)
                0x00002ad0                iprintf
                0x00002ad0                printf
 .text._puts_r  0x00002b04       0xc2 d:/atmel studio 7/7.0/toolchain/arm/arm-gnu-toolchain/bin/../lib/gcc/arm-none-eabi/4.9.3/../../../../arm-none-eabi/lib/armv6-m\libc_nano.a(lib_a-puts.o)
                0x00002b04                _puts_r
 *fill*         0x00002bc6        0x2 
 .text.puts     0x00002bc8       0x14 d:/atmel studio 7/7.0/toolchain/arm/arm-gnu-toolchain/bin/../lib/gcc/arm-none-eabi/4.9.3/../../../../arm-none-eabi/lib/armv6-m\libc_nano.a(lib_a-puts.o)
                0x00002bc8                puts
 .text.scanf    0x00002bdc       0x34 d:/atmel studio 7/7.0/toolchain/arm/arm-gnu-toolchain/bin/../lib/gcc/arm-none-eabi/4.9.3/../../../../arm-none-eabi/lib/armv6-m\libc_nano.a(lib_a-scanf.o)
                0x00002bdc                scanf
                0x00002bdc                iscanf
 .text.setbuf   0x00002c10       0x12 d:/atmel studio 7/7.0/toolchain/arm/arm-gnu-toolchain/bin/../lib/gcc/arm-none-eabi/4.9.3/../../../../arm-none-eabi/lib/armv6-m\libc_nano.a(lib_a-setbuf.o)
                0x00002c10                setbuf
 *fill*         0x00002c22        0x2 
 .text.setvbuf  0x00002c24      0x10c d:/atmel studio 7/7.0/toolchain/arm/arm-gnu-toolchain/bin/../lib/gcc/arm-none-eabi/4.9.3/../../../../arm-none-eabi/lib/armv6-m\libc_nano.a(lib_a-setvbuf.o)
                0x00002c24                setvbuf
 .text.__swbuf_r
                0x00002d30       0xb0 d:/atmel studio 7/7.0/toolchain/arm/arm-gnu-toolchain/bin/../lib/gcc/arm-none-eabi/4.9.3/../../../../arm-none-eabi/lib/armv6-m\libc_nano.a(lib_a-wbuf.o)
                0x00002d30                __swbuf_r
 .text.__swsetup_r
                0x00002de0       0xe8 d:/atmel studio 7/7.0/toolchain/arm/arm-gnu-toolchain/bin/../lib/gcc/arm-none-eabi/4.9.3/../../../../arm-none-eabi/lib/armv6-m\libc_nano.a(lib_a-wsetup.o)
                0x00002de0                __swsetup_r
 .text.__sflush_r
                0x00002ec8      0x112 d:/atmel studio 7/7.0/toolchain/arm/arm-gnu-toolchain/bin/../lib/gcc/arm-none-eabi/4.9.3/../../../../arm-none-eabi/lib/armv6-m\libc_nano.a(lib_a-fflush.o)
                0x00002ec8                __sflush_r
 *fill*         0x00002fda        0x2 
 .text._fflush_r
                0x00002fdc       0x58 d:/atmel studio 7/7.0/toolchain/arm/arm-gnu-toolchain/bin/../lib/gcc/arm-none-eabi/4.9.3/../../../../arm-none-eabi/lib/armv6-m\libc_nano.a(lib_a-fflush.o)
                0x00002fdc                _fflush_r
 .text.fflush   0x00003034       0x28 d:/atmel studio 7/7.0/toolchain/arm/arm-gnu-toolchain/bin/../lib/gcc/arm-none-eabi/4.9.3/../../../../arm-none-eabi/lib/armv6-m\libc_nano.a(lib_a-fflush.o)
                0x00003034                fflush
 .text._cleanup_r
                0x0000305c       0x10 d:/atmel studio 7/7.0/toolchain/arm/arm-gnu-toolchain/bin/../lib/gcc/arm-none-eabi/4.9.3/../../../../arm-none-eabi/lib/armv6-m\libc_nano.a(lib_a-findfp.o)
                0x0000305c                _cleanup_r
 .text.std.isra.0
                0x0000306c       0x48 d:/atmel studio 7/7.0/toolchain/arm/arm-gnu-toolchain/bin/../lib/gcc/arm-none-eabi/4.9.3/../../../../arm-none-eabi/lib/armv6-m\libc_nano.a(lib_a-findfp.o)
 .text.__sfmoreglue
                0x000030b4       0x2c d:/atmel studio 7/7.0/toolchain/arm/arm-gnu-toolchain/bin/../lib/gcc/arm-none-eabi/4.9.3/../../../../arm-none-eabi/lib/armv6-m\libc_nano.a(lib_a-findfp.o)
                0x000030b4                __sfmoreglue
 .text.__sinit  0x000030e0       0x64 d:/atmel studio 7/7.0/toolchain/arm/arm-gnu-toolchain/bin/../lib/gcc/arm-none-eabi/4.9.3/../../../../arm-none-eabi/lib/armv6-m\libc_nano.a(lib_a-findfp.o)
                0x000030e0                __sinit
 .text.__sfp    0x00003144       0x7c d:/atmel studio 7/7.0/toolchain/arm/arm-gnu-toolchain/bin/../lib/gcc/arm-none-eabi/4.9.3/../../../../arm-none-eabi/lib/armv6-m\libc_nano.a(lib_a-findfp.o)
                0x00003144                __sfp
 .text._fwalk   0x000031c0       0x38 d:/atmel studio 7/7.0/toolchain/arm/arm-gnu-toolchain/bin/../lib/gcc/arm-none-eabi/4.9.3/../../../../arm-none-eabi/lib/armv6-m\libc_nano.a(lib_a-fwalk.o)
                0x000031c0                _fwalk
 .text._fwalk_reent
                0x000031f8       0x42 d:/atmel studio 7/7.0/toolchain/arm/arm-gnu-toolchain/bin/../lib/gcc/arm-none-eabi/4.9.3/../../../../arm-none-eabi/lib/armv6-m\libc_nano.a(lib_a-fwalk.o)
                0x000031f8                _fwalk_reent
 *fill*         0x0000323a        0x2 
 .text.__smakebuf_r
                0x0000323c       0xb0 d:/atmel studio 7/7.0/toolchain/arm/arm-gnu-toolchain/bin/../lib/gcc/arm-none-eabi/4.9.3/../../../../arm-none-eabi/lib/armv6-m\libc_nano.a(lib_a-makebuf.o)
                0x0000323c                __smakebuf_r
 .text.malloc   0x000032ec       0x14 d:/atmel studio 7/7.0/toolchain/arm/arm-gnu-toolchain/bin/../lib/gcc/arm-none-eabi/4.9.3/../../../../arm-none-eabi/lib/armv6-m\libc_nano.a(lib_a-malloc.o)
                0x000032ec                malloc
 .text._free_r  0x00003300       0x8c d:/atmel studio 7/7.0/toolchain/arm/arm-gnu-toolchain/bin/../lib/gcc/arm-none-eabi/4.9.3/../../../../arm-none-eabi/lib/armv6-m\libc_nano.a(lib_a-nano-freer.o)
                0x00003300                _free_r
 .text._malloc_r
                0x0000338c       0xb0 d:/atmel studio 7/7.0/toolchain/arm/arm-gnu-toolchain/bin/../lib/gcc/arm-none-eabi/4.9.3/../../../../arm-none-eabi/lib/armv6-m\libc_nano.a(lib_a-nano-mallocr.o)
                0x0000338c                _malloc_r
 .text.__sfputc_r
                0x0000343c       0x2a d:/atmel studio 7/7.0/toolchain/arm/arm-gnu-toolchain/bin/../lib/gcc/arm-none-eabi/4.9.3/../../../../arm-none-eabi/lib/armv6-m\libc_nano.a(lib_a-nano-vfprintf.o)
 .text.__sfputs_r
                0x00003466       0x24 d:/atmel studio 7/7.0/toolchain/arm/arm-gnu-toolchain/bin/../lib/gcc/arm-none-eabi/4.9.3/../../../../arm-none-eabi/lib/armv6-m\libc_nano.a(lib_a-nano-vfprintf.o)
                0x00003466                __sfputs_r
 *fill*         0x0000348a        0x2 
 .text._vfprintf_r
                0x0000348c      0x220 d:/atmel studio 7/7.0/toolchain/arm/arm-gnu-toolchain/bin/../lib/gcc/arm-none-eabi/4.9.3/../../../../arm-none-eabi/lib/armv6-m\libc_nano.a(lib_a-nano-vfprintf.o)
                0x0000348c                _vfprintf_r
                0x0000348c                _vfiprintf_r
 .text._printf_common
                0x000036ac       0xdc d:/atmel studio 7/7.0/toolchain/arm/arm-gnu-toolchain/bin/../lib/gcc/arm-none-eabi/4.9.3/../../../../arm-none-eabi/lib/armv6-m\libc_nano.a(lib_a-nano-vfprintf_i.o)
                0x000036ac                _printf_common
 .text._printf_i
                0x00003788      0x230 d:/atmel studio 7/7.0/toolchain/arm/arm-gnu-toolchain/bin/../lib/gcc/arm-none-eabi/4.9.3/../../../../arm-none-eabi/lib/armv6-m\libc_nano.a(lib_a-nano-vfprintf_i.o)
                0x00003788                _printf_i
 .text.__svfscanf_r
                0x000039b8      0x2f0 d:/atmel studio 7/7.0/toolchain/arm/arm-gnu-toolchain/bin/../lib/gcc/arm-none-eabi/4.9.3/../../../../arm-none-eabi/lib/armv6-m\libc_nano.a(lib_a-nano-vfscanf.o)
                0x000039b8                __svfscanf_r
                0x000039b8                __svfiscanf_r
 .text._vfscanf_r
                0x00003ca8       0x50 d:/atmel studio 7/7.0/toolchain/arm/arm-gnu-toolchain/bin/../lib/gcc/arm-none-eabi/4.9.3/../../../../arm-none-eabi/lib/armv6-m\libc_nano.a(lib_a-nano-vfscanf.o)
                0x00003ca8                _vfscanf_r
                0x00003ca8                _vfiscanf_r
 .text._scanf_chars
                0x00003cf8       0xbc d:/atmel studio 7/7.0/toolchain/arm/arm-gnu-toolchain/bin/../lib/gcc/arm-none-eabi/4.9.3/../../../../arm-none-eabi/lib/armv6-m\libc_nano.a(lib_a-nano-vfscanf_i.o)
                0x00003cf8                _scanf_chars
 .text._scanf_i
                0x00003db4      0x1f4 d:/atmel studio 7/7.0/toolchain/arm/arm-gnu-toolchain/bin/../lib/gcc/arm-none-eabi/4.9.3/../../../../arm-none-eabi/lib/armv6-m\libc_nano.a(lib_a-nano-vfscanf_i.o)
                0x00003db4                _scanf_i
 .text.lflush   0x00003fa8       0x18 d:/atmel studio 7/7.0/toolchain/arm/arm-gnu-toolchain/bin/../lib/gcc/arm-none-eabi/4.9.3/../../../../arm-none-eabi/lib/armv6-m\libc_nano.a(lib_a-refill.o)
 .text.__srefill_r
                0x00003fc0      0x120 d:/atmel studio 7/7.0/toolchain/arm/arm-gnu-toolchain/bin/../lib/gcc/arm-none-eabi/4.9.3/../../../../arm-none-eabi/lib/armv6-m\libc_nano.a(lib_a-refill.o)
                0x00003fc0                __srefill_r
 .text._sbrk_r  0x000040e0       0x24 d:/atmel studio 7/7.0/toolchain/arm/arm-gnu-toolchain/bin/../lib/gcc/arm-none-eabi/4.9.3/../../../../arm-none-eabi/lib/armv6-m\libc_nano.a(lib_a-sbrkr.o)
                0x000040e0                _sbrk_r
 .text.__sccl   0x00004104       0x66 d:/atmel studio 7/7.0/toolchain/arm/arm-gnu-toolchain/bin/../lib/gcc/arm-none-eabi/4.9.3/../../../../arm-none-eabi/lib/armv6-m\libc_nano.a(lib_a-sccl.o)
                0x00004104                __sccl
 *fill*         0x0000416a        0x2 
 .text.__sread  0x0000416c       0x28 d:/atmel studio 7/7.0/toolchain/arm/arm-gnu-toolchain/bin/../lib/gcc/arm-none-eabi/4.9.3/../../../../arm-none-eabi/lib/armv6-m\libc_nano.a(lib_a-stdio.o)
                0x0000416c                __sread
 .text.__swrite
                0x00004194       0x38 d:/atmel studio 7/7.0/toolchain/arm/arm-gnu-toolchain/bin/../lib/gcc/arm-none-eabi/4.9.3/../../../../arm-none-eabi/lib/armv6-m\libc_nano.a(lib_a-stdio.o)
                0x00004194                __swrite
 .text.__sseek  0x000041cc       0x2c d:/atmel studio 7/7.0/toolchain/arm/arm-gnu-toolchain/bin/../lib/gcc/arm-none-eabi/4.9.3/../../../../arm-none-eabi/lib/armv6-m\libc_nano.a(lib_a-stdio.o)
                0x000041cc                __sseek
 .text.__sclose
                0x000041f8        0xc d:/atmel studio 7/7.0/toolchain/arm/arm-gnu-toolchain/bin/../lib/gcc/arm-none-eabi/4.9.3/../../../../arm-none-eabi/lib/armv6-m\libc_nano.a(lib_a-stdio.o)
                0x000041f8                __sclose
 .text._strtol_r
                0x00004204      0x120 d:/atmel studio 7/7.0/toolchain/arm/arm-gnu-toolchain/bin/../lib/gcc/arm-none-eabi/4.9.3/../../../../arm-none-eabi/lib/armv6-m\libc_nano.a(lib_a-strtol.o)
                0x00004204                _strtol_r
 .text._strtoul_r
                0x00004324      0x104 d:/atmel studio 7/7.0/toolchain/arm/arm-gnu-toolchain/bin/../lib/gcc/arm-none-eabi/4.9.3/../../../../arm-none-eabi/lib/armv6-m\libc_nano.a(lib_a-strtoul.o)
                0x00004324                _strtoul_r
 .text.__submore
                0x00004428       0x7c d:/atmel studio 7/7.0/toolchain/arm/arm-gnu-toolchain/bin/../lib/gcc/arm-none-eabi/4.9.3/../../../../arm-none-eabi/lib/armv6-m\libc_nano.a(lib_a-ungetc.o)
                0x00004428                __submore
 .text._ungetc_r
                0x000044a4       0xe4 d:/atmel studio 7/7.0/toolchain/arm/arm-gnu-toolchain/bin/../lib/gcc/arm-none-eabi/4.9.3/../../../../arm-none-eabi/lib/armv6-m\libc_nano.a(lib_a-ungetc.o)
                0x000044a4                _ungetc_r
 .text._write_r
                0x00004588       0x28 d:/atmel studio 7/7.0/toolchain/arm/arm-gnu-toolchain/bin/../lib/gcc/arm-none-eabi/4.9.3/../../../../arm-none-eabi/lib/armv6-m\libc_nano.a(lib_a-writer.o)
                0x00004588                _write_r
 .text._close_r
                0x000045b0       0x24 d:/atmel studio 7/7.0/toolchain/arm/arm-gnu-toolchain/bin/../lib/gcc/arm-none-eabi/4.9.3/../../../../arm-none-eabi/lib/armv6-m\libc_nano.a(lib_a-closer.o)
                0x000045b0                _close_r
 .text._fstat_r
                0x000045d4       0x24 d:/atmel studio 7/7.0/toolchain/arm/arm-gnu-toolchain/bin/../lib/gcc/arm-none-eabi/4.9.3/../../../../arm-none-eabi/lib/armv6-m\libc_nano.a(lib_a-fstatr.o)
                0x000045d4                _fstat_r
 .text._isatty_r
                0x000045f8       0x24 d:/atmel studio 7/7.0/toolchain/arm/arm-gnu-toolchain/bin/../lib/gcc/arm-none-eabi/4.9.3/../../../../arm-none-eabi/lib/armv6-m\libc_nano.a(lib_a-isattyr.o)
                0x000045f8                _isatty_r
 .text._lseek_r
                0x0000461c       0x28 d:/atmel studio 7/7.0/toolchain/arm/arm-gnu-toolchain/bin/../lib/gcc/arm-none-eabi/4.9.3/../../../../arm-none-eabi/lib/armv6-m\libc_nano.a(lib_a-lseekr.o)
                0x0000461c                _lseek_r
 .text.memchr   0x00004644       0x16 d:/atmel studio 7/7.0/toolchain/arm/arm-gnu-toolchain/bin/../lib/gcc/arm-none-eabi/4.9.3/../../../../arm-none-eabi/lib/armv6-m\libc_nano.a(lib_a-memchr.o)
                0x00004644                memchr
 .text._realloc_r
                0x0000465a       0x4c d:/atmel studio 7/7.0/toolchain/arm/arm-gnu-toolchain/bin/../lib/gcc/arm-none-eabi/4.9.3/../../../../arm-none-eabi/lib/armv6-m\libc_nano.a(lib_a-nano-reallocr.o)
                0x0000465a                _realloc_r
 *fill*         0x000046a6        0x2 
 .text._read_r  0x000046a8       0x28 d:/atmel studio 7/7.0/toolchain/arm/arm-gnu-toolchain/bin/../lib/gcc/arm-none-eabi/4.9.3/../../../../arm-none-eabi/lib/armv6-m\libc_nano.a(lib_a-readr.o)
                0x000046a8                _read_r
 .text._malloc_usable_size_r
                0x000046d0       0x16 d:/atmel studio 7/7.0/toolchain/arm/arm-gnu-toolchain/bin/../lib/gcc/arm-none-eabi/4.9.3/../../../../arm-none-eabi/lib/armv6-m\libc_nano.a(lib_a-nano-msizer.o)
                0x000046d0                _malloc_usable_size_r
 *(.glue_7t)
 .glue_7t       0x00000000        0x0 linker stubs
 *(.glue_7)
 .glue_7        0x00000000        0x0 linker stubs
 *(.rodata .rodata* .gnu.linkonce.r.*)
 *fill*         0x000046e6        0x2 
 .rodata.main   0x000046e8       0xe4 src/main.o
 .rodata.str1.4
                0x000047cc      0x66c src/main.o
                                0x669 (size before relaxing)
 .rodata._tcc_intflag
                0x00004e38       0x30 src/ASF/sam0/drivers/tcc/tcc_callback.o
                0x00004e38                _tcc_intflag
 .rodata        0x00004e68       0x18 src/ASF/sam0/drivers/sercom/sercom.o
 .rodata        0x00004e80        0x6 src/ASF/sam0/drivers/sercom/sercom_interrupt.o
 *fill*         0x00004e86        0x2 
 .rodata.system_clock_source_get_hz
                0x00004e88       0x20 src/ASF/sam0/drivers/system/clock/clock_samc20_c21/clock.o
 .rodata.system_clock_source_enable
                0x00004ea8       0x20 src/ASF/sam0/drivers/system/clock/clock_samc20_c21/clock.o
 .rodata.str1.1
                0x00004ec8        0x2 d:/atmel studio 7/7.0/toolchain/arm/arm-gnu-toolchain/bin/../lib/gcc/arm-none-eabi/4.9.3/../../../../arm-none-eabi/lib/armv6-m\libc_nano.a(lib_a-impure.o)
 *fill*         0x00004eca        0x2 
 .rodata._global_impure_ptr
                0x00004ecc        0x4 d:/atmel studio 7/7.0/toolchain/arm/arm-gnu-toolchain/bin/../lib/gcc/arm-none-eabi/4.9.3/../../../../arm-none-eabi/lib/armv6-m\libc_nano.a(lib_a-impure.o)
                0x00004ecc                _global_impure_ptr
 .rodata.__sf_fake_stdin
                0x00004ed0       0x20 d:/atmel studio 7/7.0/toolchain/arm/arm-gnu-toolchain/bin/../lib/gcc/arm-none-eabi/4.9.3/../../../../arm-none-eabi/lib/armv6-m\libc_nano.a(lib_a-findfp.o)
                0x00004ed0                __sf_fake_stdin
 .rodata.__sf_fake_stdout
                0x00004ef0       0x20 d:/atmel studio 7/7.0/toolchain/arm/arm-gnu-toolchain/bin/../lib/gcc/arm-none-eabi/4.9.3/../../../../arm-none-eabi/lib/armv6-m\libc_nano.a(lib_a-findfp.o)
                0x00004ef0                __sf_fake_stdout
 .rodata.__sf_fake_stderr
                0x00004f10       0x20 d:/atmel studio 7/7.0/toolchain/arm/arm-gnu-toolchain/bin/../lib/gcc/arm-none-eabi/4.9.3/../../../../arm-none-eabi/lib/armv6-m\libc_nano.a(lib_a-findfp.o)
                0x00004f10                __sf_fake_stderr
 .rodata.str1.1
                0x00004f30       0x11 d:/atmel studio 7/7.0/toolchain/arm/arm-gnu-toolchain/bin/../lib/gcc/arm-none-eabi/4.9.3/../../../../arm-none-eabi/lib/armv6-m\libc_nano.a(lib_a-nano-vfprintf.o)
 .rodata.str1.1
                0x00004f41       0x22 d:/atmel studio 7/7.0/toolchain/arm/arm-gnu-toolchain/bin/../lib/gcc/arm-none-eabi/4.9.3/../../../../arm-none-eabi/lib/armv6-m\libc_nano.a(lib_a-nano-vfprintf_i.o)
 .rodata.str1.1
                0x00000000        0x4 d:/atmel studio 7/7.0/toolchain/arm/arm-gnu-toolchain/bin/../lib/gcc/arm-none-eabi/4.9.3/../../../../arm-none-eabi/lib/armv6-m\libc_nano.a(lib_a-nano-vfscanf.o)
 *fill*         0x00004f63        0x1 
 .rodata        0x00004f64        0xc d:/atmel studio 7/7.0/toolchain/arm/arm-gnu-toolchain/bin/../lib/gcc/arm-none-eabi/4.9.3/../../../../arm-none-eabi/lib/armv6-m\libc_nano.a(lib_a-nano-vfscanf_i.o)
 .rodata.str1.1
                0x00004f70       0x1b d:/atmel studio 7/7.0/toolchain/arm/arm-gnu-toolchain/bin/../lib/gcc/arm-none-eabi/4.9.3/../../../../arm-none-eabi/lib/armv6-m\libc_nano.a(lib_a-nano-vfscanf_i.o)
 .rodata._ctype_
                0x00004f8b      0x101 d:/atmel studio 7/7.0/toolchain/arm/arm-gnu-toolchain/bin/../lib/gcc/arm-none-eabi/4.9.3/../../../../arm-none-eabi/lib/armv6-m\libc_nano.a(lib_a-ctype_.o)
                0x00004f8b                _ctype_
 *(.ARM.extab* .gnu.linkonce.armextab.*)
                0x0000508c                . = ALIGN (0x4)
 *(.init)
 .init          0x0000508c        0x4 d:/atmel studio 7/7.0/toolchain/arm/arm-gnu-toolchain/bin/../lib/gcc/arm-none-eabi/4.9.3/armv6-m/crti.o
                0x0000508c                _init
 .init          0x00005090        0x8 d:/atmel studio 7/7.0/toolchain/arm/arm-gnu-toolchain/bin/../lib/gcc/arm-none-eabi/4.9.3/armv6-m/crtn.o
                0x00005098                . = ALIGN (0x4)
                0x00005098                __preinit_array_start = .
 *(.preinit_array)
                0x00005098                __preinit_array_end = .
                0x00005098                . = ALIGN (0x4)
                0x00005098                __init_array_start = .
 *(SORT(.init_array.*))
 *(.init_array)
 .init_array    0x00005098        0x4 d:/atmel studio 7/7.0/toolchain/arm/arm-gnu-toolchain/bin/../lib/gcc/arm-none-eabi/4.9.3/armv6-m/crtbegin.o
                0x0000509c                __init_array_end = .
                0x0000509c                . = ALIGN (0x4)
 *crtbegin.o(.ctors)
 *(EXCLUDE_FILE(*crtend.o) .ctors)
 *(SORT(.ctors.*))
 *crtend.o(.ctors)
                0x0000509c                . = ALIGN (0x4)
 *(.fini)
 .fini          0x0000509c        0x4 d:/atmel studio 7/7.0/toolchain/arm/arm-gnu-toolchain/bin/../lib/gcc/arm-none-eabi/4.9.3/armv6-m/crti.o
                0x0000509c                _fini
 .fini          0x000050a0        0x8 d:/atmel studio 7/7.0/toolchain/arm/arm-gnu-toolchain/bin/../lib/gcc/arm-none-eabi/4.9.3/armv6-m/crtn.o
                0x000050a8                . = ALIGN (0x4)
                0x000050a8                __fini_array_start = .
 *(.fini_array)
 .fini_array    0x000050a8        0x4 d:/atmel studio 7/7.0/toolchain/arm/arm-gnu-toolchain/bin/../lib/gcc/arm-none-eabi/4.9.3/armv6-m/crtbegin.o
 *(SORT(.fini_array.*))
                0x000050ac                __fini_array_end = .
 *crtbegin.o(.dtors)
 *(EXCLUDE_FILE(*crtend.o) .dtors)
 *(SORT(.dtors.*))
 *crtend.o(.dtors)
                0x000050ac                . = ALIGN (0x4)
                0x000050ac                _efixed = .
                0x000050ac                PROVIDE (__exidx_start, .)

.vfp11_veneer   0x000050ac        0x0
 .vfp11_veneer  0x00000000        0x0 linker stubs

.v4_bx          0x000050ac        0x0
 .v4_bx         0x00000000        0x0 linker stubs

.iplt           0x000050ac        0x0
 .iplt          0x00000000        0x0 d:/atmel studio 7/7.0/toolchain/arm/arm-gnu-toolchain/bin/../lib/gcc/arm-none-eabi/4.9.3/armv6-m/crtbegin.o

.eh_frame       0x000050ac        0x0
 .eh_frame      0x000050ac        0x0 d:/atmel studio 7/7.0/toolchain/arm/arm-gnu-toolchain/bin/../lib/gcc/arm-none-eabi/4.9.3/armv6-m/crtbegin.o

.rel.dyn        0x000050ac        0x0
 .rel.iplt      0x00000000        0x0 d:/atmel studio 7/7.0/toolchain/arm/arm-gnu-toolchain/bin/../lib/gcc/arm-none-eabi/4.9.3/armv6-m/crtbegin.o

.jcr            0x000050ac        0x0
 .jcr           0x000050ac        0x0 d:/atmel studio 7/7.0/toolchain/arm/arm-gnu-toolchain/bin/../lib/gcc/arm-none-eabi/4.9.3/armv6-m/crtbegin.o

.igot.plt       0x000050ac        0x0
 .igot.plt      0x00000000        0x0 d:/atmel studio 7/7.0/toolchain/arm/arm-gnu-toolchain/bin/../lib/gcc/arm-none-eabi/4.9.3/armv6-m/crtbegin.o

.ARM.exidx
 *(.ARM.exidx* .gnu.linkonce.armexidx.*)
                0x000050ac                PROVIDE (__exidx_end, .)
                0x000050ac                . = ALIGN (0x4)
                0x000050ac                _etext = .

.relocate       0x20000000       0x80 load address 0x000050ac
                0x20000000                . = ALIGN (0x4)
                0x20000000                _srelocate = .
 *(.ramfunc .ramfunc.*)
 *(.data .data.*)
 .data._events_inst
                0x20000000       0x14 src/ASF/sam0/drivers/events/events_sam_l_c/events.o
                0x20000000                _events_inst
 .data.g_interrupt_enabled
                0x20000014        0x1 src/ASF/common/utils/interrupt/interrupt_sam_nvic.o
                0x20000014                g_interrupt_enabled
 *fill*         0x20000015        0x3 
 .data.impure_data
                0x20000018       0x60 d:/atmel studio 7/7.0/toolchain/arm/arm-gnu-toolchain/bin/../lib/gcc/arm-none-eabi/4.9.3/../../../../arm-none-eabi/lib/armv6-m\libc_nano.a(lib_a-impure.o)
 .data._impure_ptr
                0x20000078        0x4 d:/atmel studio 7/7.0/toolchain/arm/arm-gnu-toolchain/bin/../lib/gcc/arm-none-eabi/4.9.3/../../../../arm-none-eabi/lib/armv6-m\libc_nano.a(lib_a-impure.o)
                0x20000078                _impure_ptr
 .data.__ctype_ptr__
                0x2000007c        0x4 d:/atmel studio 7/7.0/toolchain/arm/arm-gnu-toolchain/bin/../lib/gcc/arm-none-eabi/4.9.3/../../../../arm-none-eabi/lib/armv6-m\libc_nano.a(lib_a-ctype_.o)
                0x2000007c                __ctype_ptr__
                0x20000080                . = ALIGN (0x4)
                0x20000080                _erelocate = .

.bss            0x20000080      0xad8 load address 0x0000512c
                0x20000080                . = ALIGN (0x4)
                0x20000080                _sbss = .
                0x20000080                _szero = .
 *(.bss .bss.*)
 .bss           0x20000080       0x1c d:/atmel studio 7/7.0/toolchain/arm/arm-gnu-toolchain/bin/../lib/gcc/arm-none-eabi/4.9.3/armv6-m/crtbegin.o
 .bss.rx_element_fifo_0
                0x2000009c       0x10 src/main.o
 .bss.rx_element_fifo_1
                0x200000ac       0x10 src/main.o
 .bss.tx_message_0
                0x200000bc        0x8 src/main.o
 .bss.tx_message_1
                0x200000c4        0x8 src/main.o
 .bss.extended_receive_index
                0x200000cc        0x4 src/main.o
 .bss.can_instance
                0x200000d0        0x4 src/main.o
 .bss.cdc_instance
                0x200000d4       0x34 src/main.o
 .bss.event_count
                0x20000108        0x4 src/main.o
 .bss.rx_element_buffer
                0x2000010c       0x10 src/main.o
 .bss.standard_receive_index
                0x2000011c        0x4 src/main.o
 .bss.cpu_irq_critical_section_counter
                0x20000120        0x4 src/ASF/common/utils/interrupt/interrupt_sam_nvic.o
 .bss.cpu_irq_prev_interrupt_state
                0x20000124        0x1 src/ASF/common/utils/interrupt/interrupt_sam_nvic.o
 *fill*         0x20000125        0x3 
 .bss.can0_rx_fifo_1
                0x20000128      0x100 src/ASF/sam0/drivers/can/can.o
 .bss.can1_rx_fifo_0
                0x20000228      0x100 src/ASF/sam0/drivers/can/can.o
 .bss.can1_rx_fifo_1
                0x20000328      0x100 src/ASF/sam0/drivers/can/can.o
 .bss.can1_rx_extended_filter
                0x20000428       0x80 src/ASF/sam0/drivers/can/can.o
 .bss.can0_rx_extended_filter
                0x200004a8       0x80 src/ASF/sam0/drivers/can/can.o
 .bss.can1_rx_standard_filter
                0x20000528       0x80 src/ASF/sam0/drivers/can/can.o
 .bss.can0_rx_standard_filter
                0x200005a8       0x80 src/ASF/sam0/drivers/can/can.o
 .bss.can1_tx_buffer
                0x20000628       0x80 src/ASF/sam0/drivers/can/can.o
 .bss.can0_tx_buffer
                0x200006a8       0x80 src/ASF/sam0/drivers/can/can.o
 .bss.can1_rx_buffer
                0x20000728      0x100 src/ASF/sam0/drivers/can/can.o
 .bss.can0_rx_buffer
                0x20000828      0x100 src/ASF/sam0/drivers/can/can.o
 .bss.can1_tx_event_fifo
                0x20000928       0x40 src/ASF/sam0/drivers/can/can.o
 .bss.can0_tx_event_fifo
                0x20000968       0x40 src/ASF/sam0/drivers/can/can.o
 .bss.can0_rx_fifo_0
                0x200009a8      0x100 src/ASF/sam0/drivers/can/can.o
 .bss._sercom_config
                0x20000aa8        0x2 src/ASF/sam0/drivers/sercom/sercom.o
 .bss._handler_table_initialized
                0x20000aaa        0x1 src/ASF/sam0/drivers/sercom/sercom_interrupt.o
 *fill*         0x20000aab        0x1 
 .bss._sercom_interrupt_handlers
                0x20000aac       0x18 src/ASF/sam0/drivers/sercom/sercom_interrupt.o
 .bss._system_clock_inst
                0x20000ac4        0xc src/ASF/sam0/drivers/system/clock/clock_samc20_c21/clock.o
 .bss.heap.5211
                0x20000ad0        0x4 src/ASF/sam0/utils/syscalls/gcc/syscalls.o
 .bss.__malloc_sbrk_start
                0x20000ad4        0x4 d:/atmel studio 7/7.0/toolchain/arm/arm-gnu-toolchain/bin/../lib/gcc/arm-none-eabi/4.9.3/../../../../arm-none-eabi/lib/armv6-m\libc_nano.a(lib_a-nano-mallocr.o)
                0x20000ad4                __malloc_sbrk_start
 .bss.__malloc_free_list
                0x20000ad8        0x4 d:/atmel studio 7/7.0/toolchain/arm/arm-gnu-toolchain/bin/../lib/gcc/arm-none-eabi/4.9.3/../../../../arm-none-eabi/lib/armv6-m\libc_nano.a(lib_a-nano-mallocr.o)
                0x20000ad8                __malloc_free_list
 *(COMMON)
 COMMON         0x20000adc        0x4 src/ASF/sam0/drivers/rtc/rtc_sam_l_c/rtc_calendar.o
                0x20000adc                _rtc_instance
 COMMON         0x20000ae0       0x3e src/main.o
                0x20000ae0                rtc_instance
                0x20000b14                alarm
 *fill*         0x20000b1e        0x2 
 COMMON         0x20000b20        0xc src/ASF/sam0/drivers/tcc/tcc_callback.o
                0x20000b20                _tcc_instances
 COMMON         0x20000b2c        0x1 src/ASF/sam0/drivers/can/can.o
                0x20000b2c                gclk_chan_conf
 *fill*         0x20000b2d        0x3 
 COMMON         0x20000b30       0x18 src/ASF/sam0/drivers/sercom/sercom_interrupt.o
                0x20000b30                _sercom_instances
 COMMON         0x20000b48        0x4 src/ASF/sam0/utils/stdio/read.o
                0x20000b48                ptr_get
 COMMON         0x20000b4c        0x8 src/ASF/sam0/utils/stdio/write.o
                0x20000b4c                ptr_put
                0x20000b50                stdio_base
 COMMON         0x20000b54        0x4 d:/atmel studio 7/7.0/toolchain/arm/arm-gnu-toolchain/bin/../lib/gcc/arm-none-eabi/4.9.3/../../../../arm-none-eabi/lib/armv6-m\libc_nano.a(lib_a-reent.o)
                0x20000b54                errno
                0x20000b58                . = ALIGN (0x4)
                0x20000b58                _ebss = .
                0x20000b58                _ezero = .

.stack          0x20000b58     0x2000 load address 0x00005c04
                0x20000b58                . = ALIGN (0x8)
                0x20000b58                _sstack = .
                0x20002b58                . = (. + STACK_SIZE)
 *fill*         0x20000b58     0x2000 
                0x20002b58                . = ALIGN (0x8)
                0x20002b58                _estack = .
                0x20002b58                . = ALIGN (0x4)
                0x20002b58                _end = .
OUTPUT(BMS2.0CAN.elf elf32-littlearm)

.ARM.attributes
                0x00000000       0x28
 .ARM.attributes
                0x00000000       0x1e d:/atmel studio 7/7.0/toolchain/arm/arm-gnu-toolchain/bin/../lib/gcc/arm-none-eabi/4.9.3/armv6-m/crti.o
 .ARM.attributes
                0x0000001e       0x2c d:/atmel studio 7/7.0/toolchain/arm/arm-gnu-toolchain/bin/../lib/gcc/arm-none-eabi/4.9.3/armv6-m/crtbegin.o
 .ARM.attributes
                0x0000004a       0x32 src/ASF/sam0/drivers/rtc/rtc_sam_l_c/rtc_calendar.o
 .ARM.attributes
                0x0000007c       0x32 src/ASF/sam0/drivers/rtc/rtc_sam_l_c/rtc_calendar_interrupt.o
 .ARM.attributes
                0x000000ae       0x32 src/main.o
 .ARM.attributes
                0x000000e0       0x32 src/ASF/sam0/drivers/tcc/tcc_callback.o
 .ARM.attributes
                0x00000112       0x32 src/ASF/sam0/drivers/events/events_hooks.o
 .ARM.attributes
                0x00000144       0x32 src/ASF/sam0/drivers/events/events_sam_l_c/events.o
 .ARM.attributes
                0x00000176       0x32 src/ASF/common/utils/interrupt/interrupt_sam_nvic.o
 .ARM.attributes
                0x000001a8       0x32 src/ASF/sam0/boards/samc21_xplained_pro/board_init.o
 .ARM.attributes
                0x000001da       0x32 src/ASF/sam0/drivers/can/can.o
 .ARM.attributes
                0x0000020c       0x32 src/ASF/sam0/drivers/port/port.o
 .ARM.attributes
                0x0000023e       0x32 src/ASF/sam0/drivers/sercom/sercom.o
 .ARM.attributes
                0x00000270       0x32 src/ASF/sam0/drivers/sercom/sercom_interrupt.o
 .ARM.attributes
                0x000002a2       0x32 src/ASF/sam0/drivers/sercom/usart/usart.o
 .ARM.attributes
                0x000002d4       0x32 src/ASF/sam0/drivers/sercom/usart/usart_interrupt.o
 .ARM.attributes
                0x00000306       0x32 src/ASF/sam0/drivers/system/clock/clock_samc20_c21/clock.o
 .ARM.attributes
                0x00000338       0x32 src/ASF/sam0/drivers/system/clock/clock_samc20_c21/gclk.o
 .ARM.attributes
                0x0000036a       0x32 src/ASF/sam0/drivers/system/pinmux/pinmux.o
 .ARM.attributes
                0x0000039c       0x32 src/ASF/sam0/drivers/system/system.o
 .ARM.attributes
                0x000003ce       0x32 src/ASF/sam0/utils/cmsis/samc21/source/gcc/startup_samc21.o
 .ARM.attributes
                0x00000400       0x32 src/ASF/sam0/utils/stdio/read.o
 .ARM.attributes
                0x00000432       0x32 src/ASF/sam0/utils/stdio/write.o
 .ARM.attributes
                0x00000464       0x32 src/ASF/sam0/utils/syscalls/gcc/syscalls.o
 .ARM.attributes
                0x00000496       0x1e d:/atmel studio 7/7.0/toolchain/arm/arm-gnu-toolchain/bin/../lib/gcc/arm-none-eabi/4.9.3/armv6-m\libgcc.a(_udivsi3.o)
 .ARM.attributes
                0x000004b4       0x1e d:/atmel studio 7/7.0/toolchain/arm/arm-gnu-toolchain/bin/../lib/gcc/arm-none-eabi/4.9.3/armv6-m\libgcc.a(_dvmd_tls.o)
 .ARM.attributes
                0x000004d2       0x2c d:/atmel studio 7/7.0/toolchain/arm/arm-gnu-toolchain/bin/../lib/gcc/arm-none-eabi/4.9.3/armv6-m\libgcc.a(_muldi3.o)
 .ARM.attributes
                0x000004fe       0x2c d:/atmel studio 7/7.0/toolchain/arm/arm-gnu-toolchain/bin/../lib/gcc/arm-none-eabi/4.9.3/../../../../arm-none-eabi/lib/armv6-m\libc_nano.a(lib_a-impure.o)
 .ARM.attributes
                0x0000052a       0x2c d:/atmel studio 7/7.0/toolchain/arm/arm-gnu-toolchain/bin/../lib/gcc/arm-none-eabi/4.9.3/../../../../arm-none-eabi/lib/armv6-m\libc_nano.a(lib_a-init.o)
 .ARM.attributes
                0x00000556       0x2c d:/atmel studio 7/7.0/toolchain/arm/arm-gnu-toolchain/bin/../lib/gcc/arm-none-eabi/4.9.3/../../../../arm-none-eabi/lib/armv6-m\libc_nano.a(lib_a-memcpy.o)
 .ARM.attributes
                0x00000582       0x2c d:/atmel studio 7/7.0/toolchain/arm/arm-gnu-toolchain/bin/../lib/gcc/arm-none-eabi/4.9.3/../../../../arm-none-eabi/lib/armv6-m\libc_nano.a(lib_a-memset.o)
 .ARM.attributes
                0x000005ae       0x2c d:/atmel studio 7/7.0/toolchain/arm/arm-gnu-toolchain/bin/../lib/gcc/arm-none-eabi/4.9.3/../../../../arm-none-eabi/lib/armv6-m\libc_nano.a(lib_a-printf.o)
 .ARM.attributes
                0x000005da       0x2c d:/atmel studio 7/7.0/toolchain/arm/arm-gnu-toolchain/bin/../lib/gcc/arm-none-eabi/4.9.3/../../../../arm-none-eabi/lib/armv6-m\libc_nano.a(lib_a-puts.o)
 .ARM.attributes
                0x00000606       0x2c d:/atmel studio 7/7.0/toolchain/arm/arm-gnu-toolchain/bin/../lib/gcc/arm-none-eabi/4.9.3/../../../../arm-none-eabi/lib/armv6-m\libc_nano.a(lib_a-scanf.o)
 .ARM.attributes
                0x00000632       0x2c d:/atmel studio 7/7.0/toolchain/arm/arm-gnu-toolchain/bin/../lib/gcc/arm-none-eabi/4.9.3/../../../../arm-none-eabi/lib/armv6-m\libc_nano.a(lib_a-setbuf.o)
 .ARM.attributes
                0x0000065e       0x2c d:/atmel studio 7/7.0/toolchain/arm/arm-gnu-toolchain/bin/../lib/gcc/arm-none-eabi/4.9.3/../../../../arm-none-eabi/lib/armv6-m\libc_nano.a(lib_a-setvbuf.o)
 .ARM.attributes
                0x0000068a       0x2c d:/atmel studio 7/7.0/toolchain/arm/arm-gnu-toolchain/bin/../lib/gcc/arm-none-eabi/4.9.3/../../../../arm-none-eabi/lib/armv6-m\libc_nano.a(lib_a-wbuf.o)
 .ARM.attributes
                0x000006b6       0x2c d:/atmel studio 7/7.0/toolchain/arm/arm-gnu-toolchain/bin/../lib/gcc/arm-none-eabi/4.9.3/../../../../arm-none-eabi/lib/armv6-m\libc_nano.a(lib_a-wsetup.o)
 .ARM.attributes
                0x000006e2       0x2c d:/atmel studio 7/7.0/toolchain/arm/arm-gnu-toolchain/bin/../lib/gcc/arm-none-eabi/4.9.3/../../../../arm-none-eabi/lib/armv6-m\libc_nano.a(lib_a-fflush.o)
 .ARM.attributes
                0x0000070e       0x2c d:/atmel studio 7/7.0/toolchain/arm/arm-gnu-toolchain/bin/../lib/gcc/arm-none-eabi/4.9.3/../../../../arm-none-eabi/lib/armv6-m\libc_nano.a(lib_a-findfp.o)
 .ARM.attributes
                0x0000073a       0x2c d:/atmel studio 7/7.0/toolchain/arm/arm-gnu-toolchain/bin/../lib/gcc/arm-none-eabi/4.9.3/../../../../arm-none-eabi/lib/armv6-m\libc_nano.a(lib_a-fwalk.o)
 .ARM.attributes
                0x00000766       0x2c d:/atmel studio 7/7.0/toolchain/arm/arm-gnu-toolchain/bin/../lib/gcc/arm-none-eabi/4.9.3/../../../../arm-none-eabi/lib/armv6-m\libc_nano.a(lib_a-makebuf.o)
 .ARM.attributes
                0x00000792       0x2c d:/atmel studio 7/7.0/toolchain/arm/arm-gnu-toolchain/bin/../lib/gcc/arm-none-eabi/4.9.3/../../../../arm-none-eabi/lib/armv6-m\libc_nano.a(lib_a-malloc.o)
 .ARM.attributes
                0x000007be       0x2c d:/atmel studio 7/7.0/toolchain/arm/arm-gnu-toolchain/bin/../lib/gcc/arm-none-eabi/4.9.3/../../../../arm-none-eabi/lib/armv6-m\libc_nano.a(lib_a-nano-freer.o)
 .ARM.attributes
                0x000007ea       0x2c d:/atmel studio 7/7.0/toolchain/arm/arm-gnu-toolchain/bin/../lib/gcc/arm-none-eabi/4.9.3/../../../../arm-none-eabi/lib/armv6-m\libc_nano.a(lib_a-nano-mallocr.o)
 .ARM.attributes
                0x00000816       0x2c d:/atmel studio 7/7.0/toolchain/arm/arm-gnu-toolchain/bin/../lib/gcc/arm-none-eabi/4.9.3/../../../../arm-none-eabi/lib/armv6-m\libc_nano.a(lib_a-nano-vfprintf.o)
 .ARM.attributes
                0x00000842       0x2c d:/atmel studio 7/7.0/toolchain/arm/arm-gnu-toolchain/bin/../lib/gcc/arm-none-eabi/4.9.3/../../../../arm-none-eabi/lib/armv6-m\libc_nano.a(lib_a-nano-vfprintf_i.o)
 .ARM.attributes
                0x0000086e       0x2c d:/atmel studio 7/7.0/toolchain/arm/arm-gnu-toolchain/bin/../lib/gcc/arm-none-eabi/4.9.3/../../../../arm-none-eabi/lib/armv6-m\libc_nano.a(lib_a-nano-vfscanf.o)
 .ARM.attributes
                0x0000089a       0x2c d:/atmel studio 7/7.0/toolchain/arm/arm-gnu-toolchain/bin/../lib/gcc/arm-none-eabi/4.9.3/../../../../arm-none-eabi/lib/armv6-m\libc_nano.a(lib_a-nano-vfscanf_i.o)
 .ARM.attributes
                0x000008c6       0x2c d:/atmel studio 7/7.0/toolchain/arm/arm-gnu-toolchain/bin/../lib/gcc/arm-none-eabi/4.9.3/../../../../arm-none-eabi/lib/armv6-m\libc_nano.a(lib_a-refill.o)
 .ARM.attributes
                0x000008f2       0x2c d:/atmel studio 7/7.0/toolchain/arm/arm-gnu-toolchain/bin/../lib/gcc/arm-none-eabi/4.9.3/../../../../arm-none-eabi/lib/armv6-m\libc_nano.a(lib_a-sbrkr.o)
 .ARM.attributes
                0x0000091e       0x2c d:/atmel studio 7/7.0/toolchain/arm/arm-gnu-toolchain/bin/../lib/gcc/arm-none-eabi/4.9.3/../../../../arm-none-eabi/lib/armv6-m\libc_nano.a(lib_a-sccl.o)
 .ARM.attributes
                0x0000094a       0x2c d:/atmel studio 7/7.0/toolchain/arm/arm-gnu-toolchain/bin/../lib/gcc/arm-none-eabi/4.9.3/../../../../arm-none-eabi/lib/armv6-m\libc_nano.a(lib_a-stdio.o)
 .ARM.attributes
                0x00000976       0x2c d:/atmel studio 7/7.0/toolchain/arm/arm-gnu-toolchain/bin/../lib/gcc/arm-none-eabi/4.9.3/../../../../arm-none-eabi/lib/armv6-m\libc_nano.a(lib_a-strtol.o)
 .ARM.attributes
                0x000009a2       0x2c d:/atmel studio 7/7.0/toolchain/arm/arm-gnu-toolchain/bin/../lib/gcc/arm-none-eabi/4.9.3/../../../../arm-none-eabi/lib/armv6-m\libc_nano.a(lib_a-strtoul.o)
 .ARM.attributes
                0x000009ce       0x2c d:/atmel studio 7/7.0/toolchain/arm/arm-gnu-toolchain/bin/../lib/gcc/arm-none-eabi/4.9.3/../../../../arm-none-eabi/lib/armv6-m\libc_nano.a(lib_a-ungetc.o)
 .ARM.attributes
                0x000009fa       0x2c d:/atmel studio 7/7.0/toolchain/arm/arm-gnu-toolchain/bin/../lib/gcc/arm-none-eabi/4.9.3/../../../../arm-none-eabi/lib/armv6-m\libc_nano.a(lib_a-writer.o)
 .ARM.attributes
                0x00000a26       0x2c d:/atmel studio 7/7.0/toolchain/arm/arm-gnu-toolchain/bin/../lib/gcc/arm-none-eabi/4.9.3/../../../../arm-none-eabi/lib/armv6-m\libc_nano.a(lib_a-closer.o)
 .ARM.attributes
                0x00000a52       0x2c d:/atmel studio 7/7.0/toolchain/arm/arm-gnu-toolchain/bin/../lib/gcc/arm-none-eabi/4.9.3/../../../../arm-none-eabi/lib/armv6-m\libc_nano.a(lib_a-ctype_.o)
 .ARM.attributes
                0x00000a7e       0x2c d:/atmel studio 7/7.0/toolchain/arm/arm-gnu-toolchain/bin/../lib/gcc/arm-none-eabi/4.9.3/../../../../arm-none-eabi/lib/armv6-m\libc_nano.a(lib_a-fstatr.o)
 .ARM.attributes
                0x00000aaa       0x2c d:/atmel studio 7/7.0/toolchain/arm/arm-gnu-toolchain/bin/../lib/gcc/arm-none-eabi/4.9.3/../../../../arm-none-eabi/lib/armv6-m\libc_nano.a(lib_a-isattyr.o)
 .ARM.attributes
                0x00000ad6       0x2c d:/atmel studio 7/7.0/toolchain/arm/arm-gnu-toolchain/bin/../lib/gcc/arm-none-eabi/4.9.3/../../../../arm-none-eabi/lib/armv6-m\libc_nano.a(lib_a-lseekr.o)
 .ARM.attributes
                0x00000b02       0x2c d:/atmel studio 7/7.0/toolchain/arm/arm-gnu-toolchain/bin/../lib/gcc/arm-none-eabi/4.9.3/../../../../arm-none-eabi/lib/armv6-m\libc_nano.a(lib_a-memchr.o)
 .ARM.attributes
                0x00000b2e       0x2c d:/atmel studio 7/7.0/toolchain/arm/arm-gnu-toolchain/bin/../lib/gcc/arm-none-eabi/4.9.3/../../../../arm-none-eabi/lib/armv6-m\libc_nano.a(lib_a-nano-reallocr.o)
 .ARM.attributes
                0x00000b5a       0x2c d:/atmel studio 7/7.0/toolchain/arm/arm-gnu-toolchain/bin/../lib/gcc/arm-none-eabi/4.9.3/../../../../arm-none-eabi/lib/armv6-m\libc_nano.a(lib_a-readr.o)
 .ARM.attributes
                0x00000b86       0x2c d:/atmel studio 7/7.0/toolchain/arm/arm-gnu-toolchain/bin/../lib/gcc/arm-none-eabi/4.9.3/../../../../arm-none-eabi/lib/armv6-m\libc_nano.a(lib_a-reent.o)
 .ARM.attributes
                0x00000bb2       0x2c d:/atmel studio 7/7.0/toolchain/arm/arm-gnu-toolchain/bin/../lib/gcc/arm-none-eabi/4.9.3/../../../../arm-none-eabi/lib/armv6-m\libc_nano.a(lib_a-nano-msizer.o)
 .ARM.attributes
                0x00000bde       0x1e d:/atmel studio 7/7.0/toolchain/arm/arm-gnu-toolchain/bin/../lib/gcc/arm-none-eabi/4.9.3/armv6-m/crtn.o

.comment        0x00000000       0x5b
 .comment       0x00000000       0x5b src/ASF/sam0/drivers/rtc/rtc_sam_l_c/rtc_calendar.o
                                 0x5c (size before relaxing)
 .comment       0x00000000       0x5c src/ASF/sam0/drivers/rtc/rtc_sam_l_c/rtc_calendar_interrupt.o
 .comment       0x00000000       0x5c src/main.o
 .comment       0x00000000       0x5c src/ASF/sam0/drivers/tcc/tcc_callback.o
 .comment       0x00000000       0x5c src/ASF/sam0/drivers/events/events_hooks.o
 .comment       0x00000000       0x5c src/ASF/sam0/drivers/events/events_sam_l_c/events.o
 .comment       0x00000000       0x5c src/ASF/common/utils/interrupt/interrupt_sam_nvic.o
 .comment       0x00000000       0x5c src/ASF/sam0/boards/samc21_xplained_pro/board_init.o
 .comment       0x00000000       0x5c src/ASF/sam0/drivers/can/can.o
 .comment       0x00000000       0x5c src/ASF/sam0/drivers/port/port.o
 .comment       0x00000000       0x5c src/ASF/sam0/drivers/sercom/sercom.o
 .comment       0x00000000       0x5c src/ASF/sam0/drivers/sercom/sercom_interrupt.o
 .comment       0x00000000       0x5c src/ASF/sam0/drivers/sercom/usart/usart.o
 .comment       0x00000000       0x5c src/ASF/sam0/drivers/sercom/usart/usart_interrupt.o
 .comment       0x00000000       0x5c src/ASF/sam0/drivers/system/clock/clock_samc20_c21/clock.o
 .comment       0x00000000       0x5c src/ASF/sam0/drivers/system/clock/clock_samc20_c21/gclk.o
 .comment       0x00000000       0x5c src/ASF/sam0/drivers/system/pinmux/pinmux.o
 .comment       0x00000000       0x5c src/ASF/sam0/drivers/system/system.o
 .comment       0x00000000       0x5c src/ASF/sam0/utils/cmsis/samc21/source/gcc/startup_samc21.o
 .comment       0x00000000       0x5c src/ASF/sam0/utils/stdio/read.o
 .comment       0x00000000       0x5c src/ASF/sam0/utils/stdio/write.o
 .comment       0x00000000       0x5c src/ASF/sam0/utils/syscalls/gcc/syscalls.o

.debug_info     0x00000000    0x2c7f0
 .debug_info    0x00000000     0x3976 src/ASF/sam0/drivers/rtc/rtc_sam_l_c/rtc_calendar.o
 .debug_info    0x00003976     0x2034 src/ASF/sam0/drivers/rtc/rtc_sam_l_c/rtc_calendar_interrupt.o
 .debug_info    0x000059aa     0xa789 src/main.o
 .debug_info    0x00010133     0x26d0 src/ASF/sam0/drivers/tcc/tcc_callback.o
 .debug_info    0x00012803     0x1382 src/ASF/sam0/drivers/events/events_hooks.o
 .debug_info    0x00013b85     0x1d0c src/ASF/sam0/drivers/events/events_sam_l_c/events.o
 .debug_info    0x00015891      0x1ec src/ASF/common/utils/interrupt/interrupt_sam_nvic.o
 .debug_info    0x00015a7d      0x909 src/ASF/sam0/boards/samc21_xplained_pro/board_init.o
 .debug_info    0x00016386     0x4b33 src/ASF/sam0/drivers/can/can.o
 .debug_info    0x0001aeb9      0x904 src/ASF/sam0/drivers/port/port.o
 .debug_info    0x0001b7bd     0x25fc src/ASF/sam0/drivers/sercom/sercom.o
 .debug_info    0x0001ddb9     0x23fe src/ASF/sam0/drivers/sercom/sercom_interrupt.o
 .debug_info    0x000201b7     0x4223 src/ASF/sam0/drivers/sercom/usart/usart.o
 .debug_info    0x000243da     0x27f6 src/ASF/sam0/drivers/sercom/usart/usart_interrupt.o
 .debug_info    0x00026bd0     0x311d src/ASF/sam0/drivers/system/clock/clock_samc20_c21/clock.o
 .debug_info    0x00029ced     0x12ab src/ASF/sam0/drivers/system/clock/clock_samc20_c21/gclk.o
 .debug_info    0x0002af98      0xa60 src/ASF/sam0/drivers/system/pinmux/pinmux.o
 .debug_info    0x0002b9f8      0x17a src/ASF/sam0/drivers/system/system.o
 .debug_info    0x0002bb72      0x4d6 src/ASF/sam0/utils/cmsis/samc21/source/gcc/startup_samc21.o
 .debug_info    0x0002c048      0x1c2 src/ASF/sam0/utils/stdio/read.o
 .debug_info    0x0002c20a      0x1bf src/ASF/sam0/utils/stdio/write.o
 .debug_info    0x0002c3c9      0x427 src/ASF/sam0/utils/syscalls/gcc/syscalls.o

.debug_abbrev   0x00000000     0x3882
 .debug_abbrev  0x00000000      0x415 src/ASF/sam0/drivers/rtc/rtc_sam_l_c/rtc_calendar.o
 .debug_abbrev  0x00000415      0x287 src/ASF/sam0/drivers/rtc/rtc_sam_l_c/rtc_calendar_interrupt.o
 .debug_abbrev  0x0000069c      0x4f4 src/main.o
 .debug_abbrev  0x00000b90      0x2f3 src/ASF/sam0/drivers/tcc/tcc_callback.o
 .debug_abbrev  0x00000e83      0x2ac src/ASF/sam0/drivers/events/events_hooks.o
 .debug_abbrev  0x0000112f      0x418 src/ASF/sam0/drivers/events/events_sam_l_c/events.o
 .debug_abbrev  0x00001547       0xf6 src/ASF/common/utils/interrupt/interrupt_sam_nvic.o
 .debug_abbrev  0x0000163d      0x216 src/ASF/sam0/boards/samc21_xplained_pro/board_init.o
 .debug_abbrev  0x00001853      0x37a src/ASF/sam0/drivers/can/can.o
 .debug_abbrev  0x00001bcd      0x1c5 src/ASF/sam0/drivers/port/port.o
 .debug_abbrev  0x00001d92      0x2fd src/ASF/sam0/drivers/sercom/sercom.o
 .debug_abbrev  0x0000208f      0x22c src/ASF/sam0/drivers/sercom/sercom_interrupt.o
 .debug_abbrev  0x000022bb      0x3c6 src/ASF/sam0/drivers/sercom/usart/usart.o
 .debug_abbrev  0x00002681      0x37b src/ASF/sam0/drivers/sercom/usart/usart_interrupt.o
 .debug_abbrev  0x000029fc      0x372 src/ASF/sam0/drivers/system/clock/clock_samc20_c21/clock.o
 .debug_abbrev  0x00002d6e      0x338 src/ASF/sam0/drivers/system/clock/clock_samc20_c21/gclk.o
 .debug_abbrev  0x000030a6      0x2b9 src/ASF/sam0/drivers/system/pinmux/pinmux.o
 .debug_abbrev  0x0000335f       0xb9 src/ASF/sam0/drivers/system/system.o
 .debug_abbrev  0x00003418      0x12c src/ASF/sam0/utils/cmsis/samc21/source/gcc/startup_samc21.o
 .debug_abbrev  0x00003544      0x108 src/ASF/sam0/utils/stdio/read.o
 .debug_abbrev  0x0000364c       0xf5 src/ASF/sam0/utils/stdio/write.o
 .debug_abbrev  0x00003741      0x141 src/ASF/sam0/utils/syscalls/gcc/syscalls.o

.debug_loc      0x00000000     0x6723
 .debug_loc     0x00000000      0x8fe src/ASF/sam0/drivers/rtc/rtc_sam_l_c/rtc_calendar.o
 .debug_loc     0x000008fe      0x242 src/ASF/sam0/drivers/rtc/rtc_sam_l_c/rtc_calendar_interrupt.o
 .debug_loc     0x00000b40      0xd60 src/main.o
 .debug_loc     0x000018a0      0x245 src/ASF/sam0/drivers/tcc/tcc_callback.o
 .debug_loc     0x00001ae5      0x4a6 src/ASF/sam0/drivers/events/events_hooks.o
 .debug_loc     0x00001f8b      0x4a7 src/ASF/sam0/drivers/events/events_sam_l_c/events.o
 .debug_loc     0x00002432       0x1e src/ASF/common/utils/interrupt/interrupt_sam_nvic.o
 .debug_loc     0x00002450       0x59 src/ASF/sam0/boards/samc21_xplained_pro/board_init.o
 .debug_loc     0x000024a9      0x6de src/ASF/sam0/drivers/can/can.o
 .debug_loc     0x00002b87      0x16d src/ASF/sam0/drivers/port/port.o
 .debug_loc     0x00002cf4      0x982 src/ASF/sam0/drivers/sercom/sercom.o
 .debug_loc     0x00003676      0x16c src/ASF/sam0/drivers/sercom/sercom_interrupt.o
 .debug_loc     0x000037e2      0xd5d src/ASF/sam0/drivers/sercom/usart/usart.o
 .debug_loc     0x0000453f      0x589 src/ASF/sam0/drivers/sercom/usart/usart_interrupt.o
 .debug_loc     0x00004ac8      0xfcb src/ASF/sam0/drivers/system/clock/clock_samc20_c21/clock.o
 .debug_loc     0x00005a93      0x54a src/ASF/sam0/drivers/system/clock/clock_samc20_c21/gclk.o
 .debug_loc     0x00005fdd      0x37a src/ASF/sam0/drivers/system/pinmux/pinmux.o
 .debug_loc     0x00006357       0x20 src/ASF/sam0/drivers/system/system.o
 .debug_loc     0x00006377       0x20 src/ASF/sam0/utils/cmsis/samc21/source/gcc/startup_samc21.o
 .debug_loc     0x00006397      0x11d src/ASF/sam0/utils/stdio/read.o
 .debug_loc     0x000064b4      0x152 src/ASF/sam0/utils/stdio/write.o
 .debug_loc     0x00006606      0x11d src/ASF/sam0/utils/syscalls/gcc/syscalls.o

.debug_aranges  0x00000000      0x6f8
 .debug_aranges
                0x00000000       0x78 src/ASF/sam0/drivers/rtc/rtc_sam_l_c/rtc_calendar.o
 .debug_aranges
                0x00000078       0x40 src/ASF/sam0/drivers/rtc/rtc_sam_l_c/rtc_calendar_interrupt.o
 .debug_aranges
                0x000000b8       0x68 src/main.o
 .debug_aranges
                0x00000120       0x58 src/ASF/sam0/drivers/tcc/tcc_callback.o
 .debug_aranges
                0x00000178       0x58 src/ASF/sam0/drivers/events/events_hooks.o
 .debug_aranges
                0x000001d0       0x80 src/ASF/sam0/drivers/events/events_sam_l_c/events.o
 .debug_aranges
                0x00000250       0x28 src/ASF/common/utils/interrupt/interrupt_sam_nvic.o
 .debug_aranges
                0x00000278       0x20 src/ASF/sam0/boards/samc21_xplained_pro/board_init.o
 .debug_aranges
                0x00000298       0xc0 src/ASF/sam0/drivers/can/can.o
 .debug_aranges
                0x00000358       0x28 src/ASF/sam0/drivers/port/port.o
 .debug_aranges
                0x00000380       0x40 src/ASF/sam0/drivers/sercom/sercom.o
 .debug_aranges
                0x000003c0       0x60 src/ASF/sam0/drivers/sercom/sercom_interrupt.o
 .debug_aranges
                0x00000420       0x40 src/ASF/sam0/drivers/sercom/usart/usart.o
 .debug_aranges
                0x00000460       0x70 src/ASF/sam0/drivers/sercom/usart/usart_interrupt.o
 .debug_aranges
                0x000004d0       0x78 src/ASF/sam0/drivers/system/clock/clock_samc20_c21/clock.o
 .debug_aranges
                0x00000548       0x80 src/ASF/sam0/drivers/system/clock/clock_samc20_c21/gclk.o
 .debug_aranges
                0x000005c8       0x40 src/ASF/sam0/drivers/system/pinmux/pinmux.o
 .debug_aranges
                0x00000608       0x28 src/ASF/sam0/drivers/system/system.o
 .debug_aranges
                0x00000630       0x28 src/ASF/sam0/utils/cmsis/samc21/source/gcc/startup_samc21.o
 .debug_aranges
                0x00000658       0x20 src/ASF/sam0/utils/stdio/read.o
 .debug_aranges
                0x00000678       0x20 src/ASF/sam0/utils/stdio/write.o
 .debug_aranges
                0x00000698       0x60 src/ASF/sam0/utils/syscalls/gcc/syscalls.o

.debug_ranges   0x00000000      0x768
 .debug_ranges  0x00000000       0xa0 src/ASF/sam0/drivers/rtc/rtc_sam_l_c/rtc_calendar.o
 .debug_ranges  0x000000a0       0x30 src/ASF/sam0/drivers/rtc/rtc_sam_l_c/rtc_calendar_interrupt.o
 .debug_ranges  0x000000d0       0x88 src/main.o
 .debug_ranges  0x00000158       0x48 src/ASF/sam0/drivers/tcc/tcc_callback.o
 .debug_ranges  0x000001a0       0x48 src/ASF/sam0/drivers/events/events_hooks.o
 .debug_ranges  0x000001e8       0xb0 src/ASF/sam0/drivers/events/events_sam_l_c/events.o
 .debug_ranges  0x00000298       0x18 src/ASF/common/utils/interrupt/interrupt_sam_nvic.o
 .debug_ranges  0x000002b0       0x10 src/ASF/sam0/boards/samc21_xplained_pro/board_init.o
 .debug_ranges  0x000002c0       0xc8 src/ASF/sam0/drivers/can/can.o
 .debug_ranges  0x00000388       0x18 src/ASF/sam0/drivers/port/port.o
 .debug_ranges  0x000003a0       0x48 src/ASF/sam0/drivers/sercom/sercom.o
 .debug_ranges  0x000003e8       0x50 src/ASF/sam0/drivers/sercom/sercom_interrupt.o
 .debug_ranges  0x00000438      0x128 src/ASF/sam0/drivers/sercom/usart/usart.o
 .debug_ranges  0x00000560       0x60 src/ASF/sam0/drivers/sercom/usart/usart_interrupt.o
 .debug_ranges  0x000005c0       0x68 src/ASF/sam0/drivers/system/clock/clock_samc20_c21/clock.o
 .debug_ranges  0x00000628       0x70 src/ASF/sam0/drivers/system/clock/clock_samc20_c21/gclk.o
 .debug_ranges  0x00000698       0x30 src/ASF/sam0/drivers/system/pinmux/pinmux.o
 .debug_ranges  0x000006c8       0x18 src/ASF/sam0/drivers/system/system.o
 .debug_ranges  0x000006e0       0x18 src/ASF/sam0/utils/cmsis/samc21/source/gcc/startup_samc21.o
 .debug_ranges  0x000006f8       0x10 src/ASF/sam0/utils/stdio/read.o
 .debug_ranges  0x00000708       0x10 src/ASF/sam0/utils/stdio/write.o
 .debug_ranges  0x00000718       0x50 src/ASF/sam0/utils/syscalls/gcc/syscalls.o

.debug_macro    0x00000000    0x20857
 .debug_macro   0x00000000      0x5a4 src/ASF/sam0/drivers/rtc/rtc_sam_l_c/rtc_calendar.o
 .debug_macro   0x000005a4      0x85c src/ASF/sam0/drivers/rtc/rtc_sam_l_c/rtc_calendar.o
 .debug_macro   0x00000e00      0x166 src/ASF/sam0/drivers/rtc/rtc_sam_l_c/rtc_calendar.o
 .debug_macro   0x00000f66      0x644 src/ASF/sam0/drivers/rtc/rtc_sam_l_c/rtc_calendar.o
 .debug_macro   0x000015aa       0x22 src/ASF/sam0/drivers/rtc/rtc_sam_l_c/rtc_calendar.o
 .debug_macro   0x000015cc       0x44 src/ASF/sam0/drivers/rtc/rtc_sam_l_c/rtc_calendar.o
 .debug_macro   0x00001610       0x58 src/ASF/sam0/drivers/rtc/rtc_sam_l_c/rtc_calendar.o
 .debug_macro   0x00001668       0x22 src/ASF/sam0/drivers/rtc/rtc_sam_l_c/rtc_calendar.o
 .debug_macro   0x0000168a      0x1df src/ASF/sam0/drivers/rtc/rtc_sam_l_c/rtc_calendar.o
 .debug_macro   0x00001869       0x10 src/ASF/sam0/drivers/rtc/rtc_sam_l_c/rtc_calendar.o
 .debug_macro   0x00001879       0x76 src/ASF/sam0/drivers/rtc/rtc_sam_l_c/rtc_calendar.o
 .debug_macro   0x000018ef       0x16 src/ASF/sam0/drivers/rtc/rtc_sam_l_c/rtc_calendar.o
 .debug_macro   0x00001905      0x6e5 src/ASF/sam0/drivers/rtc/rtc_sam_l_c/rtc_calendar.o
 .debug_macro   0x00001fea      0xde2 src/ASF/sam0/drivers/rtc/rtc_sam_l_c/rtc_calendar.o
 .debug_macro   0x00002dcc       0x22 src/ASF/sam0/drivers/rtc/rtc_sam_l_c/rtc_calendar.o
 .debug_macro   0x00002dee       0x40 src/ASF/sam0/drivers/rtc/rtc_sam_l_c/rtc_calendar.o
 .debug_macro   0x00002e2e       0x3a src/ASF/sam0/drivers/rtc/rtc_sam_l_c/rtc_calendar.o
 .debug_macro   0x00002e68       0x1f src/ASF/sam0/drivers/rtc/rtc_sam_l_c/rtc_calendar.o
 .debug_macro   0x00002e87      0x376 src/ASF/sam0/drivers/rtc/rtc_sam_l_c/rtc_calendar.o
 .debug_macro   0x000031fd      0x897 src/ASF/sam0/drivers/rtc/rtc_sam_l_c/rtc_calendar.o
 .debug_macro   0x00003a94      0x8c8 src/ASF/sam0/drivers/rtc/rtc_sam_l_c/rtc_calendar.o
 .debug_macro   0x0000435c     0x2d61 src/ASF/sam0/drivers/rtc/rtc_sam_l_c/rtc_calendar.o
 .debug_macro   0x000070bd      0x226 src/ASF/sam0/drivers/rtc/rtc_sam_l_c/rtc_calendar.o
 .debug_macro   0x000072e3      0x289 src/ASF/sam0/drivers/rtc/rtc_sam_l_c/rtc_calendar.o
 .debug_macro   0x0000756c      0x13b src/ASF/sam0/drivers/rtc/rtc_sam_l_c/rtc_calendar.o
 .debug_macro   0x000076a7      0xc44 src/ASF/sam0/drivers/rtc/rtc_sam_l_c/rtc_calendar.o
 .debug_macro   0x000082eb      0x5f0 src/ASF/sam0/drivers/rtc/rtc_sam_l_c/rtc_calendar.o
 .debug_macro   0x000088db      0x5c3 src/ASF/sam0/drivers/rtc/rtc_sam_l_c/rtc_calendar.o
 .debug_macro   0x00008e9e      0x832 src/ASF/sam0/drivers/rtc/rtc_sam_l_c/rtc_calendar.o
 .debug_macro   0x000096d0      0x175 src/ASF/sam0/drivers/rtc/rtc_sam_l_c/rtc_calendar.o
 .debug_macro   0x00009845      0x289 src/ASF/sam0/drivers/rtc/rtc_sam_l_c/rtc_calendar.o
 .debug_macro   0x00009ace      0x55f src/ASF/sam0/drivers/rtc/rtc_sam_l_c/rtc_calendar.o
 .debug_macro   0x0000a02d      0x43d src/ASF/sam0/drivers/rtc/rtc_sam_l_c/rtc_calendar.o
 .debug_macro   0x0000a46a      0x225 src/ASF/sam0/drivers/rtc/rtc_sam_l_c/rtc_calendar.o
 .debug_macro   0x0000a68f      0x7aa src/ASF/sam0/drivers/rtc/rtc_sam_l_c/rtc_calendar.o
 .debug_macro   0x0000ae39      0x55a src/ASF/sam0/drivers/rtc/rtc_sam_l_c/rtc_calendar.o
 .debug_macro   0x0000b393      0x335 src/ASF/sam0/drivers/rtc/rtc_sam_l_c/rtc_calendar.o
 .debug_macro   0x0000b6c8      0x6ae src/ASF/sam0/drivers/rtc/rtc_sam_l_c/rtc_calendar.o
 .debug_macro   0x0000bd76       0xc4 src/ASF/sam0/drivers/rtc/rtc_sam_l_c/rtc_calendar.o
 .debug_macro   0x0000be3a      0x34c src/ASF/sam0/drivers/rtc/rtc_sam_l_c/rtc_calendar.o
 .debug_macro   0x0000c186       0x6a src/ASF/sam0/drivers/rtc/rtc_sam_l_c/rtc_calendar.o
 .debug_macro   0x0000c1f0     0x1216 src/ASF/sam0/drivers/rtc/rtc_sam_l_c/rtc_calendar.o
 .debug_macro   0x0000d406      0x5af src/ASF/sam0/drivers/rtc/rtc_sam_l_c/rtc_calendar.o
 .debug_macro   0x0000d9b5      0xfc5 src/ASF/sam0/drivers/rtc/rtc_sam_l_c/rtc_calendar.o
 .debug_macro   0x0000e97a      0x5a1 src/ASF/sam0/drivers/rtc/rtc_sam_l_c/rtc_calendar.o
 .debug_macro   0x0000ef1b      0x3c5 src/ASF/sam0/drivers/rtc/rtc_sam_l_c/rtc_calendar.o
 .debug_macro   0x0000f2e0      0x8bc src/ASF/sam0/drivers/rtc/rtc_sam_l_c/rtc_calendar.o
 .debug_macro   0x0000fb9c     0x19cc src/ASF/sam0/drivers/rtc/rtc_sam_l_c/rtc_calendar.o
 .debug_macro   0x00011568      0x3a3 src/ASF/sam0/drivers/rtc/rtc_sam_l_c/rtc_calendar.o
 .debug_macro   0x0001190b      0x378 src/ASF/sam0/drivers/rtc/rtc_sam_l_c/rtc_calendar.o
 .debug_macro   0x00011c83       0x94 src/ASF/sam0/drivers/rtc/rtc_sam_l_c/rtc_calendar.o
 .debug_macro   0x00011d17       0xac src/ASF/sam0/drivers/rtc/rtc_sam_l_c/rtc_calendar.o
 .debug_macro   0x00011dc3       0xac src/ASF/sam0/drivers/rtc/rtc_sam_l_c/rtc_calendar.o
 .debug_macro   0x00011e6f      0x157 src/ASF/sam0/drivers/rtc/rtc_sam_l_c/rtc_calendar.o
 .debug_macro   0x00011fc6      0x157 src/ASF/sam0/drivers/rtc/rtc_sam_l_c/rtc_calendar.o
 .debug_macro   0x0001211d       0x4c src/ASF/sam0/drivers/rtc/rtc_sam_l_c/rtc_calendar.o
 .debug_macro   0x00012169       0x58 src/ASF/sam0/drivers/rtc/rtc_sam_l_c/rtc_calendar.o
 .debug_macro   0x000121c1       0x3a src/ASF/sam0/drivers/rtc/rtc_sam_l_c/rtc_calendar.o
 .debug_macro   0x000121fb       0xd0 src/ASF/sam0/drivers/rtc/rtc_sam_l_c/rtc_calendar.o
 .debug_macro   0x000122cb       0xb8 src/ASF/sam0/drivers/rtc/rtc_sam_l_c/rtc_calendar.o
 .debug_macro   0x00012383       0x64 src/ASF/sam0/drivers/rtc/rtc_sam_l_c/rtc_calendar.o
 .debug_macro   0x000123e7      0x608 src/ASF/sam0/drivers/rtc/rtc_sam_l_c/rtc_calendar.o
 .debug_macro   0x000129ef       0x46 src/ASF/sam0/drivers/rtc/rtc_sam_l_c/rtc_calendar.o
 .debug_macro   0x00012a35      0x1cc src/ASF/sam0/drivers/rtc/rtc_sam_l_c/rtc_calendar.o
 .debug_macro   0x00012c01      0x192 src/ASF/sam0/drivers/rtc/rtc_sam_l_c/rtc_calendar.o
 .debug_macro   0x00012d93       0x52 src/ASF/sam0/drivers/rtc/rtc_sam_l_c/rtc_calendar.o
 .debug_macro   0x00012de5       0xa0 src/ASF/sam0/drivers/rtc/rtc_sam_l_c/rtc_calendar.o
 .debug_macro   0x00012e85       0xdc src/ASF/sam0/drivers/rtc/rtc_sam_l_c/rtc_calendar.o
 .debug_macro   0x00012f61       0x8e src/ASF/sam0/drivers/rtc/rtc_sam_l_c/rtc_calendar.o
 .debug_macro   0x00012fef       0x4c src/ASF/sam0/drivers/rtc/rtc_sam_l_c/rtc_calendar.o
 .debug_macro   0x0001303b       0x64 src/ASF/sam0/drivers/rtc/rtc_sam_l_c/rtc_calendar.o
 .debug_macro   0x0001309f       0x22 src/ASF/sam0/drivers/rtc/rtc_sam_l_c/rtc_calendar.o
 .debug_macro   0x000130c1      0x178 src/ASF/sam0/drivers/rtc/rtc_sam_l_c/rtc_calendar.o
 .debug_macro   0x00013239       0x16 src/ASF/sam0/drivers/rtc/rtc_sam_l_c/rtc_calendar.o
 .debug_macro   0x0001324f       0xd6 src/ASF/sam0/drivers/rtc/rtc_sam_l_c/rtc_calendar.o
 .debug_macro   0x00013325       0xa0 src/ASF/sam0/drivers/rtc/rtc_sam_l_c/rtc_calendar.o
 .debug_macro   0x000133c5      0x13e src/ASF/sam0/drivers/rtc/rtc_sam_l_c/rtc_calendar.o
 .debug_macro   0x00013503      0x13e src/ASF/sam0/drivers/rtc/rtc_sam_l_c/rtc_calendar.o
 .debug_macro   0x00013641      0x13e src/ASF/sam0/drivers/rtc/rtc_sam_l_c/rtc_calendar.o
 .debug_macro   0x0001377f      0x13e src/ASF/sam0/drivers/rtc/rtc_sam_l_c/rtc_calendar.o
 .debug_macro   0x000138bd      0x13e src/ASF/sam0/drivers/rtc/rtc_sam_l_c/rtc_calendar.o
 .debug_macro   0x000139fb      0x13e src/ASF/sam0/drivers/rtc/rtc_sam_l_c/rtc_calendar.o
 .debug_macro   0x00013b39       0x4c src/ASF/sam0/drivers/rtc/rtc_sam_l_c/rtc_calendar.o
 .debug_macro   0x00013b85      0x176 src/ASF/sam0/drivers/rtc/rtc_sam_l_c/rtc_calendar.o
 .debug_macro   0x00013cfb       0xfa src/ASF/sam0/drivers/rtc/rtc_sam_l_c/rtc_calendar.o
 .debug_macro   0x00013df5       0xfa src/ASF/sam0/drivers/rtc/rtc_sam_l_c/rtc_calendar.o
 .debug_macro   0x00013eef       0xfa src/ASF/sam0/drivers/rtc/rtc_sam_l_c/rtc_calendar.o
 .debug_macro   0x00013fe9       0xfa src/ASF/sam0/drivers/rtc/rtc_sam_l_c/rtc_calendar.o
 .debug_macro   0x000140e3       0xfa src/ASF/sam0/drivers/rtc/rtc_sam_l_c/rtc_calendar.o
 .debug_macro   0x000141dd      0x124 src/ASF/sam0/drivers/rtc/rtc_sam_l_c/rtc_calendar.o
 .debug_macro   0x00014301       0xfa src/ASF/sam0/drivers/rtc/rtc_sam_l_c/rtc_calendar.o
 .debug_macro   0x000143fb       0xee src/ASF/sam0/drivers/rtc/rtc_sam_l_c/rtc_calendar.o
 .debug_macro   0x000144e9       0x76 src/ASF/sam0/drivers/rtc/rtc_sam_l_c/rtc_calendar.o
 .debug_macro   0x0001455f       0x3a src/ASF/sam0/drivers/rtc/rtc_sam_l_c/rtc_calendar.o
 .debug_macro   0x00014599      0x487 src/ASF/sam0/drivers/rtc/rtc_sam_l_c/rtc_calendar.o
 .debug_macro   0x00014a20     0x268d src/ASF/sam0/drivers/rtc/rtc_sam_l_c/rtc_calendar.o
 .debug_macro   0x000170ad       0x82 src/ASF/sam0/drivers/rtc/rtc_sam_l_c/rtc_calendar.o
 .debug_macro   0x0001712f       0x58 src/ASF/sam0/drivers/rtc/rtc_sam_l_c/rtc_calendar.o
 .debug_macro   0x00017187       0x35 src/ASF/sam0/drivers/rtc/rtc_sam_l_c/rtc_calendar.o
 .debug_macro   0x000171bc       0x9c src/ASF/sam0/drivers/rtc/rtc_sam_l_c/rtc_calendar.o
 .debug_macro   0x00017258       0x16 src/ASF/sam0/drivers/rtc/rtc_sam_l_c/rtc_calendar.o
 .debug_macro   0x0001726e       0x35 src/ASF/sam0/drivers/rtc/rtc_sam_l_c/rtc_calendar.o
 .debug_macro   0x000172a3      0x29d src/ASF/sam0/drivers/rtc/rtc_sam_l_c/rtc_calendar.o
 .debug_macro   0x00017540       0x10 src/ASF/sam0/drivers/rtc/rtc_sam_l_c/rtc_calendar.o
 .debug_macro   0x00017550       0x52 src/ASF/sam0/drivers/rtc/rtc_sam_l_c/rtc_calendar.o
 .debug_macro   0x000175a2       0x16 src/ASF/sam0/drivers/rtc/rtc_sam_l_c/rtc_calendar.o
 .debug_macro   0x000175b8       0x43 src/ASF/sam0/drivers/rtc/rtc_sam_l_c/rtc_calendar.o
 .debug_macro   0x000175fb      0x180 src/ASF/sam0/drivers/rtc/rtc_sam_l_c/rtc_calendar.o
 .debug_macro   0x0001777b       0x10 src/ASF/sam0/drivers/rtc/rtc_sam_l_c/rtc_calendar.o
 .debug_macro   0x0001778b       0x22 src/ASF/sam0/drivers/rtc/rtc_sam_l_c/rtc_calendar.o
 .debug_macro   0x000177ad       0xbe src/ASF/sam0/drivers/rtc/rtc_sam_l_c/rtc_calendar.o
 .debug_macro   0x0001786b       0x16 src/ASF/sam0/drivers/rtc/rtc_sam_l_c/rtc_calendar.o
 .debug_macro   0x00017881      0x197 src/ASF/sam0/drivers/rtc/rtc_sam_l_c/rtc_calendar.o
 .debug_macro   0x00017a18       0x16 src/ASF/sam0/drivers/rtc/rtc_sam_l_c/rtc_calendar.o
 .debug_macro   0x00017a2e       0x16 src/ASF/sam0/drivers/rtc/rtc_sam_l_c/rtc_calendar.o
 .debug_macro   0x00017a44       0x29 src/ASF/sam0/drivers/rtc/rtc_sam_l_c/rtc_calendar.o
 .debug_macro   0x00017a6d       0x51 src/ASF/sam0/drivers/rtc/rtc_sam_l_c/rtc_calendar.o
 .debug_macro   0x00017abe       0x3f src/ASF/sam0/drivers/rtc/rtc_sam_l_c/rtc_calendar.o
 .debug_macro   0x00017afd      0x3df src/ASF/sam0/drivers/rtc/rtc_sam_l_c/rtc_calendar.o
 .debug_macro   0x00017edc      0x268 src/ASF/sam0/drivers/rtc/rtc_sam_l_c/rtc_calendar.o
 .debug_macro   0x00018144       0x2e src/ASF/sam0/drivers/rtc/rtc_sam_l_c/rtc_calendar.o
 .debug_macro   0x00018172       0x20 src/ASF/sam0/drivers/rtc/rtc_sam_l_c/rtc_calendar.o
 .debug_macro   0x00018192       0x10 src/ASF/sam0/drivers/rtc/rtc_sam_l_c/rtc_calendar.o
 .debug_macro   0x000181a2      0x5a5 src/ASF/sam0/drivers/rtc/rtc_sam_l_c/rtc_calendar_interrupt.o
 .debug_macro   0x00018747      0x741 src/main.o
 .debug_macro   0x00018e88       0x18 src/main.o
 .debug_macro   0x00018ea0       0xa0 src/main.o
 .debug_macro   0x00018f40      0x36c src/main.o
 .debug_macro   0x000192ac       0x27 src/main.o
 .debug_macro   0x000192d3      0x2aa src/main.o
 .debug_macro   0x0001957d      0x7e9 src/main.o
 .debug_macro   0x00019d66       0x1f src/main.o
 .debug_macro   0x00019d85       0xb2 src/main.o
 .debug_macro   0x00019e37       0x10 src/main.o
 .debug_macro   0x00019e47       0x65 src/main.o
 .debug_macro   0x00019eac       0x8f src/main.o
 .debug_macro   0x00019f3b       0x16 src/main.o
 .debug_macro   0x00019f51       0x16 src/main.o
 .debug_macro   0x00019f67      0x5c5 src/ASF/sam0/drivers/tcc/tcc_callback.o
 .debug_macro   0x0001a52c      0x59a src/ASF/sam0/drivers/events/events_hooks.o
 .debug_macro   0x0001aac6      0x5cc src/ASF/sam0/drivers/events/events_sam_l_c/events.o
 .debug_macro   0x0001b092      0x54a src/ASF/common/utils/interrupt/interrupt_sam_nvic.o
 .debug_macro   0x0001b5dc      0x586 src/ASF/sam0/boards/samc21_xplained_pro/board_init.o
 .debug_macro   0x0001bb62       0x19 src/ASF/sam0/boards/samc21_xplained_pro/board_init.o
 .debug_macro   0x0001bb7b      0x5c1 src/ASF/sam0/drivers/can/can.o
 .debug_macro   0x0001c13c      0x564 src/ASF/sam0/drivers/port/port.o
 .debug_macro   0x0001c6a0      0x5dc src/ASF/sam0/drivers/sercom/sercom.o
 .debug_macro   0x0001cc7c      0x5da src/ASF/sam0/drivers/sercom/sercom_interrupt.o
 .debug_macro   0x0001d256      0x5f0 src/ASF/sam0/drivers/sercom/usart/usart.o
 .debug_macro   0x0001d846       0x5f src/ASF/sam0/drivers/sercom/usart/usart.o
 .debug_macro   0x0001d8a5      0x5f0 src/ASF/sam0/drivers/sercom/usart/usart_interrupt.o
 .debug_macro   0x0001de95      0x5b2 src/ASF/sam0/drivers/system/clock/clock_samc20_c21/clock.o
 .debug_macro   0x0001e447      0x581 src/ASF/sam0/drivers/system/clock/clock_samc20_c21/gclk.o
 .debug_macro   0x0001e9c8      0x55a src/ASF/sam0/drivers/system/pinmux/pinmux.o
 .debug_macro   0x0001ef22       0x12 src/ASF/sam0/drivers/system/pinmux/pinmux.o
 .debug_macro   0x0001ef34      0x58f src/ASF/sam0/drivers/system/system.o
 .debug_macro   0x0001f4c3      0x39e src/ASF/sam0/utils/cmsis/samc21/source/gcc/startup_samc21.o
 .debug_macro   0x0001f861       0x3a src/ASF/sam0/utils/cmsis/samc21/source/gcc/startup_samc21.o
 .debug_macro   0x0001f89b      0x54a src/ASF/sam0/utils/stdio/read.o
 .debug_macro   0x0001fde5      0x54a src/ASF/sam0/utils/stdio/write.o
 .debug_macro   0x0002032f      0x169 src/ASF/sam0/utils/syscalls/gcc/syscalls.o
 .debug_macro   0x00020498       0x4a src/ASF/sam0/utils/syscalls/gcc/syscalls.o
 .debug_macro   0x000204e2       0x97 src/ASF/sam0/utils/syscalls/gcc/syscalls.o
 .debug_macro   0x00020579       0xef src/ASF/sam0/utils/syscalls/gcc/syscalls.o
 .debug_macro   0x00020668       0x52 src/ASF/sam0/utils/syscalls/gcc/syscalls.o
 .debug_macro   0x000206ba       0x16 src/ASF/sam0/utils/syscalls/gcc/syscalls.o
 .debug_macro   0x000206d0       0x10 src/ASF/sam0/utils/syscalls/gcc/syscalls.o
 .debug_macro   0x000206e0       0x10 src/ASF/sam0/utils/syscalls/gcc/syscalls.o
 .debug_macro   0x000206f0       0x10 src/ASF/sam0/utils/syscalls/gcc/syscalls.o
 .debug_macro   0x00020700       0x35 src/ASF/sam0/utils/syscalls/gcc/syscalls.o
 .debug_macro   0x00020735      0x122 src/ASF/sam0/utils/syscalls/gcc/syscalls.o

.debug_line     0x00000000     0xe9e3
 .debug_line    0x00000000      0xc6c src/ASF/sam0/drivers/rtc/rtc_sam_l_c/rtc_calendar.o
 .debug_line    0x00000c6c      0xac2 src/ASF/sam0/drivers/rtc/rtc_sam_l_c/rtc_calendar_interrupt.o
 .debug_line    0x0000172e     0x112f src/main.o
 .debug_line    0x0000285d      0xab8 src/ASF/sam0/drivers/tcc/tcc_callback.o
 .debug_line    0x00003315      0xa52 src/ASF/sam0/drivers/events/events_hooks.o
 .debug_line    0x00003d67      0xc72 src/ASF/sam0/drivers/events/events_sam_l_c/events.o
 .debug_line    0x000049d9      0x8d3 src/ASF/common/utils/interrupt/interrupt_sam_nvic.o
 .debug_line    0x000052ac      0x978 src/ASF/sam0/boards/samc21_xplained_pro/board_init.o
 .debug_line    0x00005c24      0xcaf src/ASF/sam0/drivers/can/can.o
 .debug_line    0x000068d3      0x8ff src/ASF/sam0/drivers/port/port.o
 .debug_line    0x000071d2      0xbc9 src/ASF/sam0/drivers/sercom/sercom.o
 .debug_line    0x00007d9b      0xb71 src/ASF/sam0/drivers/sercom/sercom_interrupt.o
 .debug_line    0x0000890c      0xd1b src/ASF/sam0/drivers/sercom/usart/usart.o
 .debug_line    0x00009627      0xc90 src/ASF/sam0/drivers/sercom/usart/usart_interrupt.o
 .debug_line    0x0000a2b7      0xc87 src/ASF/sam0/drivers/system/clock/clock_samc20_c21/clock.o
 .debug_line    0x0000af3e      0xc07 src/ASF/sam0/drivers/system/clock/clock_samc20_c21/gclk.o
 .debug_line    0x0000bb45      0x945 src/ASF/sam0/drivers/system/pinmux/pinmux.o
 .debug_line    0x0000c48a      0x9e7 src/ASF/sam0/drivers/system/system.o
 .debug_line    0x0000ce71      0x6c7 src/ASF/sam0/utils/cmsis/samc21/source/gcc/startup_samc21.o
 .debug_line    0x0000d538      0x8b5 src/ASF/sam0/utils/stdio/read.o
 .debug_line    0x0000dded      0x8a6 src/ASF/sam0/utils/stdio/write.o
 .debug_line    0x0000e693      0x350 src/ASF/sam0/utils/syscalls/gcc/syscalls.o

.debug_str      0x00000000    0xa3c36
 .debug_str     0x00000000    0x95c9a src/ASF/sam0/drivers/rtc/rtc_sam_l_c/rtc_calendar.o
                              0x968a7 (size before relaxing)
 .debug_str     0x00095c9a      0x113 src/ASF/sam0/drivers/rtc/rtc_sam_l_c/rtc_calendar_interrupt.o
                              0x9592a (size before relaxing)
 .debug_str     0x00095dad     0x96a0 src/main.o
                              0x9fac4 (size before relaxing)
 .debug_str     0x0009f44d      0x7bf src/ASF/sam0/drivers/tcc/tcc_callback.o
                              0x956e0 (size before relaxing)
 .debug_str     0x0009fc0c      0x48a src/ASF/sam0/drivers/events/events_hooks.o
                              0x94ba1 (size before relaxing)
 .debug_str     0x000a0096      0x270 src/ASF/sam0/drivers/events/events_sam_l_c/events.o
                              0x94e81 (size before relaxing)
 .debug_str     0x000a0306       0x81 src/ASF/common/utils/interrupt/interrupt_sam_nvic.o
                              0x93d02 (size before relaxing)
 .debug_str     0x000a0387      0x12c src/ASF/sam0/boards/samc21_xplained_pro/board_init.o
                              0x96f86 (size before relaxing)
 .debug_str     0x000a04b3      0x3ca src/ASF/sam0/drivers/can/can.o
                              0x97d43 (size before relaxing)
 .debug_str     0x000a087d       0x53 src/ASF/sam0/drivers/port/port.o
                              0x9416a (size before relaxing)
 .debug_str     0x000a08d0      0x39e src/ASF/sam0/drivers/sercom/sercom.o
                              0x95423 (size before relaxing)
 .debug_str     0x000a0c6e      0x19b src/ASF/sam0/drivers/sercom/sercom_interrupt.o
                              0x9532c (size before relaxing)
 .debug_str     0x000a0e09      0x3f6 src/ASF/sam0/drivers/sercom/usart/usart.o
                              0x96389 (size before relaxing)
 .debug_str     0x000a11ff      0x16b src/ASF/sam0/drivers/sercom/usart/usart_interrupt.o
                              0x953e1 (size before relaxing)
 .debug_str     0x000a136a     0x1847 src/ASF/sam0/drivers/system/clock/clock_samc20_c21/clock.o
                              0x96f98 (size before relaxing)
 .debug_str     0x000a2bb1      0x23a src/ASF/sam0/drivers/system/clock/clock_samc20_c21/gclk.o
                              0x94872 (size before relaxing)
 .debug_str     0x000a2deb      0x1b5 src/ASF/sam0/drivers/system/pinmux/pinmux.o
                              0x94202 (size before relaxing)
 .debug_str     0x000a2fa0       0x47 src/ASF/sam0/drivers/system/system.o
                              0x93d92 (size before relaxing)
 .debug_str     0x000a2fe7      0x3d2 src/ASF/sam0/utils/cmsis/samc21/source/gcc/startup_samc21.o
                              0x7faea (size before relaxing)
 .debug_str     0x000a33b9       0x2a src/ASF/sam0/utils/stdio/read.o
                              0x93caf (size before relaxing)
 .debug_str     0x000a33e3       0x24 src/ASF/sam0/utils/stdio/write.o
                              0x93cb1 (size before relaxing)
 .debug_str     0x000a3407      0x82f src/ASF/sam0/utils/syscalls/gcc/syscalls.o
                               0x600f (size before relaxing)

.debug_frame    0x00000000     0x1b20
 .debug_frame   0x00000000      0x148 src/ASF/sam0/drivers/rtc/rtc_sam_l_c/rtc_calendar.o
 .debug_frame   0x00000148       0x8c src/ASF/sam0/drivers/rtc/rtc_sam_l_c/rtc_calendar_interrupt.o
 .debug_frame   0x000001d4      0x138 src/main.o
 .debug_frame   0x0000030c       0xd4 src/ASF/sam0/drivers/tcc/tcc_callback.o
 .debug_frame   0x000003e0       0xb8 src/ASF/sam0/drivers/events/events_hooks.o
 .debug_frame   0x00000498      0x100 src/ASF/sam0/drivers/events/events_sam_l_c/events.o
 .debug_frame   0x00000598       0x30 src/ASF/common/utils/interrupt/interrupt_sam_nvic.o
 .debug_frame   0x000005c8       0x30 src/ASF/sam0/boards/samc21_xplained_pro/board_init.o
 .debug_frame   0x000005f8      0x1b0 src/ASF/sam0/drivers/can/can.o
 .debug_frame   0x000007a8       0x44 src/ASF/sam0/drivers/port/port.o
 .debug_frame   0x000007ec       0x9c src/ASF/sam0/drivers/sercom/sercom.o
 .debug_frame   0x00000888       0xec src/ASF/sam0/drivers/sercom/sercom_interrupt.o
 .debug_frame   0x00000974       0xbc src/ASF/sam0/drivers/sercom/usart/usart.o
 .debug_frame   0x00000a30      0x110 src/ASF/sam0/drivers/sercom/usart/usart_interrupt.o
 .debug_frame   0x00000b40      0x164 src/ASF/sam0/drivers/system/clock/clock_samc20_c21/clock.o
 .debug_frame   0x00000ca4      0x150 src/ASF/sam0/drivers/system/clock/clock_samc20_c21/gclk.o
 .debug_frame   0x00000df4       0x98 src/ASF/sam0/drivers/system/pinmux/pinmux.o
 .debug_frame   0x00000e8c       0x38 src/ASF/sam0/drivers/system/system.o
 .debug_frame   0x00000ec4       0x38 src/ASF/sam0/utils/cmsis/samc21/source/gcc/startup_samc21.o
 .debug_frame   0x00000efc       0x34 src/ASF/sam0/utils/stdio/read.o